../drivers/fsl_common_arm.h:210:20:_SDK_AtomicLocalClearAndSet4Byte	48	static
../drivers/fsl_clock.h:1497:20:CLOCK_ControlGate	32	static
../drivers/fsl_clock.h:1514:20:CLOCK_EnableClock	16	static
../drivers/fsl_clock.h:1524:20:CLOCK_DisableClock	16	static
../drivers/fsl_semc.h:858:24:SEMC_BuildNandIPCommand	16	static
../drivers/fsl_semc.c:119:17:SEMC_GetInstance	24	static
../drivers/fsl_semc.c:137:17:SEMC_CovertMemorySize	24	static
../drivers/fsl_semc.c:161:16:SEMC_ConvertTiming	24	static
../drivers/fsl_semc.c:180:17:SEMC_ConfigureIPCommand	24	static
../drivers/fsl_semc.c:217:17:SEMC_IsIPCommandDone	24	static
../drivers/fsl_semc.c:253:6:SEMC_GetDefaultConfig	24	static
../drivers/fsl_semc.c:289:6:SEMC_Init	24	static
../drivers/fsl_semc.c:350:6:SEMC_Deinit	16	static
../drivers/fsl_semc.c:377:10:SEMC_ConfigureSDRAM	72	static
../drivers/fsl_semc.c:513:10:SEMC_ConfigureNAND	40	static
../drivers/fsl_semc.c:610:10:SEMC_ConfigureNOR	48	static
../drivers/fsl_semc.c:754:10:SEMC_ConfigureSRAM	24	static
../drivers/fsl_semc.c:767:10:SEMC_ConfigureSRAMWithChipSelection	56	static
../drivers/fsl_semc.c:1061:10:SEMC_ConfigureDBI	48	static
../drivers/fsl_semc.c:1130:10:SEMC_SendIPCommand	40	static
../drivers/fsl_semc.c:1203:10:SEMC_IPCommandNandWrite	48	static
../drivers/fsl_semc.c:1252:10:SEMC_IPCommandNandRead	48	static
../drivers/fsl_semc.c:1300:10:SEMC_IPCommandNorRead	48	static
../drivers/fsl_semc.c:1347:10:SEMC_IPCommandNorWrite	48	static
