D:\Personal projects\Drum project\Desarrollo\RT1064\code\MIMXRT1064_Project_UART\drivers/fsl_usdhc.h:1038:24:USDHC_GetPresentStatusFlags	16	static
D:\Personal projects\Drum project\Desarrollo\RT1064\code\MIMXRT1064_Project_UART\drivers/fsl_usdhc.h:1064:20:USDHC_ForceClockOn	16	static
D:\Personal projects\Drum project\Desarrollo\RT1064\code\MIMXRT1064_Project_UART\sdmmc\host/fsl_sdmmc_host.h:230:20:SDMMCHOST_SendCardActive	16	static
D:\Personal projects\Drum project\Desarrollo\RT1064\code\MIMXRT1064_Project_UART\sdmmc\host/fsl_sdmmc_host.h:241:24:SDMMCHOST_SetCardClock	16	static
D:\Personal projects\Drum project\Desarrollo\RT1064\code\MIMXRT1064_Project_UART\sdmmc\host/fsl_sdmmc_host.h:251:20:SDMMCHOST_IsCardBusy	16	static
D:\Personal projects\Drum project\Desarrollo\RT1064\code\MIMXRT1064_Project_UART\sdmmc\host/fsl_sdmmc_host.h:264:24:SDMMCHOST_GetSignalLineStatus	16	static
D:\Personal projects\Drum project\Desarrollo\RT1064\code\MIMXRT1064_Project_UART\sdmmc\host/fsl_sdmmc_host.h:295:20:SDMMCHOST_EnableDDRMode	24	static
D:\Personal projects\Drum project\Desarrollo\RT1064\code\MIMXRT1064_Project_UART\sdmmc\host/fsl_sdmmc_host.h:377:20:SDMMCHOST_ForceClockOn	16	static
../sdmmc/src/fsl_sd.c:334:17:SD_SendApplicationCmd	16	static
../sdmmc/src/fsl_sd.c:341:17:SD_GoIdle	16	static
../sdmmc/src/fsl_sd.c:348:17:SD_SetBlockSize	16	static
../sdmmc/src/fsl_sd.c:355:17:SD_ExecuteTuning	16	static
../sdmmc/src/fsl_sd.c:363:17:SD_SwitchIOVoltage	16	static
../sdmmc/src/fsl_sd.c:385:17:SD_SwitchVoltage	64	static
../sdmmc/src/fsl_sd.c:457:17:SD_StopTransmission	64	static
../sdmmc/src/fsl_sd.c:483:17:SD_Transfer	32	static
../sdmmc/src/fsl_sd.c:547:17:SD_SendCardStatus	72	static
../sdmmc/src/fsl_sd.c:589:10:SD_PollingCardStatusBusy	32	static
../sdmmc/src/fsl_sd.c:620:17:SD_SendWriteSuccessBlocks	96	static
../sdmmc/src/fsl_sd.c:666:17:SD_SendRca	64	static
../sdmmc/src/fsl_sd.c:694:17:SD_SwitchFunction	96	static
../sdmmc/src/fsl_sd.c:725:13:SD_DecodeScr	24	static
../sdmmc/src/fsl_sd.c:786:17:SD_SendScr	88	static
../sdmmc/src/fsl_sd.c:829:17:SD_SelectFunction	56	static
../sdmmc/src/fsl_sd.c:907:17:SD_SetDataBusWidth	64	static
../sdmmc/src/fsl_sd.c:947:13:SD_DecodeCsd	24	static
../sdmmc/src/fsl_sd.c:1050:17:SD_SendCsd	64	static
../sdmmc/src/fsl_sd.c:1081:13:SD_DecodeCid	24	static
../sdmmc/src/fsl_sd.c:1106:17:SD_AllSendCid	64	static
../sdmmc/src/fsl_sd.c:1132:17:SD_ApplicationSendOperationCondition	72	static
../sdmmc/src/fsl_sd.c:1187:17:SD_SendInterfaceCondition	72	static
../sdmmc/src/fsl_sd.c:1226:17:SD_SelectBusTiming	24	static
../sdmmc/src/fsl_sd.c:1353:13:SD_DecodeStatus	16	static
../sdmmc/src/fsl_sd.c:1372:10:SD_ReadStatus	88	static
../sdmmc/src/fsl_sd.c:1419:10:SD_SelectCard	16	static
../sdmmc/src/fsl_sd.c:1426:10:SD_SetDriverStrength	24	static
../sdmmc/src/fsl_sd.c:1438:10:SD_SetMaxCurrent	24	static
../sdmmc/src/fsl_sd.c:1450:17:SD_Read	96	static
../sdmmc/src/fsl_sd.c:1502:17:SD_Write	96	static
../sdmmc/src/fsl_sd.c:1572:17:SD_Erase	80	static
../sdmmc/src/fsl_sd.c:1649:6:SD_CheckReadOnly	16	static
../sdmmc/src/fsl_sd.c:1657:10:SD_ReadBlocks	64	static
../sdmmc/src/fsl_sd.c:1721:10:SD_WriteBlocks	64	static
../sdmmc/src/fsl_sd.c:1781:17:SD_CalculateEraseTimeout	32	static
../sdmmc/src/fsl_sd.c:1804:10:SD_EraseBlocks	56	static
../sdmmc/src/fsl_sd.c:1887:17:SD_ProbeBusVoltage	24	static
../sdmmc/src/fsl_sd.c:1985:17:sdcard_init	24	static
../sdmmc/src/fsl_sd.c:2074:10:SD_CardInit	24	static
../sdmmc/src/fsl_sd.c:2092:6:SD_CardDeinit	16	static
../sdmmc/src/fsl_sd.c:2104:10:SD_HostInit	24	static
../sdmmc/src/fsl_sd.c:2131:6:SD_HostDeinit	16	static
../sdmmc/src/fsl_sd.c:2140:6:SD_SetCardPower	24	static
../sdmmc/src/fsl_sd.c:2167:6:SD_IsCardPresent	16	static
../sdmmc/src/fsl_sd.c:2196:10:SD_PollingCardInsert	16	static
../sdmmc/src/fsl_sd.c:2241:10:SD_Init	24	static
../sdmmc/src/fsl_sd.c:2279:6:SD_Deinit	16	static
../sdmmc/src/fsl_sd.c:2287:6:SD_HostDoReset	16	static
