D:\Personal projects\Drum project\Desarrollo\RT1064\code\MIMXRT1064_Project_UART\drivers/fsl_usdhc.h:1038:24:USDHC_GetPresentStatusFlags	16	static
D:\Personal projects\Drum project\Desarrollo\RT1064\code\MIMXRT1064_Project_UART\drivers/fsl_usdhc.h:1283:20:USDHC_EnableMmcBoot	16	static
D:\Personal projects\Drum project\Desarrollo\RT1064\code\MIMXRT1064_Project_UART\sdmmc\host/fsl_sdmmc_host.h:230:20:SDMMCHOST_SendCardActive	16	static
D:\Personal projects\Drum project\Desarrollo\RT1064\code\MIMXRT1064_Project_UART\sdmmc\host/fsl_sdmmc_host.h:241:24:SDMMCHOST_SetCardClock	16	static
D:\Personal projects\Drum project\Desarrollo\RT1064\code\MIMXRT1064_Project_UART\sdmmc\host/fsl_sdmmc_host.h:251:20:SDMMCHOST_IsCardBusy	16	static
D:\Personal projects\Drum project\Desarrollo\RT1064\code\MIMXRT1064_Project_UART\sdmmc\host/fsl_sdmmc_host.h:295:20:SDMMCHOST_EnableDDRMode	24	static
D:\Personal projects\Drum project\Desarrollo\RT1064\code\MIMXRT1064_Project_UART\sdmmc\host/fsl_sdmmc_host.h:305:20:SDMMCHOST_EnableHS400Mode	16	static
D:\Personal projects\Drum project\Desarrollo\RT1064\code\MIMXRT1064_Project_UART\sdmmc\host/fsl_sdmmc_host.h:319:20:SDMMCHOST_EnableStrobeDll	16	static
D:\Personal projects\Drum project\Desarrollo\RT1064\code\MIMXRT1064_Project_UART\sdmmc\host/fsl_sdmmc_host.h:360:20:SDMMCHOST_EnableBoot	16	static
../sdmmc/src/fsl_mmc.c:420:24:MMC_SelectCard	16	static
../sdmmc/src/fsl_mmc.c:427:24:MMC_SetBlockCount	16	static
../sdmmc/src/fsl_mmc.c:434:24:MMC_GoIdle	16	static
../sdmmc/src/fsl_mmc.c:441:24:MMC_SetBlockSize	16	static
../sdmmc/src/fsl_mmc.c:448:17:MMC_ExecuteTuning	24	static
../sdmmc/src/fsl_mmc.c:473:17:MMC_Transfer	32	static
../sdmmc/src/fsl_mmc.c:528:17:MMC_SendStatus	72	static
../sdmmc/src/fsl_mmc.c:562:10:MMC_PollingCardStatusBusy	40	static
../sdmmc/src/fsl_mmc.c:625:17:MMC_StopTransmission	64	static
../sdmmc/src/fsl_mmc.c:650:17:MMC_SendOperationCondition	72	static
../sdmmc/src/fsl_mmc.c:702:17:MMC_SetRelativeAddress	64	static
../sdmmc/src/fsl_mmc.c:727:13:MMC_DecodeCsd	24	static
../sdmmc/src/fsl_mmc.c:815:13:MMC_SetMaxFrequency	32	static
../sdmmc/src/fsl_mmc.c:834:17:MMC_SetMaxEraseUnitSize	32	static
../sdmmc/src/fsl_mmc.c:875:17:MMC_SetExtendedCsdConfig	80	static
../sdmmc/src/fsl_mmc.c:913:13:MMC_DecodeExtendedCsd	24	static
../sdmmc/src/fsl_mmc.c:1013:17:MMC_SendExtendedCsd	96	static
../sdmmc/src/fsl_mmc.c:1062:17:MMC_SetPowerClass	24	static
../sdmmc/src/fsl_mmc.c:1179:17:MMC_SendTestPattern	96	static
../sdmmc/src/fsl_mmc.c:1211:17:MMC_ReceiveTestPattern	96	static
../sdmmc/src/fsl_mmc.c:1242:17:MMC_TestDataBusWidth	40	static
../sdmmc/src/fsl_mmc.c:1300:17:MMC_SetDataBusWidth	24	static
../sdmmc/src/fsl_mmc.c:1321:17:MMC_SetMaxDataBusWidth	24	static
../sdmmc/src/fsl_mmc.c:1442:17:MMC_SwitchHSTiming	24	static
../sdmmc/src/fsl_mmc.c:1474:17:MMC_SwitchToHighSpeed	24	static
../sdmmc/src/fsl_mmc.c:1522:17:MMC_SwitchToHS200	24	static
../sdmmc/src/fsl_mmc.c:1570:17:MMC_SwitchToHS400	32	static
../sdmmc/src/fsl_mmc.c:1670:17:MMC_SelectBusTiming	16	static
../sdmmc/src/fsl_mmc.c:1745:13:MMC_DecodeCid	24	static
../sdmmc/src/fsl_mmc.c:1770:17:MMC_AllSendCid	64	static
../sdmmc/src/fsl_mmc.c:1796:17:MMC_SendCsd	64	static
../sdmmc/src/fsl_mmc.c:1824:17:MMC_CheckBlockRange	32	static
../sdmmc/src/fsl_mmc.c:1859:17:MMC_CheckEraseGroupRange	40	static
../sdmmc/src/fsl_mmc.c:1909:17:MMC_Read	96	static
../sdmmc/src/fsl_mmc.c:1988:17:MMC_Write	96	static
../sdmmc/src/fsl_mmc.c:2070:17:MMC_ValidateOperationVoltage	24	static
../sdmmc/src/fsl_mmc.c:2098:17:mmccard_init	24	static
../sdmmc/src/fsl_mmc.c:2225:10:MMC_CardInit	24	static
../sdmmc/src/fsl_mmc.c:2241:6:MMC_CardDeinit	16	static
../sdmmc/src/fsl_mmc.c:2252:10:MMC_HostInit	16	static
../sdmmc/src/fsl_mmc.c:2270:6:MMC_HostDeinit	16	static
../sdmmc/src/fsl_mmc.c:2279:6:MMC_HostReset	16	static
../sdmmc/src/fsl_mmc.c:2284:6:MMC_HostDoReset	16	static
../sdmmc/src/fsl_mmc.c:2289:6:MMC_SetCardPower	16	static
../sdmmc/src/fsl_mmc.c:2295:10:MMC_Init	24	static
../sdmmc/src/fsl_mmc.c:2330:6:MMC_Deinit	16	static
../sdmmc/src/fsl_mmc.c:2338:6:MMC_CheckReadOnly	16	static
../sdmmc/src/fsl_mmc.c:2346:10:MMC_SelectPartition	32	static
../sdmmc/src/fsl_mmc.c:2381:10:MMC_ReadBlocks	64	static
../sdmmc/src/fsl_mmc.c:2452:10:MMC_WriteBlocks	64	static
../sdmmc/src/fsl_mmc.c:2522:10:MMC_EnableCacheControl	24	static
../sdmmc/src/fsl_mmc.c:2558:10:MMC_FlushCache	24	static
../sdmmc/src/fsl_mmc.c:2588:10:MMC_SetSleepAwake	64	static
../sdmmc/src/fsl_mmc.c:2649:17:MMC_Erase	72	static
../sdmmc/src/fsl_mmc.c:2698:10:MMC_EraseGroups	40	static
../sdmmc/src/fsl_mmc.c:2770:10:MMC_SetBootConfigWP	24	static
../sdmmc/src/fsl_mmc.c:2789:10:MMC_SetBootPartitionWP	24	static
../sdmmc/src/fsl_mmc.c:2808:10:MMC_SetBootConfig	24	static
../sdmmc/src/fsl_mmc.c:2895:10:MMC_StartBoot	64	static
../sdmmc/src/fsl_mmc.c:2968:10:MMC_ReadBootData	24	static
../sdmmc/src/fsl_mmc.c:2982:10:MMC_StopBoot	16	static
