../usb/host/class/usb_host_msd_ufi.c:54:14:USB_HostMsdRead10	56	static
../usb/host/class/usb_host_msd_ufi.c:77:14:USB_HostMsdRead12	56	static
../usb/host/class/usb_host_msd_ufi.c:100:14:USB_HostMsdWrite10	56	static
../usb/host/class/usb_host_msd_ufi.c:123:14:USB_HostMsdWrite12	56	static
../usb/host/class/usb_host_msd_ufi.c:146:14:USB_HostMsdReadCapacity	56	static
../usb/host/class/usb_host_msd_ufi.c:167:14:USB_HostMsdTestUnitReady	56	static
../usb/host/class/usb_host_msd_ufi.c:186:14:USB_HostMsdRequestSense	56	static
../usb/host/class/usb_host_msd_ufi.c:207:14:USB_HostMsdModeSelect	56	static
../usb/host/class/usb_host_msd_ufi.c:228:14:USB_HostMsdModeSense	48	static
../usb/host/class/usb_host_msd_ufi.c:252:14:USB_HostMsdInquiry	56	static
../usb/host/class/usb_host_msd_ufi.c:273:14:USB_HostMsdReadFormatCapacities	56	static
../usb/host/class/usb_host_msd_ufi.c:294:14:USB_HostMsdFormatUnit	48	static
../usb/host/class/usb_host_msd_ufi.c:317:14:USB_HostMsdPreventAllowRemoval	56	static
../usb/host/class/usb_host_msd_ufi.c:337:14:USB_HostMsdWriteAndVerify	56	static
../usb/host/class/usb_host_msd_ufi.c:360:14:USB_HostMsdStartStopUnit	48	static
../usb/host/class/usb_host_msd_ufi.c:382:14:USB_HostMsdVerify	56	static
../usb/host/class/usb_host_msd_ufi.c:403:14:USB_HostMsdRezeroUnit	56	static
../usb/host/class/usb_host_msd_ufi.c:422:14:USB_HostMsdSeek10	56	static
../usb/host/class/usb_host_msd_ufi.c:442:14:USB_HostMsdSendDiagnostic	56	static
