../usb/host/class/usb_host_hub_app.c:118:31:USB_HostHubGetHubList	16	static
../usb/host/class/usb_host_hub_app.c:153:13:USB_HostHubGetInterruptStatus	32	static
../usb/host/class/usb_host_hub_app.c:181:13:USB_HostHubProcess	48	static
../usb/host/class/usb_host_hub_app.c:383:13:USB_HostHubProcessPort	24	static
../usb/host/class/usb_host_hub_app.c:398:13:USB_HostHubProcessPortAttach	56	static
../usb/host/class/usb_host_hub_app.c:623:13:USB_HostHubProcessPortDetach	48	static
../usb/host/class/usb_host_hub_app.c:779:13:USB_HostHubProcessData	32	static
../usb/host/class/usb_host_hub_app.c:836:13:USB_HostHubControlCallback	32	static
../usb/host/class/usb_host_hub_app.c:1111:6:USB_HostHubInterruptInCallback	32	static
../usb/host/class/usb_host_hub_app.c:1158:14:USB_HostHubDeviceEvent	80	static
../usb/host/class/usb_host_hub_app.c:1378:14:USB_HostHubRemovePort	32	static
../usb/host/class/usb_host_hub_app.c:1422:10:USB_HostHubGetHsHubNumber	32	static
../usb/host/class/usb_host_hub_app.c:1471:10:USB_HostHubGetHsHubPort	32	static
../usb/host/class/usb_host_hub_app.c:1519:10:USB_HostHubGetTotalThinkTime	32	static
