../usb/host/class/usb_host_msd.c:183:13:USB_HostMsdClearHaltCallback	32	static
../usb/host/class/usb_host_msd.c:202:21:USB_HostMsdClearHalt	32	static
../usb/host/class/usb_host_msd.c:240:13:USB_HostMsdResetDone	24	static
../usb/host/class/usb_host_msd.c:267:13:USB_HostMsdMassResetClearOutCallback	32	static
../usb/host/class/usb_host_msd.c:276:13:USB_HostMsdMassResetClearInCallback	32	static
../usb/host/class/usb_host_msd.c:299:13:USB_HostMsdMassResetCallback	32	static
../usb/host/class/usb_host_msd.c:321:13:USB_HostMsdControlCallback	40	static
../usb/host/class/usb_host_msd.c:336:13:USB_HostMsdCommandDone	24	static
../usb/host/class/usb_host_msd.c:347:13:USB_HostMsdCswCallback	32	static
../usb/host/class/usb_host_msd.c:450:13:USB_HostMsdCbwCallback	32	static
../usb/host/class/usb_host_msd.c:551:13:USB_HostMsdDataCallback	32	static
../usb/host/class/usb_host_msd.c:613:21:USB_HostMsdProcessCommand	32	static
../usb/host/class/usb_host_msd.c:730:14:USB_HostMsdCommand	40	static
../usb/host/class/usb_host_msd.c:786:21:USB_HostMsdOpenInterface	48	static
../usb/host/class/usb_host_msd.c:878:13:USB_HostMsdSetInterfaceCallback	40	static
../usb/host/class/usb_host_msd.c:898:14:USB_HostMsdInit	32	static
../usb/host/class/usb_host_msd.c:934:14:USB_HostMsdSetInterface	48	static
../usb/host/class/usb_host_msd.c:1026:14:USB_HostMsdDeinit	24	static
../usb/host/class/usb_host_msd.c:1095:21:USB_HostMsdControl	32	static
../usb/host/class/usb_host_msd.c:1146:14:USB_HostMsdMassStorageReset	48	static
../usb/host/class/usb_host_msd.c:1157:14:USB_HostMsdGetMaxLun	48	static
