Archive member included to satisfy reference by file (symbol)

c:/nxp/mcuxpressoide_11.6.0_8187/ide/plugins/com.nxp.mcuxpresso.tools.win32_11.6.0.202112161359/tools/bin/../lib/gcc/arm-none-eabi/10.3.1/../../../../arm-none-eabi/lib/thumb/v7e-m+fp/hard\libcr_semihost_nf.a(_cr__main.o)
                              ./startup/startup_mimxrt1064.o (__main)
c:/nxp/mcuxpressoide_11.6.0_8187/ide/plugins/com.nxp.mcuxpresso.tools.win32_11.6.0.202112161359/tools/bin/../lib/gcc/arm-none-eabi/10.3.1/../../../../arm-none-eabi/lib/thumb/v7e-m+fp/hard\libcr_c.a(memcpy.o)
                              ./utilities/fsl_str.o (memcpy)
c:/nxp/mcuxpressoide_11.6.0_8187/ide/plugins/com.nxp.mcuxpresso.tools.win32_11.6.0.202112161359/tools/bin/../lib/gcc/arm-none-eabi/10.3.1/../../../../arm-none-eabi/lib/thumb/v7e-m+fp/hard\libcr_c.a(memset.o)
                              ./utilities/fsl_debug_console.o (memset)
c:/nxp/mcuxpressoide_11.6.0_8187/ide/plugins/com.nxp.mcuxpresso.tools.win32_11.6.0.202112161359/tools/bin/../lib/gcc/arm-none-eabi/10.3.1/../../../../arm-none-eabi/lib/thumb/v7e-m+fp/hard\libcr_c.a(alloc.o)
                              ./drivers/fsl_common.o (malloc)
c:/nxp/mcuxpressoide_11.6.0_8187/ide/plugins/com.nxp.mcuxpresso.tools.win32_11.6.0.202112161359/tools/bin/../lib/gcc/arm-none-eabi/10.3.1/../../../../arm-none-eabi/lib/thumb/v7e-m+fp/hard\libcr_c.a(errno.o)
                              ./utilities/fsl_str.o (errno)
c:/nxp/mcuxpressoide_11.6.0_8187/ide/plugins/com.nxp.mcuxpresso.tools.win32_11.6.0.202112161359/tools/bin/../lib/gcc/arm-none-eabi/10.3.1/../../../../arm-none-eabi/lib/thumb/v7e-m+fp/hard\libcr_c.a(fpprintf.o)
                              ./utilities/fsl_assert.o (printf)
c:/nxp/mcuxpressoide_11.6.0_8187/ide/plugins/com.nxp.mcuxpresso.tools.win32_11.6.0.202112161359/tools/bin/../lib/gcc/arm-none-eabi/10.3.1/../../../../arm-none-eabi/lib/thumb/v7e-m+fp/hard\libcr_c.a(initio.o)
                              c:/nxp/mcuxpressoide_11.6.0_8187/ide/plugins/com.nxp.mcuxpresso.tools.win32_11.6.0.202112161359/tools/bin/../lib/gcc/arm-none-eabi/10.3.1/../../../../arm-none-eabi/lib/thumb/v7e-m+fp/hard\libcr_semihost_nf.a(_cr__main.o) (_initio)
c:/nxp/mcuxpressoide_11.6.0_8187/ide/plugins/com.nxp.mcuxpresso.tools.win32_11.6.0.202112161359/tools/bin/../lib/gcc/arm-none-eabi/10.3.1/../../../../arm-none-eabi/lib/thumb/v7e-m+fp/hard\libcr_c.a(memcmp.o)
                              ./fatfs/source/ff.o (memcmp)
c:/nxp/mcuxpressoide_11.6.0_8187/ide/plugins/com.nxp.mcuxpresso.tools.win32_11.6.0.202112161359/tools/bin/../lib/gcc/arm-none-eabi/10.3.1/../../../../arm-none-eabi/lib/thumb/v7e-m+fp/hard\libcr_c.a(modf.o)
                              ./utilities/fsl_str.o (modf)
c:/nxp/mcuxpressoide_11.6.0_8187/ide/plugins/com.nxp.mcuxpresso.tools.win32_11.6.0.202112161359/tools/bin/../lib/gcc/arm-none-eabi/10.3.1/../../../../arm-none-eabi/lib/thumb/v7e-m+fp/hard\libcr_c.a(pow.o)
                              ./utilities/fsl_str.o (pow)
c:/nxp/mcuxpressoide_11.6.0_8187/ide/plugins/com.nxp.mcuxpresso.tools.win32_11.6.0.202112161359/tools/bin/../lib/gcc/arm-none-eabi/10.3.1/../../../../arm-none-eabi/lib/thumb/v7e-m+fp/hard\libcr_c.a(printf.o)
                              c:/nxp/mcuxpressoide_11.6.0_8187/ide/plugins/com.nxp.mcuxpresso.tools.win32_11.6.0.202112161359/tools/bin/../lib/gcc/arm-none-eabi/10.3.1/../../../../arm-none-eabi/lib/thumb/v7e-m+fp/hard\libcr_c.a(fpprintf.o) (__vfprintf)
c:/nxp/mcuxpressoide_11.6.0_8187/ide/plugins/com.nxp.mcuxpresso.tools.win32_11.6.0.202112161359/tools/bin/../lib/gcc/arm-none-eabi/10.3.1/../../../../arm-none-eabi/lib/thumb/v7e-m+fp/hard\libcr_c.a(scanf.o)
                              ./utilities/fsl_str.o (strtoul)
c:/nxp/mcuxpressoide_11.6.0_8187/ide/plugins/com.nxp.mcuxpresso.tools.win32_11.6.0.202112161359/tools/bin/../lib/gcc/arm-none-eabi/10.3.1/../../../../arm-none-eabi/lib/thumb/v7e-m+fp/hard\libcr_c.a(setvbuf.o)
                              c:/nxp/mcuxpressoide_11.6.0_8187/ide/plugins/com.nxp.mcuxpresso.tools.win32_11.6.0.202112161359/tools/bin/../lib/gcc/arm-none-eabi/10.3.1/../../../../arm-none-eabi/lib/thumb/v7e-m+fp/hard\libcr_c.a(initio.o) (setvbuf)
c:/nxp/mcuxpressoide_11.6.0_8187/ide/plugins/com.nxp.mcuxpresso.tools.win32_11.6.0.202112161359/tools/bin/../lib/gcc/arm-none-eabi/10.3.1/../../../../arm-none-eabi/lib/thumb/v7e-m+fp/hard\libcr_c.a(strchr.o)
                              ./fatfs/source/ff.o (strchr)
c:/nxp/mcuxpressoide_11.6.0_8187/ide/plugins/com.nxp.mcuxpresso.tools.win32_11.6.0.202112161359/tools/bin/../lib/gcc/arm-none-eabi/10.3.1/../../../../arm-none-eabi/lib/thumb/v7e-m+fp/hard\libcr_c.a(strlen.o)
                              ./utilities/fsl_str.o (strlen)
c:/nxp/mcuxpressoide_11.6.0_8187/ide/plugins/com.nxp.mcuxpresso.tools.win32_11.6.0.202112161359/tools/bin/../lib/gcc/arm-none-eabi/10.3.1/../../../../arm-none-eabi/lib/thumb/v7e-m+fp/hard\libcr_c.a(ungetc.o)
[...]
Memory Configuration

Name             Origin             Length             Attributes
SRAM_DTC         0x20000000         0x00020000         xrw
SRAM_ITC         0x00000000         0x00020000         xrw
SRAM_OC2         0x20200000         0x00080000         xrw
SRAM_OC          0x20280000         0x00040000         xrw
*default*        0x00000000         0xffffffff

Linker script and memory map

LOAD ./utilities/fsl_assert.o
LOAD ./utilities/fsl_debug_console.o
LOAD ./utilities/fsl_str.o
LOAD ./startup/startup_mimxrt1064.o
LOAD ./source/MIMXRT1064_Project_SD.o
LOAD ./source/semihost_hardfault.o
LOAD ./sdmmc/template/usdhc/sdmmc_config.o
LOAD ./sdmmc/src/fsl_sd.o
LOAD ./sdmmc/src/fsl_sdio.o
LOAD ./sdmmc/src/fsl_sdmmc_common.o
LOAD ./sdmmc/osa/fsl_sdmmc_osa.o
LOAD ./sdmmc/host/fsl_sdmmc_host.o
LOAD ./freertos/freertos_kernel/portable/MemMang/heap_4.o
LOAD ./freertos/freertos_kernel/portable/GCC/ARM_CM4F/port.o
LOAD ./freertos/freertos_kernel/croutine.o
LOAD ./freertos/freertos_kernel/event_groups.o
LOAD ./freertos/freertos_kernel/list.o
LOAD ./freertos/freertos_kernel/queue.o
LOAD ./freertos/freertos_kernel/stream_buffer.o
LOAD ./freertos/freertos_kernel/tasks.o
LOAD ./freertos/freertos_kernel/timers.o
LOAD ./fatfs/source/fsl_sd_disk/fsl_sd_disk.o
LOAD ./fatfs/source/fsl_ram_disk/fsl_ram_disk.o
LOAD ./fatfs/source/diskio.o
LOAD ./fatfs/source/ff.o
LOAD ./fatfs/source/ffsystem.o
LOAD ./fatfs/source/ffunicode.o
LOAD ./drivers/fsl_cache.o
LOAD ./drivers/fsl_clock.o
LOAD ./drivers/fsl_common.o
LOAD ./drivers/fsl_common_arm.o
LOAD ./drivers/fsl_gpio.o
LOAD ./drivers/fsl_lpuart.o
LOAD ./drivers/fsl_usdhc.o
LOAD ./device/system_MIMXRT1064.o
LOAD ./component/uart/fsl_adapter_lpuart.o
LOAD ./component/serial_manager/fsl_component_serial_manager.o
LOAD ./component/serial_manager/fsl_component_serial_port_uart.o
LOAD ./component/osa/fsl_os_abstraction_free_rtos.o
LOAD ./component/lists/fsl_component_generic_list.o
LOAD ./board/board.o
LOAD ./board/clock_config.o
LOAD ./board/peripherals.o
LOAD ./board/pin_mux.o
START GROUP
LOAD c:/nxp/mcuxpressoide_11.6.0_8187/ide/plugins/com.nxp.mcuxpresso.tools.win32_11.6.0.202112161359/tools/bin/../lib/gcc/arm-none-eabi/10.3.1/../../../../arm-none-eabi/lib/thumb/v7e-m+fp/hard\libcr_semihost_nf.a
LOAD c:/nxp/mcuxpressoide_11.6.0_8187/ide/plugins/com.nxp.mcuxpresso.tools.win32_11.6.0.202112161359/tools/bin/../lib/gcc/arm-none-eabi/10.3.1/../../../../arm-none-eabi/lib/thumb/v7e-m+fp/hard\libcr_c.a
LOAD c:/nxp/mcuxpressoide_11.6.0_8187/ide/plugins/com.nxp.mcuxpresso.tools.win32_11.6.0.202112161359/tools/bin/../lib/gcc/arm-none-eabi/10.3.1/thumb/v7e-m+fp/hard\libcr_eabihelpers.a
LOAD c:/nxp/mcuxpressoide_11.6.0_8187/ide/plugins/com.nxp.mcuxpresso.tools.win32_11.6.0.202112161359/tools/bin/../lib/gcc/arm-none-eabi/10.3.1/thumb/v7e-m+fp/hard\libgcc.a
END GROUP
                0x20000000                __base_SRAM_DTC = 0x20000000
                0x20000000                __base_RAM = 0x20000000
                0x20020000                __top_SRAM_DTC = 0x20020000
                0x20020000                __top_RAM = 0x20020000
                0x00000000                __base_SRAM_ITC = 0x0
                0x00000000                __base_RAM2 = 0x0
                0x00020000                __top_SRAM_ITC = 0x20000
                0x00020000                __top_RAM2 = 0x20000
                0x20200000                __base_SRAM_OC2 = 0x20200000
                0x20200000                __base_RAM3 = 0x20200000
                0x20280000                __top_SRAM_OC2 = 0x20280000
                0x20280000                __top_RAM3 = 0x20280000
                0x20280000                __base_SRAM_OC = 0x20280000
                0x20280000                __base_RAM4 = 0x20280000
                0x202c0000                __top_SRAM_OC = 0x202c0000
                0x202c0000                __top_RAM4 = 0x202c0000

.text           0x20000000    0x10f0c
 FILL mask 0xff
                0x20000000                __vectors_start__ = ABSOLUTE (.)
 *(SORT_BY_ALIGNMENT(.isr_vector))
 .isr_vector    0x20000000      0x2b8 ./startup/startup_mimxrt1064.o
                0x20000000                g_pfnVectors
                0x20000000                __Vectors
                0x200002b8                . = ALIGN (0x4)
                0x200002b8                __section_table_start = .
                0x200002b8                __data_section_table = .
                0x200002b8        0x4 LONG 0x20010f0c LOADADDR (.data)
                0x200002bc        0x4 LONG 0x20010f0c ADDR (.data)
                0x200002c0        0x4 LONG 0x14 SIZEOF (.data)
                0x200002c4        0x4 LONG 0x20010f0c LOADADDR (.data_RAM2)
                0x200002c8        0x4 LONG 0x0 ADDR (.data_RAM2)
                0x200002cc        0x4 LONG 0x0 SIZEOF (.data_RAM2)
                0x200002d0        0x4 LONG 0x20010f0c LOADADDR (.data_RAM3)
                0x200002d4        0x4 LONG 0x20200000 ADDR (.data_RAM3)
                0x200002d8        0x4 LONG 0x0 SIZEOF (.data_RAM3)
                0x200002dc        0x4 LONG 0x20010f0c LOADADDR (.data_RAM4)
                0x200002e0        0x4 LONG 0x20280000 ADDR (.data_RAM4)
                0x200002e4        0x4 LONG 0x0 SIZEOF (.data_RAM4)
                0x200002e8                __data_section_table_end = .
                0x200002e8                __bss_section_table = .
                0x200002e8        0x4 LONG 0x20010f20 ADDR (.bss)
                0x200002ec        0x4 LONG 0x3078 SIZEOF (.bss)
                0x200002f0        0x4 LONG 0x0 ADDR (.bss_RAM2)
                0x200002f4        0x4 LONG 0x0 SIZEOF (.bss_RAM2)
                0x200002f8        0x4 LONG 0x20200000 ADDR (.bss_RAM3)
                0x200002fc        0x4 LONG 0x0 SIZEOF (.bss_RAM3)
                0x20000300        0x4 LONG 0x20280000 ADDR (.bss_RAM4)
                0x20000304        0x4 LONG 0x0 SIZEOF (.bss_RAM4)
                0x20000308                __bss_section_table_end = .
                0x20000308                __section_table_end = .
 *(SORT_BY_ALIGNMENT(.after_vectors*))
 .after_vectors.reset
                0x20000308       0x54 ./startup/startup_mimxrt1064.o
                0x20000308                ResetISR
 .after_vectors.init_data
                0x2000035c       0x1e ./startup/startup_mimxrt1064.o
                0x2000035c                data_init
 .after_vectors.init_bss
                0x2000037a       0x12 ./startup/startup_mimxrt1064.o
                0x2000037a                bss_init
 .after_vectors
                0x2000038c       0x14 ./startup/startup_mimxrt1064.o
                0x2000038c                NMI_Handler
                0x20000390                MemManage_Handler
                0x20000392                BusFault_Handler
                0x20000394                UsageFault_Handler
                0x20000398                DebugMon_Handler
                0x2000039e                LCDIF_DriverIRQHandler
                0x2000039e                SAI3_RX_DriverIRQHandler
                0x2000039e                CCM_2_DriverIRQHandler
                0x2000039e                PIT_DriverIRQHandler
                0x2000039e                PMU_EVENT_DriverIRQHandler
                0x2000039e                PWM4_FAULT_DriverIRQHandler
                0x2000039e                DMA13_DMA29_DriverIRQHandler
                0x2000039e                FLEXRAM_DriverIRQHandler
                0x2000039e                LPSPI4_DriverIRQHandler
                0x2000039e                SEMC_DriverIRQHandler
                0x2000039e                SPDIF_DriverIRQHandler
                0x2000039e                PWM4_3_DriverIRQHandler
                0x2000039e                ENET2_DriverIRQHandler
                0x2000039e                FLEXSPI2_DriverIRQHandler
                0x2000039e                USB_PHY1_DriverIRQHandler
                0x2000039e                GPIO3_Combined_0_15_DriverIRQHandler
                0x2000039e                CAN3_DriverIRQHandler
                0x2000039e                Reserved171_DriverIRQHandler
                0x2000039e                DMA7_DMA23_DriverIRQHandler
                0x2000039e                BEE_DriverIRQHandler
                0x2000039e                LPI2C3_DriverIRQHandler
                0x2000039e                GPR_IRQ_DriverIRQHandler
                0x2000039e                PWM2_FAULT_DriverIRQHandler
                0x2000039e                PWM3_1_DriverIRQHandler
                0x2000039e                DMA14_DMA30_DriverIRQHandler
                0x2000039e                TMR1_DriverIRQHandler
                0x2000039e                TRNG_DriverIRQHandler
                0x2000039e                PWM3_2_DriverIRQHandler
                0x2000039e                ENET_1588_Timer_DriverIRQHandler
                0x2000039e                FLEXIO2_DriverIRQHandler
                0x2000039e                GPIO2_Combined_16_31_DriverIRQHandler
                0x2000039e                Reserved143_DriverIRQHandler
                0x2000039e                LPSPI2_DriverIRQHandler
                0x2000039e                PWM4_1_DriverIRQHandler
                0x2000039e                PWM3_3_DriverIRQHandler
                0x2000039e                DMA0_DMA16_DriverIRQHandler
                0x2000039e                IntDefaultHandler
                0x2000039e                DMA2_DMA18_DriverIRQHandler
                0x2000039e                SRC_DriverIRQHandler
                0x2000039e                GPIO1_INT4_DriverIRQHandler
                0x2000039e                Reserved144_DriverIRQHandler
                0x2000039e                ENC3_DriverIRQHandler
                0x2000039e                PWM3_FAULT_DriverIRQHandler
                0x2000039e                KPP_DriverIRQHandler
                0x2000039e                TSC_DIG_DriverIRQHandler
                0x2000039e                WDOG1_DriverIRQHandler
                0x2000039e                FLEXIO1_DriverIRQHandler
                0x2000039e                ENET_DriverIRQHandler
                0x2000039e                Reserved78_DriverIRQHandler
                0x2000039e                TMR4_DriverIRQHandler
                0x2000039e                ENC2_DriverIRQHandler
                0x2000039e                ADC_ETC_IRQ2_DriverIRQHandler
                0x2000039e                GPIO1_Combined_16_31_DriverIRQHandler
                0x2000039e                GPIO1_INT7_DriverIRQHandler
                0x2000039e                SAI1_DriverIRQHandler
                0x2000039e                DCDC_DriverIRQHandler
                0x2000039e                DMA12_DMA28_DriverIRQHandler
                0x2000039e                PWM4_0_DriverIRQHandler
                0x2000039e                ADC_ETC_ERROR_IRQ_DriverIRQHandler
                0x2000039e                ACMP2_DriverIRQHandler
                0x2000039e                GPIO5_Combined_0_15_DriverIRQHandler
                0x2000039e                GPIO1_INT0_DriverIRQHandler
                0x2000039e                GPIO1_INT2_DriverIRQHandler
                0x2000039e                RTWDOG_DriverIRQHandler
                0x2000039e                FLEXSPI_DriverIRQHandler
                0x2000039e                GPT2_DriverIRQHandler
                0x2000039e                USB_PHY2_DriverIRQHandler
                0x2000039e                DMA10_DMA26_DriverIRQHandler
                0x2000039e                PWM2_1_DriverIRQHandler
                0x2000039e                PWM1_1_DriverIRQHandler
                0x2000039e                PXP_DriverIRQHandler
                0x2000039e                ADC1_DriverIRQHandler
                0x2000039e                PWM1_0_DriverIRQHandler
                0x2000039e                SJC_DriverIRQHandler
                0x2000039e                DMA1_DMA17_DriverIRQHandler
                0x2000039e                ENC1_DriverIRQHandler
                0x2000039e                ENC4_DriverIRQHandler
                0x2000039e                CAN2_DriverIRQHandler
                0x2000039e                DCP_DriverIRQHandler
                0x2000039e                CTI0_ERROR_DriverIRQHandler
                0x2000039e                DMA8_DMA24_DriverIRQHandler
                0x2000039e                GPT1_DriverIRQHandler
                0x2000039e                ACMP3_DriverIRQHandler
                0x2000039e                DMA6_DMA22_DriverIRQHandler
                0x2000039e                CSU_DriverIRQHandler
                0x2000039e                GPIO1_INT5_DriverIRQHandler
                0x2000039e                TMR3_DriverIRQHandler
                0x2000039e                TMR2_DriverIRQHandler
                0x2000039e                CTI1_ERROR_DriverIRQHandler
                0x2000039e                GPIO1_Combined_0_15_DriverIRQHandler
                0x2000039e                PWM4_2_DriverIRQHandler
                0x2000039e                EWM_DriverIRQHandler
                0x2000039e                SAI2_DriverIRQHandler
                0x2000039e                CORE_DriverIRQHandler
                0x2000039e                DMA11_DMA27_DriverIRQHandler
                0x2000039e                CSI_DriverIRQHandler
                0x2000039e                PWM2_3_DriverIRQHandler
                0x2000039e                XBAR1_IRQ_2_3_DriverIRQHandler
                0x2000039e                SNVS_HP_WRAPPER_TZ_DriverIRQHandler
                0x2000039e                GPIO3_Combined_16_31_DriverIRQHandler
                0x2000039e                PWM1_FAULT_DriverIRQHandler
                0x2000039e                LPI2C1_DriverIRQHandler
                0x2000039e                ENET2_1588_Timer_DriverIRQHandler
                0x2000039e                PWM2_2_DriverIRQHandler
                0x2000039e                DMA4_DMA20_DriverIRQHandler
                0x2000039e                DMA9_DMA25_DriverIRQHandler
                0x2000039e                SNVS_HP_WRAPPER_DriverIRQHandler
                0x2000039e                XBAR1_IRQ_0_1_DriverIRQHandler
                0x2000039e                ADC_ETC_IRQ1_DriverIRQHandler
                0x2000039e                LPSPI1_DriverIRQHandler
                0x2000039e                DMA3_DMA19_DriverIRQHandler
                0x2000039e                GPIO1_INT3_DriverIRQHandler
                0x2000039e                DCP_VMI_DriverIRQHandler
                0x2000039e                LPI2C4_DriverIRQHandler
                0x2000039e                GPC_DriverIRQHandler
                0x2000039e                GPIO2_Combined_0_15_DriverIRQHandler
                0x2000039e                PWM1_2_DriverIRQHandler
                0x2000039e                USB_OTG1_DriverIRQHandler
                0x2000039e                TEMP_LOW_HIGH_DriverIRQHandler
                0x2000039e                SAI3_TX_DriverIRQHandler
                0x2000039e                FLEXIO3_DriverIRQHandler
                0x2000039e                WDOG2_DriverIRQHandler
                0x2000039e                Reserved68_DriverIRQHandler
                0x2000039e                PWM3_0_DriverIRQHandler
                0x2000039e                GPIO4_Combined_0_15_DriverIRQHandler
                0x2000039e                GPIO4_Combined_16_31_DriverIRQHandler
                0x2000039e                GPIO6_7_8_9_DriverIRQHandler
                0x2000039e                GPIO5_Combined_16_31_DriverIRQHandler
                0x2000039e                DMA5_DMA21_DriverIRQHandler
                0x2000039e                CCM_1_DriverIRQHandler
                0x2000039e                ADC2_DriverIRQHandler
                0x2000039e                Reserved115_DriverIRQHandler
                0x2000039e                TEMP_PANIC_DriverIRQHandler
                0x2000039e                ACMP4_DriverIRQHandler
                0x2000039e                DMA15_DMA31_DriverIRQHandler
                0x2000039e                LPSPI3_DriverIRQHandler
                0x2000039e                PWM1_3_DriverIRQHandler
                0x2000039e                ACMP1_DriverIRQHandler
                0x2000039e                LPI2C2_DriverIRQHandler
                0x2000039e                Reserved86_DriverIRQHandler
                0x2000039e                GPIO10_DriverIRQHandler
                0x2000039e                DMA_ERROR_DriverIRQHandler
                0x2000039e                ADC_ETC_IRQ0_DriverIRQHandler
                0x2000039e                CAN1_DriverIRQHandler
                0x2000039e                GPIO1_INT6_DriverIRQHandler
                0x2000039e                GPIO1_INT1_DriverIRQHandler
                0x2000039e                PWM2_0_DriverIRQHandler
                0x2000039e                SNVS_LP_WRAPPER_DriverIRQHandler
                0x2000039e                USB_OTG2_DriverIRQHandler
 *(SORT_BY_ALIGNMENT(.text*))
 .text.SVC_Handler
                0x200003a0       0x28 ./freertos/freertos_kernel/portable/GCC/ARM_CM4F/port.o
                0x200003a0                SVC_Handler
 *fill*         0x200003c8        0x8 ff
 .text.PendSV_Handler
                0x200003d0       0x68 ./freertos/freertos_kernel/portable/GCC/ARM_CM4F/port.o
                0x200003d0                PendSV_Handler
 .text.fp_display
                0x20000438      0x964 c:/nxp/mcuxpressoide_11.6.0_8187/ide/plugins/com.nxp.mcuxpresso.tools.win32_11.6.0.202112161359/tools/bin/../lib/gcc/arm-none-eabi/10.3.1/../../../../arm-none-eabi/lib/thumb/v7e-m+fp/hard\libcr_c.a(fpprintf.o)
 *fill*         0x20000d9c        0x4 ff
 .text._frexpl  0x20000da0       0x68 c:/nxp/mcuxpressoide_11.6.0_8187/ide/plugins/com.nxp.mcuxpresso.tools.win32_11.6.0.202112161359/tools/bin/../lib/gcc/arm-none-eabi/10.3.1/../../../../arm-none-eabi/lib/thumb/v7e-m+fp/hard\libcr_c.a(_frexpl.o)
                0x20000da0                _frexpl
 .text._ldexpl  0x20000e08       0x5c c:/nxp/mcuxpressoide_11.6.0_8187/ide/plugins/com.nxp.mcuxpresso.tools.win32_11.6.0.202112161359/tools/bin/../lib/gcc/arm-none-eabi/10.3.1/../../../../arm-none-eabi/lib/thumb/v7e-m+fp/hard\libcr_c.a(_ldexpl.o)
                0x20000e08                _ldexpl
 .text.__assertion_failed
                0x20000e64       0x18 ./utilities/fsl_assert.o
                0x20000e64                __assertion_failed
 .text.DbgConsole_SendDataReliable
                0x20000e7c       0x54 ./utilities/fsl_debug_console.o
                0x20000e7c                DbgConsole_SendDataReliable
 .text.DbgConsole_Init
                0x20000ed0      0x128 ./utilities/fsl_debug_console.o
                0x20000ed0                DbgConsole_Init
 .text.main     0x20000ff8       0x90 ./source/MIMXRT1064_Project_SD.o
                0x20000ff8                main
 .text.thrd_main
                0x20001088       0x78 ./source/MIMXRT1064_Project_SD.o
                0x20001088                thrd_main
 .text.thrd_sd  0x20001100      0x11c ./source/MIMXRT1064_Project_SD.o
                0x20001100                thrd_sd
 .text.SDCARD_DetectCallBack
                0x2000121c       0x2c ./source/MIMXRT1064_Project_SD.o
                0x2000121c                SDCARD_DetectCallBack
 .text.__NVIC_SetPriority
                0x20001248       0x54 ./sdmmc/template/usdhc/sdmmc_config.o
 .text.BOARD_SDCardPowerControl
                0x2000129c       0x24 ./sdmmc/template/usdhc/sdmmc_config.o
                0x2000129c                BOARD_SDCardPowerControl
 .text.BOARD_SDCardDetectInit
                0x200012c0       0x40 ./sdmmc/template/usdhc/sdmmc_config.o
                0x200012c0                BOARD_SDCardDetectInit
 .text.BOARD_SD_Pin_Config
                0x20001300      0x164 ./sdmmc/template/usdhc/sdmmc_config.o
                0x20001300                BOARD_SD_Pin_Config
 .text.BOARD_SD_Config
                0x20001464       0xa4 ./sdmmc/template/usdhc/sdmmc_config.o
                0x20001464                BOARD_SD_Config
 .text.SD_SendApplicationCmd
                0x20001508       0x30 ./sdmmc/src/fsl_sd.o
 .text.SD_GoIdle
                0x20001538       0x2c ./sdmmc/src/fsl_sd.o
 .text.SD_SetBlockSize
                0x20001564       0x30 ./sdmmc/src/fsl_sd.o
 .text.SD_ExecuteTuning
                0x20001594       0x3c ./sdmmc/src/fsl_sd.o
 .text.SD_SwitchVoltage
                0x200015d0      0x10c ./sdmmc/src/fsl_sd.o
 .text.SD_StopTransmission
                0x200016dc       0x80 ./sdmmc/src/fsl_sd.o
 .text.SD_Transfer
                0x2000175c       0xc8 ./sdmmc/src/fsl_sd.o
 .text.SD_SendCardStatus
                0x20001824       0xac ./sdmmc/src/fsl_sd.o
 .text.SD_PollingCardStatusBusy
                0x200018d0       0x7c ./sdmmc/src/fsl_sd.o
                0x200018d0                SD_PollingCardStatusBusy
 .text.SD_SendWriteSuccessBlocks
                0x2000194c       0xf0 ./sdmmc/src/fsl_sd.o
 .text.SD_SendRca
                0x20001a3c       0x74 ./sdmmc/src/fsl_sd.o
 .text.SD_SwitchFunction
                0x20001ab0       0xc8 ./sdmmc/src/fsl_sd.o
 .text.SD_DecodeScr
                0x20001b78      0x178 ./sdmmc/src/fsl_sd.o
 .text.SD_SendScr
                0x20001cf0       0xe0 ./sdmmc/src/fsl_sd.o
 .text.SD_SelectFunction
                0x20001dd0      0x184 ./sdmmc/src/fsl_sd.o
 .text.SD_SetDataBusWidth
                0x20001f54       0x9c ./sdmmc/src/fsl_sd.o
 .text.SD_DecodeCsd
                0x20001ff0      0x374 ./sdmmc/src/fsl_sd.o
 .text.SD_SendCsd
                0x20002364       0x98 ./sdmmc/src/fsl_sd.o
 .text.SD_DecodeCid
                0x200023fc       0xd4 ./sdmmc/src/fsl_sd.o
 .text.SD_AllSendCid
                0x200024d0       0x94 ./sdmmc/src/fsl_sd.o
 .text.SD_ApplicationSendOperationCondition
                0x20002564       0xdc ./sdmmc/src/fsl_sd.o
 .text.SD_SendInterfaceCondition
                0x20002640       0x98 ./sdmmc/src/fsl_sd.o
 .text.SD_SelectBusTiming
                0x200026d8      0x268 ./sdmmc/src/fsl_sd.o
 .text.SD_DecodeStatus
                0x20002940      0x114 ./sdmmc/src/fsl_sd.o
 .text.SD_ReadStatus
                0x20002a54       0xfc ./sdmmc/src/fsl_sd.o
                0x20002a54                SD_ReadStatus
 .text.SD_SelectCard
                0x20002b50       0x38 ./sdmmc/src/fsl_sd.o
                0x20002b50                SD_SelectCard
 .text.SD_Read  0x20002b88      0x14c ./sdmmc/src/fsl_sd.o
 .text.SD_Write
                0x20002cd4      0x164 ./sdmmc/src/fsl_sd.o
 .text.SD_ReadBlocks
                0x20002e38      0x188 ./sdmmc/src/fsl_sd.o
                0x20002e38                SD_ReadBlocks
 .text.SD_WriteBlocks
                0x20002fc0      0x184 ./sdmmc/src/fsl_sd.o
                0x20002fc0                SD_WriteBlocks
 .text.SD_ProbeBusVoltage
                0x20003144      0x164 ./sdmmc/src/fsl_sd.o
 .text.sdcard_init
                0x200032a8      0x160 ./sdmmc/src/fsl_sd.o
 .text.SD_CardInit
                0x20003408       0x60 ./sdmmc/src/fsl_sd.o
                0x20003408                SD_CardInit
 .text.SD_CardDeinit
                0x20003468       0x54 ./sdmmc/src/fsl_sd.o
                0x20003468                SD_CardDeinit
 .text.SD_HostInit
                0x200034bc       0x8c ./sdmmc/src/fsl_sd.o
                0x200034bc                SD_HostInit
 .text.SD_HostDeinit
                0x20003548       0x34 ./sdmmc/src/fsl_sd.o
                0x20003548                SD_HostDeinit
 .text.SD_SetCardPower
                0x2000357c       0x80 ./sdmmc/src/fsl_sd.o
                0x2000357c                SD_SetCardPower
 .text.SD_PollingCardInsert
                0x200035fc       0xcc ./sdmmc/src/fsl_sd.o
                0x200035fc                SD_PollingCardInsert
 .text.SD_Init  0x200036c8       0x84 ./sdmmc/src/fsl_sd.o
                0x200036c8                SD_Init
 .text.SDMMC_SelectCard
                0x2000374c       0x84 ./sdmmc/src/fsl_sdmmc_common.o
                0x2000374c                SDMMC_SelectCard
 .text.SDMMC_SendApplicationCommand
                0x200037d0       0x80 ./sdmmc/src/fsl_sdmmc_common.o
                0x200037d0                SDMMC_SendApplicationCommand
 .text.SDMMC_SetBlockSize
                0x20003850       0x70 ./sdmmc/src/fsl_sdmmc_common.o
                0x20003850                SDMMC_SetBlockSize
 .text.SDMMC_OSAEventCreate
                0x200038c0       0x30 ./sdmmc/osa/fsl_sdmmc_osa.o
                0x200038c0                SDMMC_OSAEventCreate
 .text.SDMMC_OSAEventWait
                0x200038f0       0x6c ./sdmmc/osa/fsl_sdmmc_osa.o
                0x200038f0                SDMMC_OSAEventWait
 .text.SDMMC_OSAEventSet
                0x2000395c       0x50 ./sdmmc/osa/fsl_sdmmc_osa.o
                0x2000395c                SDMMC_OSAEventSet
 .text.SDMMC_OSAEventGet
                0x200039ac       0x40 ./sdmmc/osa/fsl_sdmmc_osa.o
                0x200039ac                SDMMC_OSAEventGet
 .text.SDMMC_OSAEventClear
                0x200039ec       0x48 ./sdmmc/osa/fsl_sdmmc_osa.o
                0x200039ec                SDMMC_OSAEventClear
 .text.SDMMC_OSAEventDestroy
                0x20003a34       0x2c ./sdmmc/osa/fsl_sdmmc_osa.o
                0x20003a34                SDMMC_OSAEventDestroy
 .text.SDMMC_OSAMutexCreate
                0x20003a60       0x2c ./sdmmc/osa/fsl_sdmmc_osa.o
                0x20003a60                SDMMC_OSAMutexCreate
 .text.SDMMC_OSAMutexLock
                0x20003a8c       0x30 ./sdmmc/osa/fsl_sdmmc_osa.o
                0x20003a8c                SDMMC_OSAMutexLock
 .text.SDMMC_OSAMutexUnlock
                0x20003abc       0x2c ./sdmmc/osa/fsl_sdmmc_osa.o
                0x20003abc                SDMMC_OSAMutexUnlock
 .text.SDMMC_OSAMutexDestroy
                0x20003ae8       0x2c ./sdmmc/osa/fsl_sdmmc_osa.o
                0x20003ae8                SDMMC_OSAMutexDestroy
 .text.SDMMC_OSADelayUs
                0x20003b14       0x50 ./sdmmc/osa/fsl_sdmmc_osa.o
                0x20003b14                SDMMC_OSADelayUs
 .text.SDMMCHOST_CardDetectInit
                0x20003b64       0xac ./sdmmc/host/fsl_sdmmc_host.o
                0x20003b64                SDMMCHOST_CardDetectInit
 .text.SDMMCHOST_PollingCardDetectStatus
                0x20003c10      0x110 ./sdmmc/host/fsl_sdmmc_host.o
                0x20003c10                SDMMCHOST_PollingCardDetectStatus
 .text.SDMMCHOST_Init
                0x20003d20      0x12c ./sdmmc/host/fsl_sdmmc_host.o
                0x20003d20                SDMMCHOST_Init
 .text.SDMMCHOST_Reset
                0x20003e4c       0x70 ./sdmmc/host/fsl_sdmmc_host.o
                0x20003e4c                SDMMCHOST_Reset
 .text.pvPortMalloc
                0x20003ebc      0x1c0 ./freertos/freertos_kernel/portable/MemMang/heap_4.o
                0x20003ebc                pvPortMalloc
 .text.vPortFree
                0x2000407c       0xc4 ./freertos/freertos_kernel/portable/MemMang/heap_4.o
                0x2000407c                vPortFree
 .text.prvHeapInit
                0x20004140       0xc4 ./freertos/freertos_kernel/portable/MemMang/heap_4.o
 .text.prvInsertBlockIntoFreeList
                0x20004204       0xb4 ./freertos/freertos_kernel/portable/MemMang/heap_4.o
 .text.pxPortInitialiseStack
                0x200042b8       0x68 ./freertos/freertos_kernel/portable/GCC/ARM_CM4F/port.o
                0x200042b8                pxPortInitialiseStack
 .text.prvTaskExitError
                0x20004320       0x58 ./freertos/freertos_kernel/portable/GCC/ARM_CM4F/port.o
 .text.prvPortStartFirstTask
                0x20004378       0x2c ./freertos/freertos_kernel/portable/GCC/ARM_CM4F/port.o
 .text.xPortStartScheduler
                0x200043a4      0x144 ./freertos/freertos_kernel/portable/GCC/ARM_CM4F/port.o
                0x200043a4                xPortStartScheduler
 .text.vPortEnterCritical
                0x200044e8       0x60 ./freertos/freertos_kernel/portable/GCC/ARM_CM4F/port.o
                0x200044e8                vPortEnterCritical
 .text.vPortExitCritical
                0x20004548       0x54 ./freertos/freertos_kernel/portable/GCC/ARM_CM4F/port.o
                0x20004548                vPortExitCritical
 .text.SysTick_Handler
                0x2000459c       0x44 ./freertos/freertos_kernel/portable/GCC/ARM_CM4F/port.o
                0x2000459c                SysTick_Handler
 .text.vPortSetupTimerInterrupt
                0x200045e0       0x48 ./freertos/freertos_kernel/portable/GCC/ARM_CM4F/port.o
                0x200045e0                vPortSetupTimerInterrupt
 .text.vPortEnableVFP
                0x20004628       0x18 ./freertos/freertos_kernel/portable/GCC/ARM_CM4F/port.o
 .text.vPortValidateInterruptPriority
                0x20004640       0x80 ./freertos/freertos_kernel/portable/GCC/ARM_CM4F/port.o
                0x20004640                vPortValidateInterruptPriority
 .text.xQueueGenericReset
                0x200046c0       0xd0 ./freertos/freertos_kernel/queue.o
                0x200046c0                xQueueGenericReset
 .text.xQueueGenericSend
                0x20004790      0x1fc ./freertos/freertos_kernel/queue.o
                0x20004790                xQueueGenericSend
 .text.xQueueReceive
                0x2000498c      0x1c0 ./freertos/freertos_kernel/queue.o
                0x2000498c                xQueueReceive
 .text.xQueueSemaphoreTake
                0x20004b4c      0x21c ./freertos/freertos_kernel/queue.o
                0x20004b4c                xQueueSemaphoreTake
 .text.vQueueAddToRegistry
                0x20004d68       0x54 ./freertos/freertos_kernel/queue.o
                0x20004d68                vQueueAddToRegistry
 .text.vQueueUnregisterQueue
                0x20004dbc       0x54 ./freertos/freertos_kernel/queue.o
                0x20004dbc                vQueueUnregisterQueue
 .text.prvAddNewTaskToReadyList
                0x20004e10       0xdc ./freertos/freertos_kernel/tasks.o
 .text.vTaskDelay
                0x20004eec       0x68 ./freertos/freertos_kernel/tasks.o
                0x20004eec                vTaskDelay
 .text.vTaskStartScheduler
                0x20004f54       0xa4 ./freertos/freertos_kernel/tasks.o
                0x20004f54                vTaskStartScheduler
 .text.vTaskSuspendAll
                0x20004ff8       0x1c ./freertos/freertos_kernel/tasks.o
                0x20004ff8                vTaskSuspendAll
 .text.xTaskResumeAll
                0x20005014      0x138 ./freertos/freertos_kernel/tasks.o
                0x20005014                xTaskResumeAll
 .text.xTaskGetTickCount
                0x2000514c       0x20 ./freertos/freertos_kernel/tasks.o
                0x2000514c                xTaskGetTickCount
 .text.xTaskIncrementTick
                0x2000516c      0x154 ./freertos/freertos_kernel/tasks.o
                0x2000516c                xTaskIncrementTick
 .text.vTaskSwitchContext
                0x200052c0       0xb8 ./freertos/freertos_kernel/tasks.o
                0x200052c0                vTaskSwitchContext
 .text.vTaskPlaceOnEventList
                0x20005378       0x48 ./freertos/freertos_kernel/tasks.o
                0x20005378                vTaskPlaceOnEventList
 .text.vTaskPlaceOnEventListRestricted
                0x200053c0       0x58 ./freertos/freertos_kernel/tasks.o
                0x200053c0                vTaskPlaceOnEventListRestricted
 .text.xTaskRemoveFromEventList
                0x20005418       0xc4 ./freertos/freertos_kernel/tasks.o
                0x20005418                xTaskRemoveFromEventList
 .text.vTaskInternalSetTimeOutState
                0x200054dc       0x2c ./freertos/freertos_kernel/tasks.o
                0x200054dc                vTaskInternalSetTimeOutState
 .text.xTaskCheckForTimeOut
                0x20005508       0xcc ./freertos/freertos_kernel/tasks.o
                0x20005508                xTaskCheckForTimeOut
 .text.vTaskMissedYield
                0x200055d4       0x18 ./freertos/freertos_kernel/tasks.o
                0x200055d4                vTaskMissedYield
 .text.prvIdleTask
                0x200055ec       0x30 ./freertos/freertos_kernel/tasks.o
 .text.prvInitialiseTaskLists
                0x2000561c       0x80 ./freertos/freertos_kernel/tasks.o
 .text.prvCheckTasksWaitingTermination
                0x2000569c       0x5c ./freertos/freertos_kernel/tasks.o
 .text.prvResetNextTaskUnblockTime
                0x200056f8       0x38 ./freertos/freertos_kernel/tasks.o
 .text.xTaskGetCurrentTaskHandle
                0x20005730       0x20 ./freertos/freertos_kernel/tasks.o
                0x20005730                xTaskGetCurrentTaskHandle
 .text.xTaskGetSchedulerState
                0x20005750       0x3c ./freertos/freertos_kernel/tasks.o
                0x20005750                xTaskGetSchedulerState
 .text.xTaskPriorityInherit
                0x2000578c       0xec ./freertos/freertos_kernel/tasks.o
                0x2000578c                xTaskPriorityInherit
 .text.xTaskPriorityDisinherit
                0x20005878       0xf4 ./freertos/freertos_kernel/tasks.o
                0x20005878                xTaskPriorityDisinherit
 .text.vTaskPriorityDisinheritAfterTimeout
                0x2000596c      0x11c ./freertos/freertos_kernel/tasks.o
                0x2000596c                vTaskPriorityDisinheritAfterTimeout
 .text.pvTaskIncrementMutexHeldCount
                0x20005a88       0x28 ./freertos/freertos_kernel/tasks.o
                0x20005a88                pvTaskIncrementMutexHeldCount
 .text.prvAddCurrentTaskToDelayedList
                0x20005ab0       0xcc ./freertos/freertos_kernel/tasks.o
 .text.xTimerCreateTimerTask
                0x20005b7c       0x64 ./freertos/freertos_kernel/timers.o
                0x20005b7c                xTimerCreateTimerTask
 .text.xTimerGenericCommand
                0x20005be0       0x9c ./freertos/freertos_kernel/timers.o
                0x20005be0                xTimerGenericCommand
 .text.prvProcessExpiredTimer
                0x20005c7c       0x98 ./freertos/freertos_kernel/timers.o
 .text.prvProcessTimerOrBlockTask
                0x20005d14       0x9c ./freertos/freertos_kernel/timers.o
 .text.prvGetNextExpireTime
                0x20005db0       0x48 ./freertos/freertos_kernel/timers.o
 .text.prvSampleTimeNow
                0x20005df8       0x40 ./freertos/freertos_kernel/timers.o
 .text.prvInsertTimerInActiveList
                0x20005e38       0x84 ./freertos/freertos_kernel/timers.o
 .text.prvProcessReceivedCommands
                0x20005ebc      0x1c4 ./freertos/freertos_kernel/timers.o
 .text.prvSwitchTimerLists
                0x20006080       0xc8 ./freertos/freertos_kernel/timers.o
 .text.prvCheckForValidListAndQueue
                0x20006148       0x6c ./freertos/freertos_kernel/timers.o
 .text.sd_disk_write
                0x200061b4       0x40 ./fatfs/source/fsl_sd_disk/fsl_sd_disk.o
                0x200061b4                sd_disk_write
 .text.sd_disk_read
                0x200061f4       0x40 ./fatfs/source/fsl_sd_disk/fsl_sd_disk.o
                0x200061f4                sd_disk_read
 .text.sd_disk_initialize
                0x20006234       0x5c ./fatfs/source/fsl_sd_disk/fsl_sd_disk.o
                0x20006234                sd_disk_initialize
 .text.get_ldnumber
                0x20006290       0x90 ./fatfs/source/ff.o
 .text.check_fs
                0x20006320      0x170 ./fatfs/source/ff.o
 .text.mount_volume
                0x20006490      0x684 ./fatfs/source/ff.o
 .text.f_mount  0x20006b14       0x80 ./fatfs/source/ff.o
                0x20006b14                f_mount
 .text.L1CACHE_InvalidateDCacheByRange
                0x20006b94       0x68 ./drivers/fsl_cache.o
 .text.L1CACHE_CleanDCacheByRange
                0x20006bfc       0x68 ./drivers/fsl_cache.o
 .text.CLOCK_GetOscFreq
                0x20006c64       0x30 ./drivers/fsl_clock.o
 .text.CLOCK_InitExternalClk
                0x20006c94       0x6c ./drivers/fsl_clock.o
                0x20006c94                CLOCK_InitExternalClk
 .text.CLOCK_SwitchOsc
                0x20006d00       0x34 ./drivers/fsl_clock.o
                0x20006d00                CLOCK_SwitchOsc
 .text.CLOCK_InitRcOsc24M
                0x20006d34       0x24 ./drivers/fsl_clock.o
                0x20006d34                CLOCK_InitRcOsc24M
 .text.CLOCK_InitArmPll
                0x20006d58       0x68 ./drivers/fsl_clock.o
                0x20006d58                CLOCK_InitArmPll
 .text.CLOCK_InitSysPll
                0x20006dc0       0x9c ./drivers/fsl_clock.o
                0x20006dc0                CLOCK_InitSysPll
 .text.CLOCK_DeinitUsb1Pll
                0x20006e5c       0x18 ./drivers/fsl_clock.o
                0x20006e5c                CLOCK_DeinitUsb1Pll
 .text.CLOCK_DeinitUsb2Pll
                0x20006e74       0x18 ./drivers/fsl_clock.o
                0x20006e74                CLOCK_DeinitUsb2Pll
 .text.CLOCK_DeinitAudioPll
                0x20006e8c       0x1c ./drivers/fsl_clock.o
                0x20006e8c                CLOCK_DeinitAudioPll
 .text.CLOCK_DeinitVideoPll
                0x20006ea8       0x1c ./drivers/fsl_clock.o
                0x20006ea8                CLOCK_DeinitVideoPll
 .text.CLOCK_InitEnetPll
                0x20006ec4       0xb0 ./drivers/fsl_clock.o
                0x20006ec4                CLOCK_InitEnetPll
 .text.CLOCK_GetPllFreq
                0x20006f74      0x434 ./drivers/fsl_clock.o
                0x20006f74                CLOCK_GetPllFreq
 .text.CLOCK_InitSysPfd
                0x200073a8       0x64 ./drivers/fsl_clock.o
                0x200073a8                CLOCK_InitSysPfd
 .text.CLOCK_ControlGate
                0x2000740c       0x60 ./drivers/fsl_gpio.o
 .text.GPIO_GetInstance
                0x2000746c       0x4c ./drivers/fsl_gpio.o
 .text.GPIO_PinInit
                0x200074b8       0xa4 ./drivers/fsl_gpio.o
                0x200074b8                GPIO_PinInit
 .text.GPIO_PinWrite
                0x2000755c       0x48 ./drivers/fsl_gpio.o
                0x2000755c                GPIO_PinWrite
 .text.GPIO_PinSetInterruptConfig
                0x200075a4       0xfc ./drivers/fsl_gpio.o
                0x200075a4                GPIO_PinSetInterruptConfig
 .text.CLOCK_ControlGate
                0x200076a0       0x60 ./drivers/fsl_lpuart.o
 .text.LPUART_GetInstance
                0x20007700       0x4c ./drivers/fsl_lpuart.o
                0x20007700                LPUART_GetInstance
 .text.LPUART_Init
                0x2000774c      0x310 ./drivers/fsl_lpuart.o
                0x2000774c                LPUART_Init
 .text.LPUART_GetDefaultConfig
                0x20007a5c       0x88 ./drivers/fsl_lpuart.o
                0x20007a5c                LPUART_GetDefaultConfig
 .text.LPUART_WriteBlocking
                0x20007ae4       0x68 ./drivers/fsl_lpuart.o
                0x20007ae4                LPUART_WriteBlocking
 .text.LPUART1_DriverIRQHandler
                0x20007b4c       0x28 ./drivers/fsl_lpuart.o
                0x20007b4c                LPUART1_DriverIRQHandler
 .text.LPUART2_DriverIRQHandler
                0x20007b74       0x28 ./drivers/fsl_lpuart.o
                0x20007b74                LPUART2_DriverIRQHandler
 .text.LPUART3_DriverIRQHandler
                0x20007b9c       0x28 ./drivers/fsl_lpuart.o
                0x20007b9c                LPUART3_DriverIRQHandler
 .text.LPUART4_DriverIRQHandler
                0x20007bc4       0x28 ./drivers/fsl_lpuart.o
                0x20007bc4                LPUART4_DriverIRQHandler
 .text.LPUART5_DriverIRQHandler
                0x20007bec       0x28 ./drivers/fsl_lpuart.o
                0x20007bec                LPUART5_DriverIRQHandler
 .text.LPUART6_DriverIRQHandler
                0x20007c14       0x28 ./drivers/fsl_lpuart.o
                0x20007c14                LPUART6_DriverIRQHandler
 .text.LPUART7_DriverIRQHandler
                0x20007c3c       0x28 ./drivers/fsl_lpuart.o
                0x20007c3c                LPUART7_DriverIRQHandler
 .text.LPUART8_DriverIRQHandler
                0x20007c64       0x28 ./drivers/fsl_lpuart.o
                0x20007c64                LPUART8_DriverIRQHandler
 .text.__NVIC_EnableIRQ
                0x20007c8c       0x3c ./drivers/fsl_usdhc.o
 .text.CLOCK_ControlGate
                0x20007cc8       0x60 ./drivers/fsl_usdhc.o
 .text.USDHC_GetInstance
                0x20007d28       0x48 ./drivers/fsl_usdhc.o
 .text.USDHC_ReceiveCommandResponse
                0x20007d70       0xc0 ./drivers/fsl_usdhc.o
 .text.USDHC_SendCommand
                0x20007e30      0x108 ./drivers/fsl_usdhc.o
                0x20007e30                USDHC_SendCommand
 .text.USDHC_Init
                0x20007f38      0x13c ./drivers/fsl_usdhc.o
                0x20007f38                USDHC_Init
 .text.USDHC_Deinit
                0x20008074       0x28 ./drivers/fsl_usdhc.o
                0x20008074                USDHC_Deinit
 .text.USDHC_SetSdClock
                0x2000809c      0x198 ./drivers/fsl_usdhc.o
                0x2000809c                USDHC_SetSdClock
 .text.USDHC_SetADMA1Descriptor
                0x20008234      0x180 ./drivers/fsl_usdhc.o
                0x20008234                USDHC_SetADMA1Descriptor
 .text.USDHC_SetADMA2Descriptor
                0x200083b4      0x1dc ./drivers/fsl_usdhc.o
                0x200083b4                USDHC_SetADMA2Descriptor
 .text.USDHC_SetInternalDmaConfig
                0x20008590       0xd0 ./drivers/fsl_usdhc.o
                0x20008590                USDHC_SetInternalDmaConfig
 .text.USDHC_SetAdmaTableConfig
                0x20008660      0x104 ./drivers/fsl_usdhc.o
                0x20008660                USDHC_SetAdmaTableConfig
 .text.USDHC_TransferNonBlocking
                0x20008764      0x204 ./drivers/fsl_usdhc.o
                0x20008764                USDHC_TransferNonBlocking
 .text.USDHC_SetTuningDelay
                0x20008968       0x94 ./drivers/fsl_usdhc.o
                0x20008968                USDHC_SetTuningDelay
 .text.USDHC_EnableStandardTuning
                0x200089fc       0x90 ./drivers/fsl_usdhc.o
                0x200089fc                USDHC_EnableStandardTuning
 .text.USDHC_TransferHandleCommand
                0x20008a8c       0xa8 ./drivers/fsl_usdhc.o
 .text.USDHC_TransferHandleData
                0x20008b34      0x114 ./drivers/fsl_usdhc.o
 .text.USDHC_TransferHandleReTuning
                0x20008c48       0x40 ./drivers/fsl_usdhc.o
 .text.USDHC_TransferCreateHandle
                0x20008c88       0xb0 ./drivers/fsl_usdhc.o
                0x20008c88                USDHC_TransferCreateHandle
 .text.USDHC_TransferHandleIRQ
                0x20008d38       0xb4 ./drivers/fsl_usdhc.o
                0x20008d38                USDHC_TransferHandleIRQ
 .text.USDHC1_DriverIRQHandler
                0x20008dec       0x28 ./drivers/fsl_usdhc.o
                0x20008dec                USDHC1_DriverIRQHandler
 .text.USDHC2_DriverIRQHandler
                0x20008e14       0x28 ./drivers/fsl_usdhc.o
                0x20008e14                USDHC2_DriverIRQHandler
 .text.SystemInit
                0x20008e3c      0x144 ./device/system_MIMXRT1064.o
                0x20008e3c                SystemInit
 .text.HAL_UartInitCommon
                0x20008f80       0xac ./component/uart/fsl_adapter_lpuart.o
 .text.HAL_UartInit
                0x2000902c       0x84 ./component/uart/fsl_adapter_lpuart.o
                0x2000902c                HAL_UartInit
 .text.HAL_UartSendBlocking
                0x200090b0       0x64 ./component/uart/fsl_adapter_lpuart.o
                0x200090b0                HAL_UartSendBlocking
 .text.OSA_TimeDelay
                0x20009114       0x30 ./component/osa/fsl_os_abstraction_free_rtos.o
                0x20009114                OSA_TimeDelay
 .text.OSA_SemaphoreCreate
                0x20009144       0x44 ./component/osa/fsl_os_abstraction_free_rtos.o
                0x20009144                OSA_SemaphoreCreate
 .text.OSA_SemaphoreDestroy
                0x20009188       0x30 ./component/osa/fsl_os_abstraction_free_rtos.o
                0x20009188                OSA_SemaphoreDestroy
 .text.OSA_SemaphoreWait
                0x200091b8       0x68 ./component/osa/fsl_os_abstraction_free_rtos.o
                0x200091b8                OSA_SemaphoreWait
 .text.OSA_SemaphorePost
                0x20009220       0x98 ./component/osa/fsl_os_abstraction_free_rtos.o
                0x20009220                OSA_SemaphorePost
 .text.OSA_MutexCreate
                0x200092b8       0x40 ./component/osa/fsl_os_abstraction_free_rtos.o
                0x200092b8                OSA_MutexCreate
 .text.OSA_MutexLock
                0x200092f8       0x68 ./component/osa/fsl_os_abstraction_free_rtos.o
                0x200092f8                OSA_MutexLock
 .text.OSA_MutexUnlock
                0x20009360       0x3c ./component/osa/fsl_os_abstraction_free_rtos.o
                0x20009360                OSA_MutexUnlock
 .text.OSA_MutexDestroy
                0x2000939c       0x30 ./component/osa/fsl_os_abstraction_free_rtos.o
                0x2000939c                OSA_MutexDestroy
 .text.ARM_MPU_Enable
                0x200093cc       0x44 ./board/board.o
 .text.ARM_MPU_Disable
                0x20009410       0x40 ./board/board.o
 .text.CLOCK_GetMux
                0x20009450       0x44 ./board/board.o
 .text.CLOCK_GetDiv
                0x20009494       0x44 ./board/board.o
 .text.CLOCK_GetOscFreq
                0x200094d8       0x30 ./board/board.o
 .text.BOARD_DebugConsoleSrcFreq
                0x20009508       0x64 ./board/board.o
                0x20009508                BOARD_DebugConsoleSrcFreq
 .text.BOARD_ConfigMPU
                0x2000956c      0x294 ./board/board.o
                0x2000956c                BOARD_ConfigMPU
 .text.CLOCK_SetMux
                0x20009800       0x9c ./board/clock_config.o
 .text.CLOCK_SetDiv
                0x2000989c       0x9c ./board/clock_config.o
 .text.CLOCK_ControlGate
                0x20009938       0x60 ./board/clock_config.o
 .text.CLOCK_SetXtalFreq
                0x20009998       0x20 ./board/clock_config.o
 .text.IOMUXC_MQSConfig
                0x200099b8       0x44 ./board/clock_config.o
 .text.BOARD_BootClockRUN
                0x200099fc      0x640 ./board/clock_config.o
                0x200099fc                BOARD_BootClockRUN
 .text.CLOCK_ControlGate
                0x2000a03c       0x60 ./board/pin_mux.o
 .text.BOARD_InitPins
                0x2000a09c      0x248 ./board/pin_mux.o
                0x2000a09c                BOARD_InitPins
 .text.malloc   0x2000a2e4       0xc8 c:/nxp/mcuxpressoide_11.6.0_8187/ide/plugins/com.nxp.mcuxpresso.tools.win32_11.6.0.202112161359/tools/bin/../lib/gcc/arm-none-eabi/10.3.1/../../../../arm-none-eabi/lib/thumb/v7e-m+fp/hard\libcr_c.a(alloc.o)
                0x2000a2e4                malloc
 .text._Csys_alloc
                0x2000a3ac       0x20 c:/nxp/mcuxpressoide_11.6.0_8187/ide/plugins/com.nxp.mcuxpresso.tools.win32_11.6.0.202112161359/tools/bin/../lib/gcc/arm-none-eabi/10.3.1/../../../../arm-none-eabi/lib/thumb/v7e-m+fp/hard\libcr_c.a(alloc.o)
                0x2000a3ac                _Csys_alloc
 .text.sprintf  0x2000a3cc       0x6c c:/nxp/mcuxpressoide_11.6.0_8187/ide/plugins/com.nxp.mcuxpresso.tools.win32_11.6.0.202112161359/tools/bin/../lib/gcc/arm-none-eabi/10.3.1/../../../../arm-none-eabi/lib/thumb/v7e-m+fp/hard\libcr_c.a(fpprintf.o)
                0x2000a3cc                sprintf
 .text.vsnprintf
                0x2000a438       0x68 c:/nxp/mcuxpressoide_11.6.0_8187/ide/plugins/com.nxp.mcuxpresso.tools.win32_11.6.0.202112161359/tools/bin/../lib/gcc/arm-none-eabi/10.3.1/../../../../arm-none-eabi/lib/thumb/v7e-m+fp/hard\libcr_c.a(fpprintf.o)
                0x2000a438                vsnprintf
 .text.printf   0x2000a4a0       0x54 c:/nxp/mcuxpressoide_11.6.0_8187/ide/plugins/com.nxp.mcuxpresso.tools.win32_11.6.0.202112161359/tools/bin/../lib/gcc/arm-none-eabi/10.3.1/../../../../arm-none-eabi/lib/thumb/v7e-m+fp/hard\libcr_c.a(fpprintf.o)
                0x2000a4a0                printf
 .text._initio  0x2000a4f4       0x78 c:/nxp/mcuxpressoide_11.6.0_8187/ide/plugins/com.nxp.mcuxpresso.tools.win32_11.6.0.202112161359/tools/bin/../lib/gcc/arm-none-eabi/10.3.1/../../../../arm-none-eabi/lib/thumb/v7e-m+fp/hard\libcr_c.a(initio.o)
                0x2000a4f4                _initio
 .text.__vfprintf
                0x2000a56c      0xbf8 c:/nxp/mcuxpressoide_11.6.0_8187/ide/plugins/com.nxp.mcuxpresso.tools.win32_11.6.0.202112161359/tools/bin/../lib/gcc/arm-none-eabi/10.3.1/../../../../arm-none-eabi/lib/thumb/v7e-m+fp/hard\libcr_c.a(printf.o)
                0x2000a56c                __vfprintf
 .text._sbrk    0x2000b164       0x3c c:/nxp/mcuxpressoide_11.6.0_8187/ide/plugins/com.nxp.mcuxpresso.tools.win32_11.6.0.202112161359/tools/bin/../lib/gcc/arm-none-eabi/10.3.1/../../../../arm-none-eabi/lib/thumb/v7e-m+fp/hard\libcr_c.a(_cr_sbrk.o)
                0x2000b164                _sbrk
 .text._Cwritebuf
                0x2000b1a0       0x6c c:/nxp/mcuxpressoide_11.6.0_8187/ide/plugins/com.nxp.mcuxpresso.tools.win32_11.6.0.202112161359/tools/bin/../lib/gcc/arm-none-eabi/10.3.1/../../../../arm-none-eabi/lib/thumb/v7e-m+fp/hard\libcr_c.a(_writebuf.o)
                0x2000b1a0                _Cwritebuf
 .text.fflush   0x2000b20c       0x3c c:/nxp/mcuxpressoide_11.6.0_8187/ide/plugins/com.nxp.mcuxpresso.tools.win32_11.6.0.202112161359/tools/bin/../lib/gcc/arm-none-eabi/10.3.1/../../../../arm-none-eabi/lib/thumb/v7e-m+fp/hard\libcr_c.a(fflush.o)
                0x2000b20c                fflush
 .text.fseek    0x2000b248       0xfc c:/nxp/mcuxpressoide_11.6.0_8187/ide/plugins/com.nxp.mcuxpresso.tools.win32_11.6.0.202112161359/tools/bin/../lib/gcc/arm-none-eabi/10.3.1/../../../../arm-none-eabi/lib/thumb/v7e-m+fp/hard\libcr_c.a(fseek.o)
                0x2000b248                fseek
 .text.ftell    0x2000b344       0x44 c:/nxp/mcuxpressoide_11.6.0_8187/ide/plugins/com.nxp.mcuxpresso.tools.win32_11.6.0.202112161359/tools/bin/../lib/gcc/arm-none-eabi/10.3.1/../../../../arm-none-eabi/lib/thumb/v7e-m+fp/hard\libcr_c.a(ftell.o)
                0x2000b344                ftell
 .text.__check_heap_overflow
                0x2000b388       0x18 c:/nxp/mcuxpressoide_11.6.0_8187/ide/plugins/com.nxp.mcuxpresso.tools.win32_11.6.0.202112161359/tools/bin/../lib/gcc/arm-none-eabi/10.3.1/../../../../arm-none-eabi/lib/thumb/v7e-m+fp/hard\libcr_c.a(_cr_check_heap.o)
                0x2000b388                __check_heap_overflow
 .text.__aeabi_dmul
                0x2000b3a0       0xfc c:/nxp/mcuxpressoide_11.6.0_8187/ide/plugins/com.nxp.mcuxpresso.tools.win32_11.6.0.202112161359/tools/bin/../lib/gcc/arm-none-eabi/10.3.1/thumb/v7e-m+fp/hard\libcr_eabihelpers.a(double.o)
                0x2000b3a0                __aeabi_dmul
 .text.__aeabi_ddiv
                0x2000b49c      0x138 c:/nxp/mcuxpressoide_11.6.0_8187/ide/plugins/com.nxp.mcuxpresso.tools.win32_11.6.0.202112161359/tools/bin/../lib/gcc/arm-none-eabi/10.3.1/thumb/v7e-m+fp/hard\libcr_eabihelpers.a(double.o)
                0x2000b49c                __aeabi_ddiv
 .text.__aeabi_dsub
                0x2000b5d4      0x1ac c:/nxp/mcuxpressoide_11.6.0_8187/ide/plugins/com.nxp.mcuxpresso.tools.win32_11.6.0.202112161359/tools/bin/../lib/gcc/arm-none-eabi/10.3.1/thumb/v7e-m+fp/hard\libcr_eabihelpers.a(double.o)
                0x2000b5d4                __aeabi_dsub
 .text.__aeabi_dadd
                0x2000b780      0x114 c:/nxp/mcuxpressoide_11.6.0_8187/ide/plugins/com.nxp.mcuxpresso.tools.win32_11.6.0.202112161359/tools/bin/../lib/gcc/arm-none-eabi/10.3.1/thumb/v7e-m+fp/hard\libcr_eabihelpers.a(double.o)
                0x2000b780                __aeabi_dadd
 .text.__sys_appexit
                0x2000b894        0xc c:/nxp/mcuxpressoide_11.6.0_8187/ide/plugins/com.nxp.mcuxpresso.tools.win32_11.6.0.202112161359/tools/bin/../lib/gcc/arm-none-eabi/10.3.1/../../../../arm-none-eabi/lib/thumb/v7e-m+fp/hard\libcr_semihost_nf.a(__sys_appexit.o)
                0x2000b894                __sys_appexit
                0x2000b894                __exit
 .text.__sys_write
                0x2000b8a0       0x3e ./utilities/fsl_debug_console.o
                0x2000b8a0                __sys_write
 .text.DMA0_DMA16_IRQHandler
                0x2000b8de        0x8 ./startup/startup_mimxrt1064.o
                0x2000b8de                DMA0_DMA16_IRQHandler
 .text.DMA1_DMA17_IRQHandler
                0x2000b8e6        0x8 ./startup/startup_mimxrt1064.o
                0x2000b8e6                DMA1_DMA17_IRQHandler
 .text.DMA2_DMA18_IRQHandler
                0x2000b8ee        0x8 ./startup/startup_mimxrt1064.o
                0x2000b8ee                DMA2_DMA18_IRQHandler
 .text.DMA3_DMA19_IRQHandler
                0x2000b8f6        0x8 ./startup/startup_mimxrt1064.o
                0x2000b8f6                DMA3_DMA19_IRQHandler
 .text.DMA4_DMA20_IRQHandler
                0x2000b8fe        0x8 ./startup/startup_mimxrt1064.o
                0x2000b8fe                DMA4_DMA20_IRQHandler
 .text.DMA5_DMA21_IRQHandler
                0x2000b906        0x8 ./startup/startup_mimxrt1064.o
                0x2000b906                DMA5_DMA21_IRQHandler
 .text.DMA6_DMA22_IRQHandler
                0x2000b90e        0x8 ./startup/startup_mimxrt1064.o
                0x2000b90e                DMA6_DMA22_IRQHandler
 .text.DMA7_DMA23_IRQHandler
                0x2000b916        0x8 ./startup/startup_mimxrt1064.o
                0x2000b916                DMA7_DMA23_IRQHandler
 .text.DMA8_DMA24_IRQHandler
                0x2000b91e        0x8 ./startup/startup_mimxrt1064.o
                0x2000b91e                DMA8_DMA24_IRQHandler
 .text.DMA9_DMA25_IRQHandler
                0x2000b926        0x8 ./startup/startup_mimxrt1064.o
                0x2000b926                DMA9_DMA25_IRQHandler
 .text.DMA10_DMA26_IRQHandler
                0x2000b92e        0x8 ./startup/startup_mimxrt1064.o
                0x2000b92e                DMA10_DMA26_IRQHandler
 .text.DMA11_DMA27_IRQHandler
                0x2000b936        0x8 ./startup/startup_mimxrt1064.o
                0x2000b936                DMA11_DMA27_IRQHandler
 .text.DMA12_DMA28_IRQHandler
                0x2000b93e        0x8 ./startup/startup_mimxrt1064.o
                0x2000b93e                DMA12_DMA28_IRQHandler
 .text.DMA13_DMA29_IRQHandler
                0x2000b946        0x8 ./startup/startup_mimxrt1064.o
                0x2000b946                DMA13_DMA29_IRQHandler
 .text.DMA14_DMA30_IRQHandler
                0x2000b94e        0x8 ./startup/startup_mimxrt1064.o
                0x2000b94e                DMA14_DMA30_IRQHandler
 .text.DMA15_DMA31_IRQHandler
                0x2000b956        0x8 ./startup/startup_mimxrt1064.o
                0x2000b956                DMA15_DMA31_IRQHandler
 .text.DMA_ERROR_IRQHandler
                0x2000b95e        0x8 ./startup/startup_mimxrt1064.o
                0x2000b95e                DMA_ERROR_IRQHandler
 .text.CTI0_ERROR_IRQHandler
                0x2000b966        0x8 ./startup/startup_mimxrt1064.o
                0x2000b966                CTI0_ERROR_IRQHandler
 .text.CTI1_ERROR_IRQHandler
                0x2000b96e        0x8 ./startup/startup_mimxrt1064.o
                0x2000b96e                CTI1_ERROR_IRQHandler
 .text.CORE_IRQHandler
                0x2000b976        0x8 ./startup/startup_mimxrt1064.o
                0x2000b976                CORE_IRQHandler
 .text.LPUART1_IRQHandler
                0x2000b97e        0x8 ./startup/startup_mimxrt1064.o
                0x2000b97e                LPUART1_IRQHandler
 .text.LPUART2_IRQHandler
                0x2000b986        0x8 ./startup/startup_mimxrt1064.o
                0x2000b986                LPUART2_IRQHandler
 .text.LPUART3_IRQHandler
                0x2000b98e        0x8 ./startup/startup_mimxrt1064.o
                0x2000b98e                LPUART3_IRQHandler
 .text.LPUART4_IRQHandler
                0x2000b996        0x8 ./startup/startup_mimxrt1064.o
                0x2000b996                LPUART4_IRQHandler
 .text.LPUART5_IRQHandler
                0x2000b99e        0x8 ./startup/startup_mimxrt1064.o
                0x2000b99e                LPUART5_IRQHandler
 .text.LPUART6_IRQHandler
                0x2000b9a6        0x8 ./startup/startup_mimxrt1064.o
                0x2000b9a6                LPUART6_IRQHandler
 .text.LPUART7_IRQHandler
                0x2000b9ae        0x8 ./startup/startup_mimxrt1064.o
                0x2000b9ae                LPUART7_IRQHandler
 .text.LPUART8_IRQHandler
                0x2000b9b6        0x8 ./startup/startup_mimxrt1064.o
                0x2000b9b6                LPUART8_IRQHandler
 .text.LPI2C1_IRQHandler
                0x2000b9be        0x8 ./startup/startup_mimxrt1064.o
                0x2000b9be                LPI2C1_IRQHandler
 .text.LPI2C2_IRQHandler
                0x2000b9c6        0x8 ./startup/startup_mimxrt1064.o
                0x2000b9c6                LPI2C2_IRQHandler
 .text.LPI2C3_IRQHandler
                0x2000b9ce        0x8 ./startup/startup_mimxrt1064.o
                0x2000b9ce                LPI2C3_IRQHandler
 .text.LPI2C4_IRQHandler
                0x2000b9d6        0x8 ./startup/startup_mimxrt1064.o
                0x2000b9d6                LPI2C4_IRQHandler
 .text.LPSPI1_IRQHandler
                0x2000b9de        0x8 ./startup/startup_mimxrt1064.o
                0x2000b9de                LPSPI1_IRQHandler
 .text.LPSPI2_IRQHandler
                0x2000b9e6        0x8 ./startup/startup_mimxrt1064.o
                0x2000b9e6                LPSPI2_IRQHandler
 .text.LPSPI3_IRQHandler
                0x2000b9ee        0x8 ./startup/startup_mimxrt1064.o
                0x2000b9ee                LPSPI3_IRQHandler
 .text.LPSPI4_IRQHandler
                0x2000b9f6        0x8 ./startup/startup_mimxrt1064.o
                0x2000b9f6                LPSPI4_IRQHandler
 .text.CAN1_IRQHandler
                0x2000b9fe        0x8 ./startup/startup_mimxrt1064.o
                0x2000b9fe                CAN1_IRQHandler
 .text.CAN2_IRQHandler
                0x2000ba06        0x8 ./startup/startup_mimxrt1064.o
                0x2000ba06                CAN2_IRQHandler
 .text.FLEXRAM_IRQHandler
                0x2000ba0e        0x8 ./startup/startup_mimxrt1064.o
                0x2000ba0e                FLEXRAM_IRQHandler
 .text.KPP_IRQHandler
                0x2000ba16        0x8 ./startup/startup_mimxrt1064.o
                0x2000ba16                KPP_IRQHandler
 .text.TSC_DIG_IRQHandler
                0x2000ba1e        0x8 ./startup/startup_mimxrt1064.o
                0x2000ba1e                TSC_DIG_IRQHandler
 .text.GPR_IRQ_IRQHandler
                0x2000ba26        0x8 ./startup/startup_mimxrt1064.o
                0x2000ba26                GPR_IRQ_IRQHandler
 .text.LCDIF_IRQHandler
                0x2000ba2e        0x8 ./startup/startup_mimxrt1064.o
                0x2000ba2e                LCDIF_IRQHandler
 .text.CSI_IRQHandler
                0x2000ba36        0x8 ./startup/startup_mimxrt1064.o
                0x2000ba36                CSI_IRQHandler
 .text.PXP_IRQHandler
                0x2000ba3e        0x8 ./startup/startup_mimxrt1064.o
                0x2000ba3e                PXP_IRQHandler
 .text.WDOG2_IRQHandler
                0x2000ba46        0x8 ./startup/startup_mimxrt1064.o
                0x2000ba46                WDOG2_IRQHandler
 .text.SNVS_HP_WRAPPER_IRQHandler
                0x2000ba4e        0x8 ./startup/startup_mimxrt1064.o
                0x2000ba4e                SNVS_HP_WRAPPER_IRQHandler
 .text.SNVS_HP_WRAPPER_TZ_IRQHandler
                0x2000ba56        0x8 ./startup/startup_mimxrt1064.o
                0x2000ba56                SNVS_HP_WRAPPER_TZ_IRQHandler
 .text.SNVS_LP_WRAPPER_IRQHandler
                0x2000ba5e        0x8 ./startup/startup_mimxrt1064.o
                0x2000ba5e                SNVS_LP_WRAPPER_IRQHandler
 .text.CSU_IRQHandler
                0x2000ba66        0x8 ./startup/startup_mimxrt1064.o
                0x2000ba66                CSU_IRQHandler
 .text.DCP_IRQHandler
                0x2000ba6e        0x8 ./startup/startup_mimxrt1064.o
                0x2000ba6e                DCP_IRQHandler
 .text.DCP_VMI_IRQHandler
                0x2000ba76        0x8 ./startup/startup_mimxrt1064.o
                0x2000ba76                DCP_VMI_IRQHandler
 .text.Reserved68_IRQHandler
                0x2000ba7e        0x8 ./startup/startup_mimxrt1064.o
                0x2000ba7e                Reserved68_IRQHandler
 .text.TRNG_IRQHandler
                0x2000ba86        0x8 ./startup/startup_mimxrt1064.o
                0x2000ba86                TRNG_IRQHandler
 .text.SJC_IRQHandler
                0x2000ba8e        0x8 ./startup/startup_mimxrt1064.o
                0x2000ba8e                SJC_IRQHandler
 .text.BEE_IRQHandler
                0x2000ba96        0x8 ./startup/startup_mimxrt1064.o
                0x2000ba96                BEE_IRQHandler
 .text.SAI1_IRQHandler
                0x2000ba9e        0x8 ./startup/startup_mimxrt1064.o
                0x2000ba9e                SAI1_IRQHandler
 .text.SAI2_IRQHandler
                0x2000baa6        0x8 ./startup/startup_mimxrt1064.o
                0x2000baa6                SAI2_IRQHandler
 .text.SAI3_RX_IRQHandler
                0x2000baae        0x8 ./startup/startup_mimxrt1064.o
                0x2000baae                SAI3_RX_IRQHandler
 .text.SAI3_TX_IRQHandler
                0x2000bab6        0x8 ./startup/startup_mimxrt1064.o
                0x2000bab6                SAI3_TX_IRQHandler
 .text.SPDIF_IRQHandler
                0x2000babe        0x8 ./startup/startup_mimxrt1064.o
                0x2000babe                SPDIF_IRQHandler
 .text.PMU_EVENT_IRQHandler
                0x2000bac6        0x8 ./startup/startup_mimxrt1064.o
                0x2000bac6                PMU_EVENT_IRQHandler
 .text.Reserved78_IRQHandler
                0x2000bace        0x8 ./startup/startup_mimxrt1064.o
                0x2000bace                Reserved78_IRQHandler
 .text.TEMP_LOW_HIGH_IRQHandler
                0x2000bad6        0x8 ./startup/startup_mimxrt1064.o
                0x2000bad6                TEMP_LOW_HIGH_IRQHandler
 .text.TEMP_PANIC_IRQHandler
                0x2000bade        0x8 ./startup/startup_mimxrt1064.o
                0x2000bade                TEMP_PANIC_IRQHandler
 .text.USB_PHY1_IRQHandler
                0x2000bae6        0x8 ./startup/startup_mimxrt1064.o
                0x2000bae6                USB_PHY1_IRQHandler
 .text.USB_PHY2_IRQHandler
                0x2000baee        0x8 ./startup/startup_mimxrt1064.o
                0x2000baee                USB_PHY2_IRQHandler
 .text.ADC1_IRQHandler
                0x2000baf6        0x8 ./startup/startup_mimxrt1064.o
                0x2000baf6                ADC1_IRQHandler
 .text.ADC2_IRQHandler
                0x2000bafe        0x8 ./startup/startup_mimxrt1064.o
                0x2000bafe                ADC2_IRQHandler
 .text.DCDC_IRQHandler
                0x2000bb06        0x8 ./startup/startup_mimxrt1064.o
                0x2000bb06                DCDC_IRQHandler
 .text.Reserved86_IRQHandler
                0x2000bb0e        0x8 ./startup/startup_mimxrt1064.o
                0x2000bb0e                Reserved86_IRQHandler
 .text.GPIO10_IRQHandler
                0x2000bb16        0x8 ./startup/startup_mimxrt1064.o
                0x2000bb16                GPIO10_IRQHandler
 .text.GPIO1_INT0_IRQHandler
                0x2000bb1e        0x8 ./startup/startup_mimxrt1064.o
                0x2000bb1e                GPIO1_INT0_IRQHandler
 .text.GPIO1_INT1_IRQHandler
                0x2000bb26        0x8 ./startup/startup_mimxrt1064.o
                0x2000bb26                GPIO1_INT1_IRQHandler
 .text.GPIO1_INT2_IRQHandler
                0x2000bb2e        0x8 ./startup/startup_mimxrt1064.o
                0x2000bb2e                GPIO1_INT2_IRQHandler
 .text.GPIO1_INT3_IRQHandler
                0x2000bb36        0x8 ./startup/startup_mimxrt1064.o
                0x2000bb36                GPIO1_INT3_IRQHandler
 .text.GPIO1_INT4_IRQHandler
                0x2000bb3e        0x8 ./startup/startup_mimxrt1064.o
                0x2000bb3e                GPIO1_INT4_IRQHandler
 .text.GPIO1_INT5_IRQHandler
                0x2000bb46        0x8 ./startup/startup_mimxrt1064.o
                0x2000bb46                GPIO1_INT5_IRQHandler
 .text.GPIO1_INT6_IRQHandler
                0x2000bb4e        0x8 ./startup/startup_mimxrt1064.o
                0x2000bb4e                GPIO1_INT6_IRQHandler
 .text.GPIO1_INT7_IRQHandler
                0x2000bb56        0x8 ./startup/startup_mimxrt1064.o
                0x2000bb56                GPIO1_INT7_IRQHandler
 .text.GPIO1_Combined_0_15_IRQHandler
                0x2000bb5e        0x8 ./startup/startup_mimxrt1064.o
                0x2000bb5e                GPIO1_Combined_0_15_IRQHandler
 .text.GPIO1_Combined_16_31_IRQHandler
                0x2000bb66        0x8 ./startup/startup_mimxrt1064.o
                0x2000bb66                GPIO1_Combined_16_31_IRQHandler
 .text.GPIO2_Combined_0_15_IRQHandler
                0x2000bb6e        0x8 ./startup/startup_mimxrt1064.o
                0x2000bb6e                GPIO2_Combined_0_15_IRQHandler
 .text.GPIO2_Combined_16_31_IRQHandler
                0x2000bb76        0x8 ./startup/startup_mimxrt1064.o
                0x2000bb76                GPIO2_Combined_16_31_IRQHandler
 .text.GPIO3_Combined_0_15_IRQHandler
                0x2000bb7e        0x8 ./startup/startup_mimxrt1064.o
                0x2000bb7e                GPIO3_Combined_0_15_IRQHandler
 .text.GPIO3_Combined_16_31_IRQHandler
                0x2000bb86        0x8 ./startup/startup_mimxrt1064.o
                0x2000bb86                GPIO3_Combined_16_31_IRQHandler
 .text.GPIO4_Combined_0_15_IRQHandler
                0x2000bb8e        0x8 ./startup/startup_mimxrt1064.o
                0x2000bb8e                GPIO4_Combined_0_15_IRQHandler
 .text.GPIO4_Combined_16_31_IRQHandler
                0x2000bb96        0x8 ./startup/startup_mimxrt1064.o
                0x2000bb96                GPIO4_Combined_16_31_IRQHandler
 .text.GPIO5_Combined_0_15_IRQHandler
                0x2000bb9e        0x8 ./startup/startup_mimxrt1064.o
                0x2000bb9e                GPIO5_Combined_0_15_IRQHandler
 .text.GPIO5_Combined_16_31_IRQHandler
                0x2000bba6        0x8 ./startup/startup_mimxrt1064.o
                0x2000bba6                GPIO5_Combined_16_31_IRQHandler
 .text.FLEXIO1_IRQHandler
                0x2000bbae        0x8 ./startup/startup_mimxrt1064.o
                0x2000bbae                FLEXIO1_IRQHandler
 .text.FLEXIO2_IRQHandler
                0x2000bbb6        0x8 ./startup/startup_mimxrt1064.o
                0x2000bbb6                FLEXIO2_IRQHandler
 .text.WDOG1_IRQHandler
                0x2000bbbe        0x8 ./startup/startup_mimxrt1064.o
                0x2000bbbe                WDOG1_IRQHandler
 .text.RTWDOG_IRQHandler
                0x2000bbc6        0x8 ./startup/startup_mimxrt1064.o
                0x2000bbc6                RTWDOG_IRQHandler
 .text.EWM_IRQHandler
                0x2000bbce        0x8 ./startup/startup_mimxrt1064.o
                0x2000bbce                EWM_IRQHandler
 .text.CCM_1_IRQHandler
                0x2000bbd6        0x8 ./startup/startup_mimxrt1064.o
                0x2000bbd6                CCM_1_IRQHandler
 .text.CCM_2_IRQHandler
                0x2000bbde        0x8 ./startup/startup_mimxrt1064.o
                0x2000bbde                CCM_2_IRQHandler
 .text.GPC_IRQHandler
                0x2000bbe6        0x8 ./startup/startup_mimxrt1064.o
                0x2000bbe6                GPC_IRQHandler
 .text.SRC_IRQHandler
                0x2000bbee        0x8 ./startup/startup_mimxrt1064.o
                0x2000bbee                SRC_IRQHandler
 .text.Reserved115_IRQHandler
                0x2000bbf6        0x8 ./startup/startup_mimxrt1064.o
                0x2000bbf6                Reserved115_IRQHandler
 .text.GPT1_IRQHandler
                0x2000bbfe        0x8 ./startup/startup_mimxrt1064.o
                0x2000bbfe                GPT1_IRQHandler
 .text.GPT2_IRQHandler
                0x2000bc06        0x8 ./startup/startup_mimxrt1064.o
                0x2000bc06                GPT2_IRQHandler
 .text.PWM1_0_IRQHandler
                0x2000bc0e        0x8 ./startup/startup_mimxrt1064.o
                0x2000bc0e                PWM1_0_IRQHandler
 .text.PWM1_1_IRQHandler
                0x2000bc16        0x8 ./startup/startup_mimxrt1064.o
                0x2000bc16                PWM1_1_IRQHandler
 .text.PWM1_2_IRQHandler
                0x2000bc1e        0x8 ./startup/startup_mimxrt1064.o
                0x2000bc1e                PWM1_2_IRQHandler
 .text.PWM1_3_IRQHandler
                0x2000bc26        0x8 ./startup/startup_mimxrt1064.o
                0x2000bc26                PWM1_3_IRQHandler
 .text.PWM1_FAULT_IRQHandler
                0x2000bc2e        0x8 ./startup/startup_mimxrt1064.o
                0x2000bc2e                PWM1_FAULT_IRQHandler
 .text.FLEXSPI2_IRQHandler
                0x2000bc36        0x8 ./startup/startup_mimxrt1064.o
                0x2000bc36                FLEXSPI2_IRQHandler
 .text.FLEXSPI_IRQHandler
                0x2000bc3e        0x8 ./startup/startup_mimxrt1064.o
                0x2000bc3e                FLEXSPI_IRQHandler
 .text.SEMC_IRQHandler
                0x2000bc46        0x8 ./startup/startup_mimxrt1064.o
                0x2000bc46                SEMC_IRQHandler
 .text.USDHC1_IRQHandler
                0x2000bc4e        0x8 ./startup/startup_mimxrt1064.o
                0x2000bc4e                USDHC1_IRQHandler
 .text.USDHC2_IRQHandler
                0x2000bc56        0x8 ./startup/startup_mimxrt1064.o
                0x2000bc56                USDHC2_IRQHandler
 .text.USB_OTG2_IRQHandler
                0x2000bc5e        0x8 ./startup/startup_mimxrt1064.o
                0x2000bc5e                USB_OTG2_IRQHandler
 .text.USB_OTG1_IRQHandler
                0x2000bc66        0x8 ./startup/startup_mimxrt1064.o
                0x2000bc66                USB_OTG1_IRQHandler
 .text.ENET_IRQHandler
                0x2000bc6e        0x8 ./startup/startup_mimxrt1064.o
                0x2000bc6e                ENET_IRQHandler
 .text.ENET_1588_Timer_IRQHandler
                0x2000bc76        0x8 ./startup/startup_mimxrt1064.o
                0x2000bc76                ENET_1588_Timer_IRQHandler
 .text.XBAR1_IRQ_0_1_IRQHandler
                0x2000bc7e        0x8 ./startup/startup_mimxrt1064.o
                0x2000bc7e                XBAR1_IRQ_0_1_IRQHandler
 .text.XBAR1_IRQ_2_3_IRQHandler
                0x2000bc86        0x8 ./startup/startup_mimxrt1064.o
                0x2000bc86                XBAR1_IRQ_2_3_IRQHandler
 .text.ADC_ETC_IRQ0_IRQHandler
                0x2000bc8e        0x8 ./startup/startup_mimxrt1064.o
                0x2000bc8e                ADC_ETC_IRQ0_IRQHandler
 .text.ADC_ETC_IRQ1_IRQHandler
                0x2000bc96        0x8 ./startup/startup_mimxrt1064.o
                0x2000bc96                ADC_ETC_IRQ1_IRQHandler
 .text.ADC_ETC_IRQ2_IRQHandler
                0x2000bc9e        0x8 ./startup/startup_mimxrt1064.o
                0x2000bc9e                ADC_ETC_IRQ2_IRQHandler
 .text.ADC_ETC_ERROR_IRQ_IRQHandler
                0x2000bca6        0x8 ./startup/startup_mimxrt1064.o
                0x2000bca6                ADC_ETC_ERROR_IRQ_IRQHandler
 .text.PIT_IRQHandler
                0x2000bcae        0x8 ./startup/startup_mimxrt1064.o
                0x2000bcae                PIT_IRQHandler
 .text.ACMP1_IRQHandler
                0x2000bcb6        0x8 ./startup/startup_mimxrt1064.o
                0x2000bcb6                ACMP1_IRQHandler
 .text.ACMP2_IRQHandler
                0x2000bcbe        0x8 ./startup/startup_mimxrt1064.o
                0x2000bcbe                ACMP2_IRQHandler
 .text.ACMP3_IRQHandler
                0x2000bcc6        0x8 ./startup/startup_mimxrt1064.o
                0x2000bcc6                ACMP3_IRQHandler
 .text.ACMP4_IRQHandler
                0x2000bcce        0x8 ./startup/startup_mimxrt1064.o
                0x2000bcce                ACMP4_IRQHandler
 .text.Reserved143_IRQHandler
                0x2000bcd6        0x8 ./startup/startup_mimxrt1064.o
                0x2000bcd6                Reserved143_IRQHandler
 .text.Reserved144_IRQHandler
                0x2000bcde        0x8 ./startup/startup_mimxrt1064.o
                0x2000bcde                Reserved144_IRQHandler
 .text.ENC1_IRQHandler
                0x2000bce6        0x8 ./startup/startup_mimxrt1064.o
                0x2000bce6                ENC1_IRQHandler
 .text.ENC2_IRQHandler
                0x2000bcee        0x8 ./startup/startup_mimxrt1064.o
                0x2000bcee                ENC2_IRQHandler
 .text.ENC3_IRQHandler
                0x2000bcf6        0x8 ./startup/startup_mimxrt1064.o
                0x2000bcf6                ENC3_IRQHandler
 .text.ENC4_IRQHandler
                0x2000bcfe        0x8 ./startup/startup_mimxrt1064.o
                0x2000bcfe                ENC4_IRQHandler
 .text.TMR1_IRQHandler
                0x2000bd06        0x8 ./startup/startup_mimxrt1064.o
                0x2000bd06                TMR1_IRQHandler
 .text.TMR2_IRQHandler
                0x2000bd0e        0x8 ./startup/startup_mimxrt1064.o
                0x2000bd0e                TMR2_IRQHandler
 .text.TMR3_IRQHandler
                0x2000bd16        0x8 ./startup/startup_mimxrt1064.o
                0x2000bd16                TMR3_IRQHandler
 .text.TMR4_IRQHandler
                0x2000bd1e        0x8 ./startup/startup_mimxrt1064.o
                0x2000bd1e                TMR4_IRQHandler
 .text.PWM2_0_IRQHandler
                0x2000bd26        0x8 ./startup/startup_mimxrt1064.o
                0x2000bd26                PWM2_0_IRQHandler
 .text.PWM2_1_IRQHandler
                0x2000bd2e        0x8 ./startup/startup_mimxrt1064.o
                0x2000bd2e                PWM2_1_IRQHandler
 .text.PWM2_2_IRQHandler
                0x2000bd36        0x8 ./startup/startup_mimxrt1064.o
                0x2000bd36                PWM2_2_IRQHandler
 .text.PWM2_3_IRQHandler
                0x2000bd3e        0x8 ./startup/startup_mimxrt1064.o
                0x2000bd3e                PWM2_3_IRQHandler
 .text.PWM2_FAULT_IRQHandler
                0x2000bd46        0x8 ./startup/startup_mimxrt1064.o
                0x2000bd46                PWM2_FAULT_IRQHandler
 .text.PWM3_0_IRQHandler
                0x2000bd4e        0x8 ./startup/startup_mimxrt1064.o
                0x2000bd4e                PWM3_0_IRQHandler
 .text.PWM3_1_IRQHandler
                0x2000bd56        0x8 ./startup/startup_mimxrt1064.o
                0x2000bd56                PWM3_1_IRQHandler
 .text.PWM3_2_IRQHandler
                0x2000bd5e        0x8 ./startup/startup_mimxrt1064.o
                0x2000bd5e                PWM3_2_IRQHandler
 .text.PWM3_3_IRQHandler
                0x2000bd66        0x8 ./startup/startup_mimxrt1064.o
                0x2000bd66                PWM3_3_IRQHandler
 .text.PWM3_FAULT_IRQHandler
                0x2000bd6e        0x8 ./startup/startup_mimxrt1064.o
                0x2000bd6e                PWM3_FAULT_IRQHandler
 .text.PWM4_0_IRQHandler
                0x2000bd76        0x8 ./startup/startup_mimxrt1064.o
                0x2000bd76                PWM4_0_IRQHandler
 .text.PWM4_1_IRQHandler
                0x2000bd7e        0x8 ./startup/startup_mimxrt1064.o
                0x2000bd7e                PWM4_1_IRQHandler
 .text.PWM4_2_IRQHandler
                0x2000bd86        0x8 ./startup/startup_mimxrt1064.o
                0x2000bd86                PWM4_2_IRQHandler
 .text.PWM4_3_IRQHandler
                0x2000bd8e        0x8 ./startup/startup_mimxrt1064.o
                0x2000bd8e                PWM4_3_IRQHandler
 .text.PWM4_FAULT_IRQHandler
                0x2000bd96        0x8 ./startup/startup_mimxrt1064.o
                0x2000bd96                PWM4_FAULT_IRQHandler
 .text.ENET2_IRQHandler
                0x2000bd9e        0x8 ./startup/startup_mimxrt1064.o
                0x2000bd9e                ENET2_IRQHandler
 .text.ENET2_1588_Timer_IRQHandler
                0x2000bda6        0x8 ./startup/startup_mimxrt1064.o
                0x2000bda6                ENET2_1588_Timer_IRQHandler
 .text.CAN3_IRQHandler
                0x2000bdae        0x8 ./startup/startup_mimxrt1064.o
                0x2000bdae                CAN3_IRQHandler
 .text.Reserved171_IRQHandler
                0x2000bdb6        0x8 ./startup/startup_mimxrt1064.o
                0x2000bdb6                Reserved171_IRQHandler
 .text.FLEXIO3_IRQHandler
                0x2000bdbe        0x8 ./startup/startup_mimxrt1064.o
                0x2000bdbe                FLEXIO3_IRQHandler
 .text.GPIO6_7_8_9_IRQHandler
                0x2000bdc6        0x8 ./startup/startup_mimxrt1064.o
                0x2000bdc6                GPIO6_7_8_9_IRQHandler
 .text.GPIO_WritePinOutput
                0x2000bdce       0x22 ./source/MIMXRT1064_Project_SD.o
 .text.HardFault_Handler
                0x2000bdf0       0x2c ./source/semihost_hardfault.o
                0x2000bdf0                HardFault_Handler
 .text.IOMUXC_SetPinConfig
                0x2000be1c       0x26 ./sdmmc/template/usdhc/sdmmc_config.o
 .text.GPIO_WritePinOutput
                0x2000be42       0x22 ./sdmmc/template/usdhc/sdmmc_config.o
 .text.BOARD_USDHC1ClockConfiguration
                0x2000be64       0x10 ./sdmmc/template/usdhc/sdmmc_config.o
                0x2000be64                BOARD_USDHC1ClockConfiguration
 .text.BOARD_SDCardGetDetectStatus
                0x2000be74       0x10 ./sdmmc/template/usdhc/sdmmc_config.o
                0x2000be74                BOARD_SDCardGetDetectStatus
 .text.USDHC_GetPresentStatusFlags
                0x2000be84       0x18 ./sdmmc/src/fsl_sd.o
 .text.USDHC_ForceClockOn
                0x2000be9c       0x40 ./sdmmc/src/fsl_sd.o
 .text.SDMMCHOST_SendCardActive
                0x2000bedc       0x1c ./sdmmc/src/fsl_sd.o
 .text.SDMMCHOST_SetCardClock
                0x2000bef8       0x24 ./sdmmc/src/fsl_sd.o
 .text.SDMMCHOST_IsCardBusy
                0x2000bf1c       0x2c ./sdmmc/src/fsl_sd.o
 .text.SDMMCHOST_GetSignalLineStatus
                0x2000bf48       0x24 ./sdmmc/src/fsl_sd.o
 .text.SDMMCHOST_EnableDDRMode
                0x2000bf6c       0x24 ./sdmmc/src/fsl_sd.o
 .text.SDMMCHOST_ForceClockOn
                0x2000bf90       0x22 ./sdmmc/src/fsl_sd.o
 .text.SD_SwitchIOVoltage
                0x2000bfb2       0x68 ./sdmmc/src/fsl_sd.o
 .text.SD_Deinit
                0x2000c01a       0x1c ./sdmmc/src/fsl_sd.o
                0x2000c01a                SD_Deinit
 .text.SD_HostDoReset
                0x2000c036       0x1a ./sdmmc/src/fsl_sd.o
                0x2000c036                SD_HostDoReset
 .text.SDMMC_GoIdle
                0x2000c050       0x56 ./sdmmc/src/fsl_sdmmc_common.o
                0x2000c050                SDMMC_GoIdle
 .text.SDMMC_OSADelay
                0x2000c0a6       0x16 ./sdmmc/osa/fsl_sdmmc_osa.o
                0x2000c0a6                SDMMC_OSADelay
 .text.USDHC_EnableInterruptStatus
                0x2000c0bc       0x22 ./sdmmc/host/fsl_sdmmc_host.o
 .text.USDHC_EnableInterruptSignal
                0x2000c0de       0x22 ./sdmmc/host/fsl_sdmmc_host.o
 .text.USDHC_DisableInterruptSignal
                0x2000c100       0x24 ./sdmmc/host/fsl_sdmmc_host.o
 .text.USDHC_GetInterruptStatusFlags
                0x2000c124       0x18 ./sdmmc/host/fsl_sdmmc_host.o
 .text.USDHC_ClearInterruptStatusFlags
                0x2000c13c       0x1c ./sdmmc/host/fsl_sdmmc_host.o
 .text.USDHC_GetAdmaErrorStatusFlags
                0x2000c158       0x1c ./sdmmc/host/fsl_sdmmc_host.o
 .text.USDHC_GetPresentStatusFlags
                0x2000c174       0x18 ./sdmmc/host/fsl_sdmmc_host.o
 .text.USDHC_ForceClockOn
                0x2000c18c       0x40 ./sdmmc/host/fsl_sdmmc_host.o
 .text.USDHC_SetDataBusWidth
                0x2000c1cc       0x2e ./sdmmc/host/fsl_sdmmc_host.o
 .text.USDHC_CardDetectByData3
                0x2000c1fa       0x38 ./sdmmc/host/fsl_sdmmc_host.o
 .text.UDSHC_SelectVoltage
                0x2000c232       0x40 ./sdmmc/host/fsl_sdmmc_host.o
 .text.USDHC_EnableAutoTuning
                0x2000c272       0x38 ./sdmmc/host/fsl_sdmmc_host.o
 .text.USDHC_GetTuningDelayStatus
                0x2000c2aa       0x1a ./sdmmc/host/fsl_sdmmc_host.o
 .text.USDHC_SetStandardTuningCounter
                0x2000c2c4       0x30 ./sdmmc/host/fsl_sdmmc_host.o
 .text.USDHC_GetExecuteStdTuningStatus
                0x2000c2f4       0x1c ./sdmmc/host/fsl_sdmmc_host.o
 .text.USDHC_CheckStdTuningResult
                0x2000c310       0x1c ./sdmmc/host/fsl_sdmmc_host.o
 .text.USDHC_CheckTuningError
                0x2000c32c       0x1c ./sdmmc/host/fsl_sdmmc_host.o
 .text.SDMMCHOST_DetectCardInsertByHost
                0x2000c348       0x84 ./sdmmc/host/fsl_sdmmc_host.o
 .text.SDMMCHOST_DetectCardRemoveByHost
                0x2000c3cc       0x84 ./sdmmc/host/fsl_sdmmc_host.o
 .text.SDMMCHOST_CardDetectStatus
                0x2000c450       0x96 ./sdmmc/host/fsl_sdmmc_host.o
                0x2000c450                SDMMCHOST_CardDetectStatus
 .text.SDMMCHOST_ConvertDataToLittleEndian
                0x2000c4e6       0xe2 ./sdmmc/host/fsl_sdmmc_host.o
                0x2000c4e6                SDMMCHOST_ConvertDataToLittleEndian
 .text.SDMMCHOST_TransferCompleteCallback
                0x2000c5c8       0x6a ./sdmmc/host/fsl_sdmmc_host.o
 .text.SDMMCHOST_TransferFunction
                0x2000c632      0x17c ./sdmmc/host/fsl_sdmmc_host.o
                0x2000c632                SDMMCHOST_TransferFunction
 .text.SDMMCHOST_ErrorRecovery
                0x2000c7ae       0x54 ./sdmmc/host/fsl_sdmmc_host.o
 .text.SDMMCHOST_SetCardPower
                0x2000c802       0x18 ./sdmmc/host/fsl_sdmmc_host.o
                0x2000c802                SDMMCHOST_SetCardPower
 .text.SDMMCHOST_SetCardBusWidth
                0x2000c81a       0x34 ./sdmmc/host/fsl_sdmmc_host.o
                0x2000c81a                SDMMCHOST_SetCardBusWidth
 .text.SDMMCHOST_Deinit
                0x2000c84e       0x46 ./sdmmc/host/fsl_sdmmc_host.o
                0x2000c84e                SDMMCHOST_Deinit
 .text.SDMMCHOST_SwitchToVoltage
                0x2000c894       0x32 ./sdmmc/host/fsl_sdmmc_host.o
                0x2000c894                SDMMCHOST_SwitchToVoltage
 .text.SDMMCHOST_ExecuteStdTuning
                0x2000c8c6      0x156 ./sdmmc/host/fsl_sdmmc_host.o
 .text.SDMMC_CheckTuningResult
                0x2000ca1c       0xae ./sdmmc/host/fsl_sdmmc_host.o
 .text.SDMMCHOST_ExecuteManualTuning
                0x2000caca      0x1c8 ./sdmmc/host/fsl_sdmmc_host.o
 .text.SDMMCHOST_ExecuteTuning
                0x2000cc92       0x3e ./sdmmc/host/fsl_sdmmc_host.o
                0x2000cc92                SDMMCHOST_ExecuteTuning
 .text.vListInitialise
                0x2000ccd0       0x40 ./freertos/freertos_kernel/list.o
                0x2000ccd0                vListInitialise
 .text.vListInitialiseItem
                0x2000cd10       0x1a ./freertos/freertos_kernel/list.o
                0x2000cd10                vListInitialiseItem
 .text.vListInsertEnd
                0x2000cd2a       0x48 ./freertos/freertos_kernel/list.o
                0x2000cd2a                vListInsertEnd
 .text.vListInsert
                0x2000cd72       0x72 ./freertos/freertos_kernel/list.o
                0x2000cd72                vListInsert
 .text.uxListRemove
                0x2000cde4       0x54 ./freertos/freertos_kernel/list.o
                0x2000cde4                uxListRemove
 .text.xQueueGenericCreate
                0x2000ce38       0xbe ./freertos/freertos_kernel/queue.o
                0x2000ce38                xQueueGenericCreate
 .text.prvInitialiseNewQueue
                0x2000cef6       0x46 ./freertos/freertos_kernel/queue.o
 .text.prvInitialiseMutex
                0x2000cf3c       0x34 ./freertos/freertos_kernel/queue.o
 .text.xQueueCreateMutex
                0x2000cf70       0x30 ./freertos/freertos_kernel/queue.o
                0x2000cf70                xQueueCreateMutex
 .text.xQueueGiveMutexRecursive
                0x2000cfa0       0x68 ./freertos/freertos_kernel/queue.o
                0x2000cfa0                xQueueGiveMutexRecursive
 .text.xQueueTakeMutexRecursive
                0x2000d008       0x6c ./freertos/freertos_kernel/queue.o
                0x2000d008                xQueueTakeMutexRecursive
 .text.xQueueCreateCountingSemaphore
                0x2000d074       0x66 ./freertos/freertos_kernel/queue.o
                0x2000d074                xQueueCreateCountingSemaphore
 .text.xQueueGenericSendFromISR
                0x2000d0da      0x154 ./freertos/freertos_kernel/queue.o
                0x2000d0da                xQueueGenericSendFromISR
 .text.xQueueGiveFromISR
                0x2000d22e      0x138 ./freertos/freertos_kernel/queue.o
                0x2000d22e                xQueueGiveFromISR
 .text.vQueueDelete
                0x2000d366       0x3c ./freertos/freertos_kernel/queue.o
                0x2000d366                vQueueDelete
 .text.prvGetDisinheritPriorityAfterTimeout
                0x2000d3a2       0x30 ./freertos/freertos_kernel/queue.o
 .text.prvCopyDataToQueue
                0x2000d3d2       0xd4 ./freertos/freertos_kernel/queue.o
 .text.prvCopyDataFromQueue
                0x2000d4a6       0x4c ./freertos/freertos_kernel/queue.o
 .text.prvUnlockQueue
                0x2000d4f2       0xa4 ./freertos/freertos_kernel/queue.o
 .text.prvIsQueueEmpty
                0x2000d596       0x2c ./freertos/freertos_kernel/queue.o
 .text.prvIsQueueFull
                0x2000d5c2       0x30 ./freertos/freertos_kernel/queue.o
 .text.vQueueWaitForMessageRestricted
                0x2000d5f2       0x68 ./freertos/freertos_kernel/queue.o
                0x2000d5f2                vQueueWaitForMessageRestricted
 .text.xTaskCreate
                0x2000d65a       0x82 ./freertos/freertos_kernel/tasks.o
                0x2000d65a                xTaskCreate
 .text.prvInitialiseNewTask
                0x2000d6dc      0x13a ./freertos/freertos_kernel/tasks.o
 .text.prvDeleteTCB
                0x2000d816       0x20 ./freertos/freertos_kernel/tasks.o
 .text.prvTimerTask
                0x2000d836       0x24 ./freertos/freertos_kernel/timers.o
 .text.sd_disk_status
                0x2000d85a       0x22 ./fatfs/source/fsl_sd_disk/fsl_sd_disk.o
                0x2000d85a                sd_disk_status
 .text.disk_status
                0x2000d87c       0x2c ./fatfs/source/diskio.o
                0x2000d87c                disk_status
 .text.disk_initialize
                0x2000d8a8       0x2c ./fatfs/source/diskio.o
                0x2000d8a8                disk_initialize
 .text.disk_read
                0x2000d8d4       0x36 ./fatfs/source/diskio.o
                0x2000d8d4                disk_read
 .text.disk_write
                0x2000d90a       0x36 ./fatfs/source/diskio.o
                0x2000d90a                disk_write
 .text.ld_word  0x2000d940       0x30 ./fatfs/source/ff.o
 .text.ld_dword
                0x2000d970       0x46 ./fatfs/source/ff.o
 .text.ld_qword
                0x2000d9b6      0x1b6 ./fatfs/source/ff.o
 .text.sync_window
                0x2000db6c       0x78 ./fatfs/source/ff.o
 .text.move_window
                0x2000dbe4       0x5a ./fatfs/source/ff.o
 .text.clst2sect
                0x2000dc3e       0x3e ./fatfs/source/ff.o
 .text.find_volume
                0x2000dc7c       0xbe ./fatfs/source/ff.o
 .text.DCACHE_InvalidateByRange
                0x2000dd3a       0x1a ./drivers/fsl_cache.o
                0x2000dd3a                DCACHE_InvalidateByRange
 .text.DCACHE_CleanByRange
                0x2000dd54       0x1a ./drivers/fsl_cache.o
                0x2000dd54                DCACHE_CleanByRange
 .text.CLOCK_IsPllBypassed
                0x2000dd6e       0x32 ./drivers/fsl_clock.o
 .text.CLOCK_IsPllEnabled
                0x2000dda0       0x3c ./drivers/fsl_clock.o
 .text.CLOCK_GetPllBypassRefClk
                0x2000dddc       0x34 ./drivers/fsl_clock.o
 .text._SDK_AtomicLocalClearAndSet4Byte
                0x2000de10       0x50 ./drivers/fsl_gpio.o
 .text.CLOCK_EnableClock
                0x2000de60       0x1e ./drivers/fsl_gpio.o
 .text.GPIO_SetPinInterruptConfig
                0x2000de7e       0x22 ./drivers/fsl_gpio.o
 .text._SDK_AtomicLocalClearAndSet4Byte
                0x2000dea0       0x50 ./drivers/fsl_lpuart.o
 .text.CLOCK_EnableClock
                0x2000def0       0x1e ./drivers/fsl_lpuart.o
 .text.LPUART_SoftwareReset
                0x2000df0e       0x2c ./drivers/fsl_lpuart.o
 .text._SDK_AtomicLocalClearAndSet4Byte
                0x2000df3a       0x50 ./drivers/fsl_usdhc.o
 .text.CLOCK_EnableClock
                0x2000df8a       0x1e ./drivers/fsl_usdhc.o
 .text.CLOCK_DisableClock
                0x2000dfa8       0x1e ./drivers/fsl_usdhc.o
 .text.EnableIRQ
                0x2000dfc6       0x32 ./drivers/fsl_usdhc.o
 .text.USDHC_EnableInternalDMA
                0x2000dff8       0x44 ./drivers/fsl_usdhc.o
 .text.USDHC_EnableInterruptSignal
                0x2000e03c       0x22 ./drivers/fsl_usdhc.o
 .text.USDHC_DisableInterruptSignal
                0x2000e05e       0x24 ./drivers/fsl_usdhc.o
 .text.USDHC_GetEnabledInterruptStatusFlags
                0x2000e082       0x22 ./drivers/fsl_usdhc.o
 .text.USDHC_GetInterruptStatusFlags
                0x2000e0a4       0x18 ./drivers/fsl_usdhc.o
 .text.USDHC_ClearInterruptStatusFlags
                0x2000e0bc       0x1c ./drivers/fsl_usdhc.o
 .text.USDHC_WriteData
                0x2000e0d8       0x1c ./drivers/fsl_usdhc.o
 .text.USDHC_ReadData
                0x2000e0f4       0x18 ./drivers/fsl_usdhc.o
 .text.USDHC_SetTransferConfig
                0x2000e10c      0x146 ./drivers/fsl_usdhc.o
 .text.USDHC_ReadDataPort
                0x2000e252       0xb0 ./drivers/fsl_usdhc.o
 .text.USDHC_WriteDataPort
                0x2000e302       0xb2 ./drivers/fsl_usdhc.o
 .text.USDHC_Reset
                0x2000e3b4       0x52 ./drivers/fsl_usdhc.o
                0x2000e3b4                USDHC_Reset
 .text.USDHC_SetCardActive
                0x2000e406       0x4c ./drivers/fsl_usdhc.o
                0x2000e406                USDHC_SetCardActive
 .text.USDHC_EnableDDRMode
                0x2000e452       0x88 ./drivers/fsl_usdhc.o
                0x2000e452                USDHC_EnableDDRMode
 .text.USDHC_EnableManualTuning
                0x2000e4da       0x54 ./drivers/fsl_usdhc.o
                0x2000e4da                USDHC_EnableManualTuning
 .text.USDHC_TransferHandleCardDetect
                0x2000e52e       0x4c ./drivers/fsl_usdhc.o
 .text.USDHC_TransferHandleSdioInterrupt
                0x2000e57a       0x28 ./drivers/fsl_usdhc.o
 .text.USDHC_TransferHandleBlockGap
                0x2000e5a2       0x28 ./drivers/fsl_usdhc.o
 .text.SystemInitHook
                0x2000e5ca        0xe ./device/system_MIMXRT1064.o
                0x2000e5ca                SystemInitHook
 .text.HAL_UartGetStatus
                0x2000e5d8       0x28 ./component/uart/fsl_adapter_lpuart.o
 .text.DisableGlobalIRQ
                0x2000e600       0x22 ./component/serial_manager/fsl_component_serial_manager.o
 .text.EnableGlobalIRQ
                0x2000e622       0x20 ./component/serial_manager/fsl_component_serial_manager.o
 .text.SerialManager_StartWriting
                0x2000e642       0x38 ./component/serial_manager/fsl_component_serial_manager.o
 .text.SerialManager_Write
                0x2000e67a       0x44 ./component/serial_manager/fsl_component_serial_manager.o
 .text.SerialManager_Init
                0x2000e6be       0x60 ./component/serial_manager/fsl_component_serial_manager.o
                0x2000e6be                SerialManager_Init
 .text.SerialManager_OpenWriteHandle
                0x2000e71e       0x50 ./component/serial_manager/fsl_component_serial_manager.o
                0x2000e71e                SerialManager_OpenWriteHandle
 .text.SerialManager_OpenReadHandle
                0x2000e76e       0x60 ./component/serial_manager/fsl_component_serial_manager.o
                0x2000e76e                SerialManager_OpenReadHandle
 .text.SerialManager_WriteBlocking
                0x2000e7ce       0x20 ./component/serial_manager/fsl_component_serial_manager.o
                0x2000e7ce                SerialManager_WriteBlocking
 .text.Serial_UartInit
                0x2000e7ee       0x3e ./component/serial_manager/fsl_component_serial_port_uart.o
                0x2000e7ee                Serial_UartInit
 .text.Serial_UartWrite
                0x2000e82c       0x38 ./component/serial_manager/fsl_component_serial_port_uart.o
                0x2000e82c                Serial_UartWrite
 .text.OSA_EnterCritical
                0x2000e864       0x40 ./component/osa/fsl_os_abstraction_free_rtos.o
                0x2000e864                OSA_EnterCritical
 .text.OSA_ExitCritical
                0x2000e8a4       0x2e ./component/osa/fsl_os_abstraction_free_rtos.o
                0x2000e8a4                OSA_ExitCritical
 .text.BOARD_InitDebugConsole
                0x2000e8d2       0x22 ./board/board.o
                0x2000e8d2                BOARD_InitDebugConsole
 .text._SDK_AtomicLocalClearAndSet4Byte
                0x2000e8f4       0x50 ./board/clock_config.o
 .text.CLOCK_DisableClock
                0x2000e944       0x1e ./board/clock_config.o
 .text.CLOCK_SetPllBypass
                0x2000e962       0x4e ./board/clock_config.o
 .text.IOMUXC_SetSaiMClkClockSource
                0x2000e9b0       0x6c ./board/clock_config.o
 .text.BOARD_InitBootClocks
                0x2000ea1c        0xc ./board/clock_config.o
                0x2000ea1c                BOARD_InitBootClocks
 .text.BOARD_InitPeripherals
                0x2000ea28        0xe ./board/peripherals.o
                0x2000ea28                BOARD_InitPeripherals
 .text.BOARD_InitBootPeripherals
                0x2000ea36        0xc ./board/peripherals.o
                0x2000ea36                BOARD_InitBootPeripherals
 .text._SDK_AtomicLocalClearAndSet4Byte