D:\Personal projects\Drum project\Desarrollo\RT1064\code\MIMXRT1064_Project_UART\drivers/fsl_semc.h:826:20:SEMC_IsInIdle	16	static
D:\Personal projects\Drum project\Desarrollo\RT1064\code\MIMXRT1064_Project_UART\drivers/fsl_semc.h:858:24:SEMC_BuildNandIPCommand	16	static
D:\Personal projects\Drum project\Desarrollo\RT1064\code\MIMXRT1064_Project_UART\drivers/fsl_semc.h:871:20:SEMC_IsNandReady	16	static
../nand_flash/fsl_semc_nand_flash.c:133:13:semc_nand_crc16_onfi_init	16	static
../nand_flash/fsl_semc_nand_flash.c:141:13:semc_nand_crc16_onfi_update	48	static
../nand_flash/fsl_semc_nand_flash.c:166:13:semc_nand_crc16_onfi_finalize	16	static
../nand_flash/fsl_semc_nand_flash.c:174:13:semc_get_default_timing_configure	24	static
../nand_flash/fsl_semc_nand_flash.c:196:17:semc_nand_get_onfi_timing_configure	328	static
../nand_flash/fsl_semc_nand_flash.c:425:17:semc_nand_wait_status_ready	40	static
../nand_flash/fsl_semc_nand_flash.c:482:17:semc_nand_issue_reset	40	static
../nand_flash/fsl_semc_nand_flash.c:510:17:semc_nand_set_device_ecc	40	static
../nand_flash/fsl_semc_nand_flash.c:568:17:semc_nand_issue_read_mode	40	static
../nand_flash/fsl_semc_nand_flash.c:590:17:semc_nand_issue_access_feature	40	static
../nand_flash/fsl_semc_nand_flash.c:655:17:semc_nand_issue_read_parameter	40	static
../nand_flash/fsl_semc_nand_flash.c:697:17:semc_nand_issue_read_status	48	static
../nand_flash/fsl_semc_nand_flash.c:744:17:semc_nand_issue_read_page	40	static
../nand_flash/fsl_semc_nand_flash.c:787:17:semc_nand_is_device_ecc_check_passed	24	static
../nand_flash/fsl_semc_nand_flash.c:823:10:Nand_Flash_Read_Page_Partial	48	static
../nand_flash/fsl_semc_nand_flash.c:881:10:Nand_Flash_Init	48	static
../nand_flash/fsl_semc_nand_flash.c:985:10:Nand_Flash_Read_Page	48	static
../nand_flash/fsl_semc_nand_flash.c:1042:10:Nand_Flash_Page_Program	56	static
../nand_flash/fsl_semc_nand_flash.c:1119:10:Nand_Flash_Erase_Block	40	static
