Archive member included to satisfy reference by file (symbol)

c:/nxp/mcuxpressoide_11.6.0_8187/ide/plugins/com.nxp.mcuxpresso.tools.win32_11.6.0.202112161359/tools/bin/../lib/gcc/arm-none-eabi/10.3.1/../../../../arm-none-eabi/lib/thumb/v7e-m+dp/hard\libcr_semihost_nf.a(_cr__main.o)
                              ./startup/startup_mimxrt1064.o (__main)
c:/nxp/mcuxpressoide_11.6.0_8187/ide/plugins/com.nxp.mcuxpresso.tools.win32_11.6.0.202112161359/tools/bin/../lib/gcc/arm-none-eabi/10.3.1/../../../../arm-none-eabi/lib/thumb/v7e-m+dp/hard\libcr_c.a(memcpy.o)
                              ./utilities/fsl_str.o (memcpy)
c:/nxp/mcuxpressoide_11.6.0_8187/ide/plugins/com.nxp.mcuxpresso.tools.win32_11.6.0.202112161359/tools/bin/../lib/gcc/arm-none-eabi/10.3.1/../../../../arm-none-eabi/lib/thumb/v7e-m+dp/hard\libcr_c.a(memset.o)
                              ./source/sdcard_fatfs_freertos.o (memset)
c:/nxp/mcuxpressoide_11.6.0_8187/ide/plugins/com.nxp.mcuxpresso.tools.win32_11.6.0.202112161359/tools/bin/../lib/gcc/arm-none-eabi/10.3.1/../../../../arm-none-eabi/lib/thumb/v7e-m+dp/hard\libcr_c.a(alloc.o)
                              ./drivers/fsl_common.o (malloc)
c:/nxp/mcuxpressoide_11.6.0_8187/ide/plugins/com.nxp.mcuxpresso.tools.win32_11.6.0.202112161359/tools/bin/../lib/gcc/arm-none-eabi/10.3.1/../../../../arm-none-eabi/lib/thumb/v7e-m+dp/hard\libcr_c.a(errno.o)
                              ./utilities/fsl_str.o (errno)
c:/nxp/mcuxpressoide_11.6.0_8187/ide/plugins/com.nxp.mcuxpresso.tools.win32_11.6.0.202112161359/tools/bin/../lib/gcc/arm-none-eabi/10.3.1/../../../../arm-none-eabi/lib/thumb/v7e-m+dp/hard\libcr_c.a(initio.o)
                              c:/nxp/mcuxpressoide_11.6.0_8187/ide/plugins/com.nxp.mcuxpresso.tools.win32_11.6.0.202112161359/tools/bin/../lib/gcc/arm-none-eabi/10.3.1/../../../../arm-none-eabi/lib/thumb/v7e-m+dp/hard\libcr_semihost_nf.a(_cr__main.o) (_initio)
c:/nxp/mcuxpressoide_11.6.0_8187/ide/plugins/com.nxp.mcuxpresso.tools.win32_11.6.0.202112161359/tools/bin/../lib/gcc/arm-none-eabi/10.3.1/../../../../arm-none-eabi/lib/thumb/v7e-m+dp/hard\libcr_c.a(memcmp.o)
                              ./fatfs/source/ff.o (memcmp)
c:/nxp/mcuxpressoide_11.6.0_8187/ide/plugins/com.nxp.mcuxpresso.tools.win32_11.6.0.202112161359/tools/bin/../lib/gcc/arm-none-eabi/10.3.1/../../../../arm-none-eabi/lib/thumb/v7e-m+dp/hard\libcr_c.a(printf.o)
                              ./utilities/fsl_assert.o (_printf)
c:/nxp/mcuxpressoide_11.6.0_8187/ide/plugins/com.nxp.mcuxpresso.tools.win32_11.6.0.202112161359/tools/bin/../lib/gcc/arm-none-eabi/10.3.1/../../../../arm-none-eabi/lib/thumb/v7e-m+dp/hard\libcr_c.a(scanf.o)
                              ./utilities/fsl_str.o (strtoul)
c:/nxp/mcuxpressoide_11.6.0_8187/ide/plugins/com.nxp.mcuxpresso.tools.win32_11.6.0.202112161359/tools/bin/../lib/gcc/arm-none-eabi/10.3.1/../../../../arm-none-eabi/lib/thumb/v7e-m+dp/hard\libcr_c.a(setvbuf.o)
                              c:/nxp/mcuxpressoide_11.6.0_8187/ide/plugins/com.nxp.mcuxpresso.tools.win32_11.6.0.202112161359/tools/bin/../lib/gcc/arm-none-eabi/10.3.1/../../../../arm-none-eabi/lib/thumb/v7e-m+dp/hard\libcr_c.a(initio.o) (setvbuf)
c:/nxp/mcuxpressoide_11.6.0_8187/ide/plugins/com.nxp.mcuxpresso.tools.win32_11.6.0.202112161359/tools/bin/../lib/gcc/arm-none-eabi/10.3.1/../../../../arm-none-eabi/lib/thumb/v7e-m+dp/hard\libcr_c.a(strchr.o)
                              ./fatfs/source/ff.o (strchr)
c:/nxp/mcuxpressoide_11.6.0_8187/ide/plugins/com.nxp.mcuxpresso.tools.win32_11.6.0.202112161359/tools/bin/../lib/gcc/arm-none-eabi/10.3.1/../../../../arm-none-eabi/lib/thumb/v7e-m+dp/hard\libcr_c.a(strlen.o)
                              ./utilities/fsl_str.o (strlen)
c:/nxp/mcuxpressoide_11.6.0_8187/ide/plugins/com.nxp.mcuxpresso.tools.win32_11.6.0.202112161359/tools/bin/../lib/gcc/arm-none-eabi/10.3.1/../../../../arm-none-eabi/lib/thumb/v7e-m+dp/hard\libcr_c.a(ungetc.o)
                              c:/nxp/mcuxpressoide_11.6.0_8187/ide/plugins/com.nxp.mcuxpresso.tools.win32_11.6.0.202112161359/tools/bin/../lib/gcc/arm-none-eabi/10.3.1/../../../../arm-none-eabi/lib/thumb/v7e-m+dp/hard\libcr_c.a(scanf.o) (ungetc)
c:/nxp/mcuxpressoide_11.6.0_8187/ide/plugins/com.nxp.mcuxpresso.tools.win32_11.6.0.202112161359/tools/bin/../lib/gcc/arm-none-eabi/10.3.1/../../../../arm-none-eabi/lib/thumb/v7e-m+dp/hard\libcr_c.a(__fillbuf.o)
                              c:/nxp/mcuxpressoide_11.6.0_8187/ide/plugins/com.nxp.mcuxpresso.tools.win32_11.6.0.202112161359/tools/bin/../lib/gcc/arm-none-eabi/10.3.1/../../../../arm-none-eabi/lib/thumb/v7e-m+dp/hard\libcr_c.a(scanf.o) (__filbuf)
c:/nxp/mcuxpressoide_11.6.0_8187/ide/plugins/com.nxp.mcuxpresso.tools.win32_11.6.0.202112161359/tools/bin/../lib/gcc/arm-none-eabi/10.3.1/../../../../arm-none-eabi/lib/thumb/v7e-m+dp/hard\libcr_c.a(__init_alloc.o)
[...]
Memory Configuration

Name             Origin             Length             Attributes
PROGRAM_FLASH    0x70000000         0x00400000         xr
SRAM_DTC         0x20000000         0x00020000         xrw
SRAM_ITC         0x00000000         0x00020000         xrw
SRAM_OC          0x20200000         0x000c0000         xrw
BOARD_SDRAM      0x80000000         0x01e00000         xrw
NCACHE_REGION    0x81e00000         0x00200000         xrw
*default*        0x00000000         0xffffffff

Linker script and memory map

LOAD ./xip/evkmimxrt1064_flexspi_nor_config.o
LOAD ./xip/fsl_flexspi_nor_boot.o
LOAD ./utilities/fsl_assert.o
LOAD ./utilities/fsl_debug_console.o
LOAD ./utilities/fsl_str.o
LOAD ./startup/startup_mimxrt1064.o
LOAD ./source/sdcard_fatfs_freertos.o
LOAD ./source/semihost_hardfault.o
LOAD ./sdmmc/template/usdhc/sdmmc_config.o
LOAD ./sdmmc/src/fsl_sd.o
LOAD ./sdmmc/src/fsl_sdmmc_common.o
LOAD ./sdmmc/osa/fsl_sdmmc_osa.o
LOAD ./sdmmc/host/fsl_sdmmc_host.o
LOAD ./freertos/freertos_kernel/portable/MemMang/heap_4.o
LOAD ./freertos/freertos_kernel/portable/GCC/ARM_CM4F/port.o
LOAD ./freertos/freertos_kernel/croutine.o
LOAD ./freertos/freertos_kernel/event_groups.o
LOAD ./freertos/freertos_kernel/list.o
LOAD ./freertos/freertos_kernel/queue.o
LOAD ./freertos/freertos_kernel/stream_buffer.o
LOAD ./freertos/freertos_kernel/tasks.o
LOAD ./freertos/freertos_kernel/timers.o
LOAD ./fatfs/source/fsl_sd_disk/fsl_sd_disk.o
LOAD ./fatfs/source/fsl_ram_disk/fsl_ram_disk.o
LOAD ./fatfs/source/diskio.o
LOAD ./fatfs/source/ff.o
LOAD ./fatfs/source/ffsystem.o
LOAD ./fatfs/source/ffunicode.o
LOAD ./drivers/fsl_cache.o
LOAD ./drivers/fsl_clock.o
LOAD ./drivers/fsl_common.o
LOAD ./drivers/fsl_common_arm.o
LOAD ./drivers/fsl_gpio.o
LOAD ./drivers/fsl_lpuart.o
LOAD ./drivers/fsl_semc.o
LOAD ./drivers/fsl_usdhc.o
LOAD ./device/system_MIMXRT1064.o
LOAD ./component/uart/fsl_adapter_lpuart.o
LOAD ./component/silicon_id/fsl_silicon_id.o
LOAD ./component/serial_manager/fsl_component_serial_manager.o
LOAD ./component/serial_manager/fsl_component_serial_port_uart.o
LOAD ./component/osa/fsl_os_abstraction_free_rtos.o
LOAD ./component/lists/fsl_component_generic_list.o
LOAD ./component/gpio/fsl_adapter_igpio.o
LOAD ./board/board.o
LOAD ./board/clock_config.o
LOAD ./board/dcd.o
LOAD ./board/peripherals.o
LOAD ./board/pin_mux.o
START GROUP
LOAD c:/nxp/mcuxpressoide_11.6.0_8187/ide/plugins/com.nxp.mcuxpresso.tools.win32_11.6.0.202112161359/tools/bin/../lib/gcc/arm-none-eabi/10.3.1/../../../../arm-none-eabi/lib/thumb/v7e-m+dp/hard\libcr_semihost_nf.a
LOAD c:/nxp/mcuxpressoide_11.6.0_8187/ide/plugins/com.nxp.mcuxpresso.tools.win32_11.6.0.202112161359/tools/bin/../lib/gcc/arm-none-eabi/10.3.1/../../../../arm-none-eabi/lib/thumb/v7e-m+dp/hard\libcr_c.a
LOAD c:/nxp/mcuxpressoide_11.6.0_8187/ide/plugins/com.nxp.mcuxpresso.tools.win32_11.6.0.202112161359/tools/bin/../lib/gcc/arm-none-eabi/10.3.1/thumb/v7e-m+dp/hard\libcr_eabihelpers.a
LOAD c:/nxp/mcuxpressoide_11.6.0_8187/ide/plugins/com.nxp.mcuxpresso.tools.win32_11.6.0.202112161359/tools/bin/../lib/gcc/arm-none-eabi/10.3.1/thumb/v7e-m+dp/hard\libgcc.a
END GROUP
                0x70000000                __base_PROGRAM_FLASH = 0x70000000
                0x70000000                __base_Flash = 0x70000000
                0x70400000                __top_PROGRAM_FLASH = 0x70400000
                0x70400000                __top_Flash = 0x70400000
                0x20000000                __base_SRAM_DTC = 0x20000000
                0x20000000                __base_RAM = 0x20000000
                0x20020000                __top_SRAM_DTC = 0x20020000
                0x20020000                __top_RAM = 0x20020000
                0x00000000                __base_SRAM_ITC = 0x0
                0x00000000                __base_RAM2 = 0x0
                0x00020000                __top_SRAM_ITC = 0x20000
                0x00020000                __top_RAM2 = 0x20000
                0x20200000                __base_SRAM_OC = 0x20200000
                0x20200000                __base_RAM3 = 0x20200000
                0x202c0000                __top_SRAM_OC = 0x202c0000
                0x202c0000                __top_RAM3 = 0x202c0000
                0x80000000                __base_BOARD_SDRAM = 0x80000000
                0x80000000                __base_RAM4 = 0x80000000
                0x81e00000                __top_BOARD_SDRAM = 0x81e00000
                0x81e00000                __top_RAM4 = 0x81e00000
                0x81e00000                __base_NCACHE_REGION = 0x81e00000
                0x81e00000                __base_RAM5 = 0x81e00000
                0x82000000                __top_NCACHE_REGION = 0x82000000
                0x82000000                __top_RAM5 = 0x82000000

.boot_hdr       0x70000000     0x2000
 FILL mask 0xff
                0x70000000                __boot_hdr_start__ = ABSOLUTE (.)
 *(SORT_BY_ALIGNMENT(.boot_hdr.conf))
 .boot_hdr.conf
                0x70000000      0x200 ./xip/evkmimxrt1064_flexspi_nor_config.o
                0x70000000                qspiflash_config
                0x00001000                . = 0x1000
 *fill*         0x70000200      0xe00 ff
 *(SORT_BY_ALIGNMENT(.boot_hdr.ivt))
 .boot_hdr.ivt  0x70001000       0x20 ./xip/fsl_flexspi_nor_boot.o
                0x70001000                image_vector_table
                0x00001020                . = 0x1020
 *(SORT_BY_ALIGNMENT(.boot_hdr.boot_data))
 .boot_hdr.boot_data
                0x70001020       0x10 ./xip/fsl_flexspi_nor_boot.o
                0x70001020                g_boot_data
                0x00001030                . = 0x1030
 *(SORT_BY_ALIGNMENT(.boot_hdr.dcd_data))
 .boot_hdr.dcd_data
                0x70001030      0x410 ./board/dcd.o
                0x70001030                dcd_data
                0x70001440                __boot_hdr_end__ = ABSOLUTE (.)
                0x00002000                . = 0x2000
 *fill*         0x70001440      0xbc0 ff

.text           0x70002000    0x111c0
 FILL mask 0xff
                0x70002000                __vectors_start__ = ABSOLUTE (.)
 *(SORT_BY_ALIGNMENT(.isr_vector))
 .isr_vector    0x70002000      0x2b8 ./startup/startup_mimxrt1064.o
                0x70002000                g_pfnVectors
                0x70002000                __Vectors
                0x700022b8                . = ALIGN (0x4)
                0x700022b8                __section_table_start = .
                0x700022b8                __data_section_table = .
                0x700022b8        0x4 LONG 0x7010d1c0 LOADADDR (.data)
                0x700022bc        0x4 LONG 0x20000000 ADDR (.data)
                0x700022c0        0x4 LONG 0x14 SIZEOF (.data)
                0x700022c4        0x4 LONG 0x700131c0 LOADADDR (.data_RAM2)
                0x700022c8        0x4 LONG 0x0 ADDR (.data_RAM2)
                0x700022cc        0x4 LONG 0x0 SIZEOF (.data_RAM2)
                0x700022d0        0x4 LONG 0x700131c0 LOADADDR (.data_RAM3)
                0x700022d4        0x4 LONG 0x20200000 ADDR (.data_RAM3)
                0x700022d8        0x4 LONG 0x0 SIZEOF (.data_RAM3)
                0x700022dc        0x4 LONG 0x700131c0 LOADADDR (.data_RAM4)
                0x700022e0        0x4 LONG 0x80000000 ADDR (.data_RAM4)
                0x700022e4        0x4 LONG 0xfa000 SIZEOF (.data_RAM4)
                0x700022e8        0x4 LONG 0x7010d1c0 LOADADDR (.data_RAM5)
                0x700022ec        0x4 LONG 0x81e00000 ADDR (.data_RAM5)
                0x700022f0        0x4 LONG 0x0 SIZEOF (.data_RAM5)
                0x700022f4                __data_section_table_end = .
                0x700022f4                __bss_section_table = .
                0x700022f4        0x4 LONG 0x20000014 ADDR (.bss)
                0x700022f8        0x4 LONG 0x327c SIZEOF (.bss)
                0x700022fc        0x4 LONG 0x0 ADDR (.bss_RAM2)
                0x70002300        0x4 LONG 0x0 SIZEOF (.bss_RAM2)
                0x70002304        0x4 LONG 0x20200000 ADDR (.bss_RAM3)
                0x70002308        0x4 LONG 0x0 SIZEOF (.bss_RAM3)
                0x7000230c        0x4 LONG 0x800fa000 ADDR (.bss_RAM4)
                0x70002310        0x4 LONG 0x0 SIZEOF (.bss_RAM4)
                0x70002314        0x4 LONG 0x81e00000 ADDR (.bss_RAM5)
                0x70002318        0x4 LONG 0x0 SIZEOF (.bss_RAM5)
                0x7000231c                __bss_section_table_end = .
                0x7000231c                __section_table_end = .
 *(SORT_BY_ALIGNMENT(.after_vectors*))
 .after_vectors.reset
                0x7000231c       0x54 ./startup/startup_mimxrt1064.o
                0x7000231c                ResetISR
 .after_vectors.init_data
                0x70002370       0x1e ./startup/startup_mimxrt1064.o
                0x70002370                data_init
 .after_vectors.init_bss
                0x7000238e       0x12 ./startup/startup_mimxrt1064.o
                0x7000238e                bss_init
 .after_vectors
                0x700023a0       0x14 ./startup/startup_mimxrt1064.o
                0x700023a0                NMI_Handler
                0x700023a4                MemManage_Handler
                0x700023a6                BusFault_Handler
                0x700023a8                UsageFault_Handler
                0x700023ac                DebugMon_Handler
                0x700023b2                LCDIF_DriverIRQHandler
                0x700023b2                SAI3_RX_DriverIRQHandler
                0x700023b2                CCM_2_DriverIRQHandler
                0x700023b2                PIT_DriverIRQHandler
                0x700023b2                PMU_EVENT_DriverIRQHandler
                0x700023b2                PWM4_FAULT_DriverIRQHandler
                0x700023b2                DMA13_DMA29_DriverIRQHandler
                0x700023b2                FLEXRAM_DriverIRQHandler
                0x700023b2                LPSPI4_DriverIRQHandler
                0x700023b2                SEMC_DriverIRQHandler
                0x700023b2                SPDIF_DriverIRQHandler
                0x700023b2                PWM4_3_DriverIRQHandler
                0x700023b2                ENET2_DriverIRQHandler
                0x700023b2                FLEXSPI2_DriverIRQHandler
                0x700023b2                USB_PHY1_DriverIRQHandler
                0x700023b2                GPIO3_Combined_0_15_DriverIRQHandler
                0x700023b2                CAN3_DriverIRQHandler
                0x700023b2                Reserved171_DriverIRQHandler
                0x700023b2                DMA7_DMA23_DriverIRQHandler
                0x700023b2                BEE_DriverIRQHandler
                0x700023b2                LPI2C3_DriverIRQHandler
                0x700023b2                GPR_IRQ_DriverIRQHandler
                0x700023b2                PWM2_FAULT_DriverIRQHandler
                0x700023b2                PWM3_1_DriverIRQHandler
                0x700023b2                DMA14_DMA30_DriverIRQHandler
                0x700023b2                TMR1_DriverIRQHandler
                0x700023b2                TRNG_DriverIRQHandler
                0x700023b2                PWM3_2_DriverIRQHandler
                0x700023b2                ENET_1588_Timer_DriverIRQHandler
                0x700023b2                FLEXIO2_DriverIRQHandler
                0x700023b2                GPIO2_Combined_16_31_DriverIRQHandler
                0x700023b2                Reserved143_DriverIRQHandler
                0x700023b2                LPSPI2_DriverIRQHandler
                0x700023b2                PWM4_1_DriverIRQHandler
                0x700023b2                PWM3_3_DriverIRQHandler
                0x700023b2                DMA0_DMA16_DriverIRQHandler
                0x700023b2                IntDefaultHandler
                0x700023b2                DMA2_DMA18_DriverIRQHandler
                0x700023b2                SRC_DriverIRQHandler
                0x700023b2                GPIO1_INT4_DriverIRQHandler
                0x700023b2                Reserved144_DriverIRQHandler
                0x700023b2                ENC3_DriverIRQHandler
                0x700023b2                PWM3_FAULT_DriverIRQHandler
                0x700023b2                KPP_DriverIRQHandler
                0x700023b2                TSC_DIG_DriverIRQHandler
                0x700023b2                WDOG1_DriverIRQHandler
                0x700023b2                FLEXIO1_DriverIRQHandler
                0x700023b2                ENET_DriverIRQHandler
                0x700023b2                Reserved78_DriverIRQHandler
                0x700023b2                TMR4_DriverIRQHandler
                0x700023b2                ENC2_DriverIRQHandler
                0x700023b2                ADC_ETC_IRQ2_DriverIRQHandler
                0x700023b2                GPIO1_Combined_16_31_DriverIRQHandler
                0x700023b2                GPIO1_INT7_DriverIRQHandler
                0x700023b2                SAI1_DriverIRQHandler
                0x700023b2                DCDC_DriverIRQHandler
                0x700023b2                DMA12_DMA28_DriverIRQHandler
                0x700023b2                PWM4_0_DriverIRQHandler
                0x700023b2                ADC_ETC_ERROR_IRQ_DriverIRQHandler
                0x700023b2                ACMP2_DriverIRQHandler
                0x700023b2                GPIO5_Combined_0_15_DriverIRQHandler
                0x700023b2                GPIO1_INT0_DriverIRQHandler
                0x700023b2                GPIO1_INT2_DriverIRQHandler
                0x700023b2                RTWDOG_DriverIRQHandler
                0x700023b2                FLEXSPI_DriverIRQHandler
                0x700023b2                GPT2_DriverIRQHandler
                0x700023b2                USB_PHY2_DriverIRQHandler
                0x700023b2                DMA10_DMA26_DriverIRQHandler
                0x700023b2                PWM2_1_DriverIRQHandler
                0x700023b2                PWM1_1_DriverIRQHandler
                0x700023b2                PXP_DriverIRQHandler
                0x700023b2                ADC1_DriverIRQHandler
                0x700023b2                PWM1_0_DriverIRQHandler
                0x700023b2                SJC_DriverIRQHandler
                0x700023b2                DMA1_DMA17_DriverIRQHandler
                0x700023b2                ENC1_DriverIRQHandler
                0x700023b2                ENC4_DriverIRQHandler
                0x700023b2                CAN2_DriverIRQHandler
                0x700023b2                DCP_DriverIRQHandler
                0x700023b2                CTI0_ERROR_DriverIRQHandler
                0x700023b2                DMA8_DMA24_DriverIRQHandler
                0x700023b2                GPT1_DriverIRQHandler
                0x700023b2                ACMP3_DriverIRQHandler
                0x700023b2                DMA6_DMA22_DriverIRQHandler
                0x700023b2                CSU_DriverIRQHandler
                0x700023b2                GPIO1_INT5_DriverIRQHandler
                0x700023b2                TMR3_DriverIRQHandler
                0x700023b2                TMR2_DriverIRQHandler
                0x700023b2                CTI1_ERROR_DriverIRQHandler
                0x700023b2                GPIO1_Combined_0_15_DriverIRQHandler
                0x700023b2                PWM4_2_DriverIRQHandler
                0x700023b2                EWM_DriverIRQHandler
                0x700023b2                SAI2_DriverIRQHandler
                0x700023b2                CORE_DriverIRQHandler
                0x700023b2                DMA11_DMA27_DriverIRQHandler
                0x700023b2                CSI_DriverIRQHandler
                0x700023b2                PWM2_3_DriverIRQHandler
                0x700023b2                XBAR1_IRQ_2_3_DriverIRQHandler
                0x700023b2                SNVS_HP_WRAPPER_TZ_DriverIRQHandler
                0x700023b2                GPIO3_Combined_16_31_DriverIRQHandler
                0x700023b2                PWM1_FAULT_DriverIRQHandler
                0x700023b2                LPI2C1_DriverIRQHandler
                0x700023b2                ENET2_1588_Timer_DriverIRQHandler
                0x700023b2                PWM2_2_DriverIRQHandler
                0x700023b2                DMA4_DMA20_DriverIRQHandler
                0x700023b2                DMA9_DMA25_DriverIRQHandler
                0x700023b2                SNVS_HP_WRAPPER_DriverIRQHandler
                0x700023b2                XBAR1_IRQ_0_1_DriverIRQHandler
                0x700023b2                ADC_ETC_IRQ1_DriverIRQHandler
                0x700023b2                LPSPI1_DriverIRQHandler
                0x700023b2                DMA3_DMA19_DriverIRQHandler
                0x700023b2                GPIO1_INT3_DriverIRQHandler
                0x700023b2                DCP_VMI_DriverIRQHandler
                0x700023b2                LPI2C4_DriverIRQHandler
                0x700023b2                GPC_DriverIRQHandler
                0x700023b2                GPIO2_Combined_0_15_DriverIRQHandler
                0x700023b2                PWM1_2_DriverIRQHandler
                0x700023b2                USB_OTG1_DriverIRQHandler
                0x700023b2                TEMP_LOW_HIGH_DriverIRQHandler
                0x700023b2                SAI3_TX_DriverIRQHandler
                0x700023b2                FLEXIO3_DriverIRQHandler
                0x700023b2                WDOG2_DriverIRQHandler
                0x700023b2                Reserved68_DriverIRQHandler
                0x700023b2                PWM3_0_DriverIRQHandler
                0x700023b2                GPIO4_Combined_0_15_DriverIRQHandler
                0x700023b2                GPIO4_Combined_16_31_DriverIRQHandler
                0x700023b2                GPIO6_7_8_9_DriverIRQHandler
                0x700023b2                GPIO5_Combined_16_31_DriverIRQHandler
                0x700023b2                DMA5_DMA21_DriverIRQHandler
                0x700023b2                CCM_1_DriverIRQHandler
                0x700023b2                ADC2_DriverIRQHandler
                0x700023b2                Reserved115_DriverIRQHandler
                0x700023b2                TEMP_PANIC_DriverIRQHandler
                0x700023b2                ACMP4_DriverIRQHandler
                0x700023b2                DMA15_DMA31_DriverIRQHandler
                0x700023b2                LPSPI3_DriverIRQHandler
                0x700023b2                PWM1_3_DriverIRQHandler
                0x700023b2                ACMP1_DriverIRQHandler
                0x700023b2                LPI2C2_DriverIRQHandler
                0x700023b2                Reserved86_DriverIRQHandler
                0x700023b2                GPIO10_DriverIRQHandler
                0x700023b2                DMA_ERROR_DriverIRQHandler
                0x700023b2                ADC_ETC_IRQ0_DriverIRQHandler
                0x700023b2                CAN1_DriverIRQHandler
                0x700023b2                GPIO1_INT6_DriverIRQHandler
                0x700023b2                GPIO1_INT1_DriverIRQHandler
                0x700023b2                PWM2_0_DriverIRQHandler
                0x700023b2                SNVS_LP_WRAPPER_DriverIRQHandler
                0x700023b2                USB_OTG2_DriverIRQHandler
 *(SORT_BY_ALIGNMENT(.text*))
 *fill*         0x700023b4        0xc ff
 .text.SVC_Handler
                0x700023c0       0x28 ./freertos/freertos_kernel/portable/GCC/ARM_CM4F/port.o
                0x700023c0                SVC_Handler
 *fill*         0x700023e8        0x8 ff
 .text.PendSV_Handler
                0x700023f0       0x68 ./freertos/freertos_kernel/portable/GCC/ARM_CM4F/port.o
                0x700023f0                PendSV_Handler
 .text.__assertion_failed
                0x70002458       0x18 ./utilities/fsl_assert.o
                0x70002458                __assertion_failed
 .text.SDCARD_DetectCallBack
                0x70002470       0x30 ./source/sdcard_fatfs_freertos.o
 .text.CardDetectTask
                0x700024a0       0xf0 ./source/sdcard_fatfs_freertos.o
 .text.main     0x70002590       0xbc ./source/sdcard_fatfs_freertos.o
                0x70002590                main
 .text.DEMO_MakeFileSystem
                0x7000264c       0x78 ./source/sdcard_fatfs_freertos.o
 .text.FileAccessTask1
                0x700026c4       0x94 ./source/sdcard_fatfs_freertos.o
 .text.BOARD_InitSEMC
                0x70002758       0xc8 ./source/sdcard_fatfs_freertos.o
                0x70002758                BOARD_InitSEMC
 .text.__NVIC_SetPriority
                0x70002820       0x54 ./sdmmc/template/usdhc/sdmmc_config.o
 .text.BOARD_SD_Config
                0x70002874       0x9c ./sdmmc/template/usdhc/sdmmc_config.o
                0x70002874                BOARD_SD_Config
 .text.SD_SendApplicationCmd
                0x70002910       0x30 ./sdmmc/src/fsl_sd.o
 .text.SD_GoIdle
                0x70002940       0x2c ./sdmmc/src/fsl_sd.o
 .text.SD_SetBlockSize
                0x7000296c       0x30 ./sdmmc/src/fsl_sd.o
 .text.SD_ExecuteTuning
                0x7000299c       0x3c ./sdmmc/src/fsl_sd.o
 .text.SD_SwitchVoltage
                0x700029d8      0x10c ./sdmmc/src/fsl_sd.o
 .text.SD_StopTransmission
                0x70002ae4       0x80 ./sdmmc/src/fsl_sd.o
 .text.SD_Transfer
                0x70002b64       0xc8 ./sdmmc/src/fsl_sd.o
 .text.SD_SendCardStatus
                0x70002c2c       0xac ./sdmmc/src/fsl_sd.o
 .text.SD_PollingCardStatusBusy
                0x70002cd8       0x7c ./sdmmc/src/fsl_sd.o
                0x70002cd8                SD_PollingCardStatusBusy
 .text.SD_SendWriteSuccessBlocks
                0x70002d54       0xf0 ./sdmmc/src/fsl_sd.o
 .text.SD_SendRca
                0x70002e44       0x74 ./sdmmc/src/fsl_sd.o
 .text.SD_SwitchFunction
                0x70002eb8       0xc8 ./sdmmc/src/fsl_sd.o
 .text.SD_DecodeScr
                0x70002f80      0x178 ./sdmmc/src/fsl_sd.o
 .text.SD_SendScr
                0x700030f8       0xe0 ./sdmmc/src/fsl_sd.o
 .text.SD_SelectFunction
                0x700031d8      0x184 ./sdmmc/src/fsl_sd.o
 .text.SD_SetDataBusWidth
                0x7000335c       0x9c ./sdmmc/src/fsl_sd.o
 .text.SD_DecodeCsd
                0x700033f8      0x374 ./sdmmc/src/fsl_sd.o
 .text.SD_SendCsd
                0x7000376c       0x98 ./sdmmc/src/fsl_sd.o
 .text.SD_DecodeCid
                0x70003804       0xd4 ./sdmmc/src/fsl_sd.o
 .text.SD_AllSendCid
                0x700038d8       0x94 ./sdmmc/src/fsl_sd.o
 .text.SD_ApplicationSendOperationCondition
                0x7000396c       0xdc ./sdmmc/src/fsl_sd.o
 .text.SD_SendInterfaceCondition
                0x70003a48       0x98 ./sdmmc/src/fsl_sd.o
 .text.SD_SelectBusTiming
                0x70003ae0      0x268 ./sdmmc/src/fsl_sd.o
 .text.SD_DecodeStatus
                0x70003d48      0x114 ./sdmmc/src/fsl_sd.o
 .text.SD_ReadStatus
                0x70003e5c       0xfc ./sdmmc/src/fsl_sd.o
                0x70003e5c                SD_ReadStatus
 .text.SD_SelectCard
                0x70003f58       0x38 ./sdmmc/src/fsl_sd.o
                0x70003f58                SD_SelectCard
 .text.SD_Read  0x70003f90      0x14c ./sdmmc/src/fsl_sd.o
 .text.SD_Write
                0x700040dc      0x164 ./sdmmc/src/fsl_sd.o
 .text.SD_ReadBlocks
                0x70004240      0x188 ./sdmmc/src/fsl_sd.o
                0x70004240                SD_ReadBlocks
 .text.SD_WriteBlocks
                0x700043c8      0x184 ./sdmmc/src/fsl_sd.o
                0x700043c8                SD_WriteBlocks
 .text.SD_ProbeBusVoltage
                0x7000454c      0x164 ./sdmmc/src/fsl_sd.o
 .text.sdcard_init
                0x700046b0      0x160 ./sdmmc/src/fsl_sd.o
 .text.SD_CardInit
                0x70004810       0x60 ./sdmmc/src/fsl_sd.o
                0x70004810                SD_CardInit
 .text.SD_CardDeinit
                0x70004870       0x54 ./sdmmc/src/fsl_sd.o
                0x70004870                SD_CardDeinit
 .text.SD_HostInit
                0x700048c4       0x8c ./sdmmc/src/fsl_sd.o
                0x700048c4                SD_HostInit
 .text.SD_HostDeinit
                0x70004950       0x34 ./sdmmc/src/fsl_sd.o
                0x70004950                SD_HostDeinit
 .text.SD_SetCardPower
                0x70004984       0x80 ./sdmmc/src/fsl_sd.o
                0x70004984                SD_SetCardPower
 .text.SD_PollingCardInsert
                0x70004a04       0xcc ./sdmmc/src/fsl_sd.o
                0x70004a04                SD_PollingCardInsert
 .text.SD_Init  0x70004ad0       0x84 ./sdmmc/src/fsl_sd.o
                0x70004ad0                SD_Init
 .text.SDMMC_SelectCard
                0x70004b54       0x84 ./sdmmc/src/fsl_sdmmc_common.o
                0x70004b54                SDMMC_SelectCard
 .text.SDMMC_SendApplicationCommand
                0x70004bd8       0x80 ./sdmmc/src/fsl_sdmmc_common.o
                0x70004bd8                SDMMC_SendApplicationCommand
 .text.SDMMC_SetBlockSize
                0x70004c58       0x70 ./sdmmc/src/fsl_sdmmc_common.o
                0x70004c58                SDMMC_SetBlockSize
 .text.SDMMC_OSAEventCreate
                0x70004cc8       0x30 ./sdmmc/osa/fsl_sdmmc_osa.o
                0x70004cc8                SDMMC_OSAEventCreate
 .text.SDMMC_OSAEventWait
                0x70004cf8       0x6c ./sdmmc/osa/fsl_sdmmc_osa.o
                0x70004cf8                SDMMC_OSAEventWait
 .text.SDMMC_OSAEventSet
                0x70004d64       0x50 ./sdmmc/osa/fsl_sdmmc_osa.o
                0x70004d64                SDMMC_OSAEventSet
 .text.SDMMC_OSAEventGet
                0x70004db4       0x40 ./sdmmc/osa/fsl_sdmmc_osa.o
                0x70004db4                SDMMC_OSAEventGet
 .text.SDMMC_OSAEventClear
                0x70004df4       0x48 ./sdmmc/osa/fsl_sdmmc_osa.o
                0x70004df4                SDMMC_OSAEventClear
 .text.SDMMC_OSAEventDestroy
                0x70004e3c       0x2c ./sdmmc/osa/fsl_sdmmc_osa.o
                0x70004e3c                SDMMC_OSAEventDestroy
 .text.SDMMC_OSAMutexCreate
                0x70004e68       0x2c ./sdmmc/osa/fsl_sdmmc_osa.o
                0x70004e68                SDMMC_OSAMutexCreate
 .text.SDMMC_OSAMutexLock
                0x70004e94       0x30 ./sdmmc/osa/fsl_sdmmc_osa.o
                0x70004e94                SDMMC_OSAMutexLock
 .text.SDMMC_OSAMutexUnlock
                0x70004ec4       0x2c ./sdmmc/osa/fsl_sdmmc_osa.o
                0x70004ec4                SDMMC_OSAMutexUnlock
 .text.SDMMC_OSAMutexDestroy
                0x70004ef0       0x2c ./sdmmc/osa/fsl_sdmmc_osa.o
                0x70004ef0                SDMMC_OSAMutexDestroy
 .text.SDMMC_OSADelayUs
                0x70004f1c       0x50 ./sdmmc/osa/fsl_sdmmc_osa.o
                0x70004f1c                SDMMC_OSADelayUs
 .text.SDMMCHOST_CardDetectInit
                0x70004f6c       0xac ./sdmmc/host/fsl_sdmmc_host.o
                0x70004f6c                SDMMCHOST_CardDetectInit
 .text.SDMMCHOST_PollingCardDetectStatus
                0x70005018      0x110 ./sdmmc/host/fsl_sdmmc_host.o
                0x70005018                SDMMCHOST_PollingCardDetectStatus
 .text.SDMMCHOST_Init
                0x70005128      0x12c ./sdmmc/host/fsl_sdmmc_host.o
                0x70005128                SDMMCHOST_Init
 .text.SDMMCHOST_Reset
                0x70005254       0x70 ./sdmmc/host/fsl_sdmmc_host.o
                0x70005254                SDMMCHOST_Reset
 .text.pvPortMalloc
                0x700052c4      0x1c0 ./freertos/freertos_kernel/portable/MemMang/heap_4.o
                0x700052c4                pvPortMalloc
 .text.vPortFree
                0x70005484       0xc4 ./freertos/freertos_kernel/portable/MemMang/heap_4.o
                0x70005484                vPortFree
 .text.prvHeapInit
                0x70005548       0xc4 ./freertos/freertos_kernel/portable/MemMang/heap_4.o
 .text.prvInsertBlockIntoFreeList
                0x7000560c       0xb4 ./freertos/freertos_kernel/portable/MemMang/heap_4.o
 .text.pxPortInitialiseStack
                0x700056c0       0x68 ./freertos/freertos_kernel/portable/GCC/ARM_CM4F/port.o
                0x700056c0                pxPortInitialiseStack
 .text.prvTaskExitError
                0x70005728       0x58 ./freertos/freertos_kernel/portable/GCC/ARM_CM4F/port.o
 .text.prvPortStartFirstTask
                0x70005780       0x2c ./freertos/freertos_kernel/portable/GCC/ARM_CM4F/port.o
 .text.xPortStartScheduler
                0x700057ac      0x144 ./freertos/freertos_kernel/portable/GCC/ARM_CM4F/port.o
                0x700057ac                xPortStartScheduler
 .text.vPortEnterCritical
                0x700058f0       0x60 ./freertos/freertos_kernel/portable/GCC/ARM_CM4F/port.o
                0x700058f0                vPortEnterCritical
 .text.vPortExitCritical
                0x70005950       0x54 ./freertos/freertos_kernel/portable/GCC/ARM_CM4F/port.o
                0x70005950                vPortExitCritical
 .text.SysTick_Handler
                0x700059a4       0x44 ./freertos/freertos_kernel/portable/GCC/ARM_CM4F/port.o
                0x700059a4                SysTick_Handler
 .text.vPortSetupTimerInterrupt
                0x700059e8       0x48 ./freertos/freertos_kernel/portable/GCC/ARM_CM4F/port.o
                0x700059e8                vPortSetupTimerInterrupt
 .text.vPortEnableVFP
                0x70005a30       0x18 ./freertos/freertos_kernel/portable/GCC/ARM_CM4F/port.o
 .text.vPortValidateInterruptPriority
                0x70005a48       0x80 ./freertos/freertos_kernel/portable/GCC/ARM_CM4F/port.o
                0x70005a48                vPortValidateInterruptPriority
 .text.xQueueGenericReset
                0x70005ac8       0xd0 ./freertos/freertos_kernel/queue.o
                0x70005ac8                xQueueGenericReset
 .text.xQueueGenericSend
                0x70005b98      0x1fc ./freertos/freertos_kernel/queue.o
                0x70005b98                xQueueGenericSend
 .text.xQueueReceive
                0x70005d94      0x1c0 ./freertos/freertos_kernel/queue.o
                0x70005d94                xQueueReceive
 .text.xQueueSemaphoreTake
                0x70005f54      0x21c ./freertos/freertos_kernel/queue.o
                0x70005f54                xQueueSemaphoreTake
 .text.vQueueAddToRegistry
                0x70006170       0x54 ./freertos/freertos_kernel/queue.o
                0x70006170                vQueueAddToRegistry
 .text.vQueueUnregisterQueue
                0x700061c4       0x54 ./freertos/freertos_kernel/queue.o
                0x700061c4                vQueueUnregisterQueue
 .text.prvAddNewTaskToReadyList
                0x70006218       0xdc ./freertos/freertos_kernel/tasks.o
 .text.vTaskDelay
                0x700062f4       0x68 ./freertos/freertos_kernel/tasks.o
                0x700062f4                vTaskDelay
 .text.vTaskSuspend
                0x7000635c      0x140 ./freertos/freertos_kernel/tasks.o
                0x7000635c                vTaskSuspend
 .text.vTaskStartScheduler
                0x7000649c       0xa4 ./freertos/freertos_kernel/tasks.o
                0x7000649c                vTaskStartScheduler
 .text.vTaskSuspendAll
                0x70006540       0x1c ./freertos/freertos_kernel/tasks.o
                0x70006540                vTaskSuspendAll
 .text.xTaskResumeAll
                0x7000655c      0x138 ./freertos/freertos_kernel/tasks.o
                0x7000655c                xTaskResumeAll
 .text.xTaskGetTickCount
                0x70006694       0x20 ./freertos/freertos_kernel/tasks.o
                0x70006694                xTaskGetTickCount
 .text.xTaskIncrementTick
                0x700066b4      0x154 ./freertos/freertos_kernel/tasks.o
                0x700066b4                xTaskIncrementTick
 .text.vTaskSwitchContext
                0x70006808       0xb8 ./freertos/freertos_kernel/tasks.o
                0x70006808                vTaskSwitchContext
 .text.vTaskPlaceOnEventList
                0x700068c0       0x48 ./freertos/freertos_kernel/tasks.o
                0x700068c0                vTaskPlaceOnEventList
 .text.vTaskPlaceOnEventListRestricted
                0x70006908       0x58 ./freertos/freertos_kernel/tasks.o
                0x70006908                vTaskPlaceOnEventListRestricted
 .text.xTaskRemoveFromEventList
                0x70006960       0xc4 ./freertos/freertos_kernel/tasks.o
                0x70006960                xTaskRemoveFromEventList
 .text.vTaskInternalSetTimeOutState
                0x70006a24       0x2c ./freertos/freertos_kernel/tasks.o
                0x70006a24                vTaskInternalSetTimeOutState
 .text.xTaskCheckForTimeOut
                0x70006a50       0xcc ./freertos/freertos_kernel/tasks.o
                0x70006a50                xTaskCheckForTimeOut
 .text.vTaskMissedYield
                0x70006b1c       0x18 ./freertos/freertos_kernel/tasks.o
                0x70006b1c                vTaskMissedYield
 .text.prvIdleTask
                0x70006b34       0x30 ./freertos/freertos_kernel/tasks.o
 .text.prvInitialiseTaskLists
                0x70006b64       0x80 ./freertos/freertos_kernel/tasks.o
 .text.prvCheckTasksWaitingTermination
                0x70006be4       0x5c ./freertos/freertos_kernel/tasks.o
 .text.prvResetNextTaskUnblockTime
                0x70006c40       0x38 ./freertos/freertos_kernel/tasks.o
 .text.xTaskGetCurrentTaskHandle
                0x70006c78       0x20 ./freertos/freertos_kernel/tasks.o
                0x70006c78                xTaskGetCurrentTaskHandle
 .text.xTaskGetSchedulerState
                0x70006c98       0x3c ./freertos/freertos_kernel/tasks.o
                0x70006c98                xTaskGetSchedulerState
 .text.xTaskPriorityInherit
                0x70006cd4       0xec ./freertos/freertos_kernel/tasks.o
                0x70006cd4                xTaskPriorityInherit
 .text.xTaskPriorityDisinherit
                0x70006dc0       0xf4 ./freertos/freertos_kernel/tasks.o
                0x70006dc0                xTaskPriorityDisinherit
 .text.vTaskPriorityDisinheritAfterTimeout
                0x70006eb4      0x11c ./freertos/freertos_kernel/tasks.o
                0x70006eb4                vTaskPriorityDisinheritAfterTimeout
 .text.pvTaskIncrementMutexHeldCount
                0x70006fd0       0x28 ./freertos/freertos_kernel/tasks.o
                0x70006fd0                pvTaskIncrementMutexHeldCount
 .text.xTaskGenericNotifyWait
                0x70006ff8      0x108 ./freertos/freertos_kernel/tasks.o
                0x70006ff8                xTaskGenericNotifyWait
 .text.xTaskGenericNotify
                0x70007100      0x1d0 ./freertos/freertos_kernel/tasks.o
                0x70007100                xTaskGenericNotify
 .text.prvAddCurrentTaskToDelayedList
                0x700072d0       0xcc ./freertos/freertos_kernel/tasks.o
 .text.xTimerCreateTimerTask
                0x7000739c       0x64 ./freertos/freertos_kernel/timers.o
                0x7000739c                xTimerCreateTimerTask
 .text.xTimerGenericCommand
                0x70007400       0x9c ./freertos/freertos_kernel/timers.o
                0x70007400                xTimerGenericCommand
 .text.prvProcessExpiredTimer
                0x7000749c       0x98 ./freertos/freertos_kernel/timers.o
 .text.prvProcessTimerOrBlockTask
                0x70007534       0x9c ./freertos/freertos_kernel/timers.o
 .text.prvGetNextExpireTime
                0x700075d0       0x48 ./freertos/freertos_kernel/timers.o
 .text.prvSampleTimeNow
                0x70007618       0x40 ./freertos/freertos_kernel/timers.o
 .text.prvInsertTimerInActiveList
                0x70007658       0x84 ./freertos/freertos_kernel/timers.o
 .text.prvProcessReceivedCommands
                0x700076dc      0x1c4 ./freertos/freertos_kernel/timers.o
 .text.prvSwitchTimerLists
                0x700078a0       0xc8 ./freertos/freertos_kernel/timers.o
 .text.prvCheckForValidListAndQueue
                0x70007968       0x6c ./freertos/freertos_kernel/timers.o
 .text.sd_disk_write
                0x700079d4       0x40 ./fatfs/source/fsl_sd_disk/fsl_sd_disk.o
                0x700079d4                sd_disk_write
 .text.sd_disk_read
                0x70007a14       0x40 ./fatfs/source/fsl_sd_disk/fsl_sd_disk.o
                0x70007a14                sd_disk_read
 .text.sd_disk_initialize
                0x70007a54       0x5c ./fatfs/source/fsl_sd_disk/fsl_sd_disk.o
                0x70007a54                sd_disk_initialize
 .text.create_name
                0x70007ab0      0x20c ./fatfs/source/ff.o
 .text.get_ldnumber
                0x70007cbc       0x90 ./fatfs/source/ff.o
 .text.check_fs
                0x70007d4c      0x148 ./fatfs/source/ff.o
 .text.mount_volume
                0x70007e94      0x404 ./fatfs/source/ff.o
 .text.f_mount  0x70008298       0x80 ./fatfs/source/ff.o
                0x70008298                f_mount
 .text.f_open   0x70008318      0x314 ./fatfs/source/ff.o
                0x70008318                f_open
 .text.f_chdrive
                0x7000862c       0x34 ./fatfs/source/ff.o
                0x7000862c                f_chdrive
 .text.L1CACHE_InvalidateDCacheByRange
                0x70008660       0x68 ./drivers/fsl_cache.o
 .text.L1CACHE_CleanDCacheByRange
                0x700086c8       0x68 ./drivers/fsl_cache.o
 .text.L1CACHE_CleanInvalidateDCacheByRange
                0x70008730       0x68 ./drivers/fsl_cache.o
 .text.CLOCK_GetOscFreq
                0x70008798       0x30 ./drivers/fsl_clock.o
 .text.CLOCK_GetPeriphClkFreq
                0x700087c8       0xec ./drivers/fsl_clock.o
 .text.CLOCK_GetPllUsb1SWFreq
                0x700088b4       0x44 ./drivers/fsl_clock.o
 .text.CLOCK_InitExternalClk
                0x700088f8       0x6c ./drivers/fsl_clock.o
                0x700088f8                CLOCK_InitExternalClk
 .text.CLOCK_SwitchOsc
                0x70008964       0x34 ./drivers/fsl_clock.o
                0x70008964                CLOCK_SwitchOsc
 .text.CLOCK_InitRcOsc24M
                0x70008998       0x24 ./drivers/fsl_clock.o
                0x70008998                CLOCK_InitRcOsc24M
 .text.CLOCK_GetAhbFreq
                0x700089bc       0x24 ./drivers/fsl_clock.o
                0x700089bc                CLOCK_GetAhbFreq
 .text.CLOCK_GetSemcFreq
                0x700089e0       0x5c ./drivers/fsl_clock.o
                0x700089e0                CLOCK_GetSemcFreq
 .text.CLOCK_GetIpgFreq
                0x70008a3c       0x24 ./drivers/fsl_clock.o
                0x70008a3c                CLOCK_GetIpgFreq
 .text.CLOCK_GetPerClkFreq
                0x70008a60       0x40 ./drivers/fsl_clock.o
                0x70008a60                CLOCK_GetPerClkFreq
 .text.CLOCK_GetFreq
                0x70008aa0      0x1c8 ./drivers/fsl_clock.o
                0x70008aa0                CLOCK_GetFreq
 .text.CLOCK_InitArmPll
                0x70008c68       0x68 ./drivers/fsl_clock.o
                0x70008c68                CLOCK_InitArmPll
 .text.CLOCK_InitSysPll
                0x70008cd0       0x9c ./drivers/fsl_clock.o
                0x70008cd0                CLOCK_InitSysPll
 .text.CLOCK_DeinitUsb2Pll
                0x70008d6c       0x18 ./drivers/fsl_clock.o
                0x70008d6c                CLOCK_DeinitUsb2Pll
 .text.CLOCK_DeinitAudioPll
                0x70008d84       0x1c ./drivers/fsl_clock.o
                0x70008d84                CLOCK_DeinitAudioPll
 .text.CLOCK_DeinitEnetPll
                0x70008da0       0x1c ./drivers/fsl_clock.o
                0x70008da0                CLOCK_DeinitEnetPll
 .text.CLOCK_GetPllFreq
                0x70008dbc      0x3d8 ./drivers/fsl_clock.o
                0x70008dbc                CLOCK_GetPllFreq
 .text.CLOCK_InitSysPfd
                0x70009194       0x64 ./drivers/fsl_clock.o
                0x70009194                CLOCK_InitSysPfd
 .text.CLOCK_GetSysPfdFreq
                0x700091f8       0xac ./drivers/fsl_clock.o
                0x700091f8                CLOCK_GetSysPfdFreq
 .text.CLOCK_GetUsb1PfdFreq
                0x700092a4       0xac ./drivers/fsl_clock.o
                0x700092a4                CLOCK_GetUsb1PfdFreq
 .text.LPUART_DisableInterrupts
                0x70009350       0x8c ./drivers/fsl_lpuart.o
                0x70009350                LPUART_DisableInterrupts
 .text.LPUART_GetEnabledInterrupts
                0x700093dc       0x60 ./drivers/fsl_lpuart.o
                0x700093dc                LPUART_GetEnabledInterrupts
 .text.LPUART_GetStatusFlags
                0x7000943c       0x38 ./drivers/fsl_lpuart.o
                0x7000943c                LPUART_GetStatusFlags
 .text.LPUART_ClearStatusFlags
                0x70009474       0x7c ./drivers/fsl_lpuart.o
                0x70009474                LPUART_ClearStatusFlags
 .text.CLOCK_ControlGate
                0x700094f0       0x60 ./drivers/fsl_semc.o
 .text.SEMC_GetInstance
                0x70009550       0x44 ./drivers/fsl_semc.o
 .text.SEMC_CovertMemorySize
                0x70009594       0x64 ./drivers/fsl_semc.o
 .text.SEMC_ConvertTiming
                0x700095f8       0x74 ./drivers/fsl_semc.o
 .text.SEMC_GetDefaultConfig
                0x7000966c       0xa4 ./drivers/fsl_semc.o
                0x7000966c                SEMC_GetDefaultConfig
 .text.SEMC_Init
                0x70009710       0xe4 ./drivers/fsl_semc.o
                0x70009710                SEMC_Init
 .text.SEMC_ConfigureSDRAM
                0x700097f4      0x374 ./drivers/fsl_semc.o
                0x700097f4                SEMC_ConfigureSDRAM
 .text.SEMC_SendIPCommand
                0x70009b68      0x16c ./drivers/fsl_semc.o
                0x70009b68                SEMC_SendIPCommand
 .text.__NVIC_EnableIRQ
                0x70009cd4       0x3c ./drivers/fsl_usdhc.o
 .text.CLOCK_ControlGate
                0x70009d10       0x60 ./drivers/fsl_usdhc.o
 .text.USDHC_GetInstance
                0x70009d70       0x48 ./drivers/fsl_usdhc.o
 .text.USDHC_ReceiveCommandResponse
                0x70009db8       0xc0 ./drivers/fsl_usdhc.o
 .text.USDHC_SendCommand
                0x70009e78      0x108 ./drivers/fsl_usdhc.o
                0x70009e78                USDHC_SendCommand
 .text.USDHC_Init
                0x70009f80      0x13c ./drivers/fsl_usdhc.o
                0x70009f80                USDHC_Init
 .text.USDHC_Deinit
                0x7000a0bc       0x28 ./drivers/fsl_usdhc.o
                0x7000a0bc                USDHC_Deinit
 .text.USDHC_SetSdClock
                0x7000a0e4      0x198 ./drivers/fsl_usdhc.o
                0x7000a0e4                USDHC_SetSdClock
 .text.USDHC_SetADMA1Descriptor
                0x7000a27c      0x180 ./drivers/fsl_usdhc.o
                0x7000a27c                USDHC_SetADMA1Descriptor
 .text.USDHC_SetADMA2Descriptor
                0x7000a3fc      0x1dc ./drivers/fsl_usdhc.o
                0x7000a3fc                USDHC_SetADMA2Descriptor
 .text.USDHC_SetInternalDmaConfig
                0x7000a5d8       0xd0 ./drivers/fsl_usdhc.o
                0x7000a5d8                USDHC_SetInternalDmaConfig
 .text.USDHC_SetAdmaTableConfig
                0x7000a6a8      0x104 ./drivers/fsl_usdhc.o
                0x7000a6a8                USDHC_SetAdmaTableConfig
 .text.USDHC_TransferNonBlocking
                0x7000a7ac      0x240 ./drivers/fsl_usdhc.o
                0x7000a7ac                USDHC_TransferNonBlocking
 .text.USDHC_SetTuningDelay
                0x7000a9ec       0x94 ./drivers/fsl_usdhc.o
                0x7000a9ec                USDHC_SetTuningDelay
 .text.USDHC_EnableStandardTuning
                0x7000aa80       0x90 ./drivers/fsl_usdhc.o
                0x7000aa80                USDHC_EnableStandardTuning
 .text.USDHC_TransferHandleCommand
                0x7000ab10       0xa8 ./drivers/fsl_usdhc.o
 .text.USDHC_TransferHandleData
                0x7000abb8      0x13c ./drivers/fsl_usdhc.o
 .text.USDHC_TransferHandleReTuning
                0x7000acf4       0x40 ./drivers/fsl_usdhc.o
 .text.USDHC_TransferCreateHandle
                0x7000ad34       0xb0 ./drivers/fsl_usdhc.o
                0x7000ad34                USDHC_TransferCreateHandle
 .text.USDHC_TransferHandleIRQ
                0x7000ade4       0xb4 ./drivers/fsl_usdhc.o
                0x7000ade4                USDHC_TransferHandleIRQ
 .text.USDHC1_DriverIRQHandler
                0x7000ae98       0x28 ./drivers/fsl_usdhc.o
                0x7000ae98                USDHC1_DriverIRQHandler
 .text.USDHC2_DriverIRQHandler
                0x7000aec0       0x28 ./drivers/fsl_usdhc.o
                0x7000aec0                USDHC2_DriverIRQHandler
 .text.SystemInit
                0x7000aee8      0x144 ./device/system_MIMXRT1064.o
                0x7000aee8                SystemInit
 .text.HAL_UartInterruptHandle
                0x7000b02c      0x164 ./component/uart/fsl_adapter_lpuart.o
 .text.OSA_TimeDelay
                0x7000b190       0x30 ./component/osa/fsl_os_abstraction_free_rtos.o
                0x7000b190                OSA_TimeDelay
 .text.OSA_SemaphoreCreate
                0x7000b1c0       0x44 ./component/osa/fsl_os_abstraction_free_rtos.o
                0x7000b1c0                OSA_SemaphoreCreate
 .text.OSA_SemaphoreDestroy
                0x7000b204       0x30 ./component/osa/fsl_os_abstraction_free_rtos.o
                0x7000b204                OSA_SemaphoreDestroy
 .text.OSA_SemaphoreWait
                0x7000b234       0x68 ./component/osa/fsl_os_abstraction_free_rtos.o
                0x7000b234                OSA_SemaphoreWait
 .text.OSA_SemaphorePost
                0x7000b29c       0x98 ./component/osa/fsl_os_abstraction_free_rtos.o
                0x7000b29c                OSA_SemaphorePost
 .text.OSA_MutexCreate
                0x7000b334       0x40 ./component/osa/fsl_os_abstraction_free_rtos.o
                0x7000b334                OSA_MutexCreate
 .text.OSA_MutexLock
                0x7000b374       0x68 ./component/osa/fsl_os_abstraction_free_rtos.o
                0x7000b374                OSA_MutexLock
 .text.OSA_MutexUnlock
                0x7000b3dc       0x3c ./component/osa/fsl_os_abstraction_free_rtos.o
                0x7000b3dc                OSA_MutexUnlock
 .text.OSA_MutexDestroy
                0x7000b418       0x30 ./component/osa/fsl_os_abstraction_free_rtos.o
                0x7000b418                OSA_MutexDestroy
 .text.HAL_GpioInterruptHandle
                0x7000b448       0xc0 ./component/gpio/fsl_adapter_igpio.o
 .text.ARM_MPU_Enable
                0x7000b508       0x44 ./board/board.o
 .text.ARM_MPU_Disable
                0x7000b54c       0x40 ./board/board.o
 .text.CLOCK_GetMux
                0x7000b58c       0x44 ./board/board.o
 .text.CLOCK_GetDiv
                0x7000b5d0       0x44 ./board/board.o
 .text.CLOCK_GetOscFreq
                0x7000b614       0x30 ./board/board.o
 .text.BOARD_DebugConsoleSrcFreq
                0x7000b644       0x64 ./board/board.o
                0x7000b644                BOARD_DebugConsoleSrcFreq
 .text.BOARD_ConfigMPU
                0x7000b6a8      0x34c ./board/board.o
                0x7000b6a8                BOARD_ConfigMPU
 .text.CLOCK_SetMux
                0x7000b9f4       0x9c ./board/clock_config.o
 .text.CLOCK_SetDiv
                0x7000ba90       0x9c ./board/clock_config.o
 .text.CLOCK_ControlGate
                0x7000bb2c       0x60 ./board/clock_config.o
 .text.CLOCK_SetXtalFreq
                0x7000bb8c       0x20 ./board/clock_config.o
 .text.CLOCK_SetRtcXtalFreq
                0x7000bbac       0x20 ./board/clock_config.o
 .text.IOMUXC_MQSConfig
                0x7000bbcc       0x44 ./board/clock_config.o
 .text.BOARD_BootClockRUN
                0x7000bc10      0x6d0 ./board/clock_config.o
                0x7000bc10                BOARD_BootClockRUN
 .text.CLOCK_ControlGate
                0x7000c2e0       0x60 ./board/pin_mux.o
 .text.BOARD_InitPins
                0x7000c340      0x164 ./board/pin_mux.o
                0x7000c340                BOARD_InitPins
 .text.malloc   0x7000c4a4       0xc8 c:/nxp/mcuxpressoide_11.6.0_8187/ide/plugins/com.nxp.mcuxpresso.tools.win32_11.6.0.202112161359/tools/bin/../lib/gcc/arm-none-eabi/10.3.1/../../../../arm-none-eabi/lib/thumb/v7e-m+dp/hard\libcr_c.a(alloc.o)
                0x7000c4a4                malloc
 .text._Csys_alloc
                0x7000c56c       0x20 c:/nxp/mcuxpressoide_11.6.0_8187/ide/plugins/com.nxp.mcuxpresso.tools.win32_11.6.0.202112161359/tools/bin/../lib/gcc/arm-none-eabi/10.3.1/../../../../arm-none-eabi/lib/thumb/v7e-m+dp/hard\libcr_c.a(alloc.o)
                0x7000c56c                _Csys_alloc
 .text._initio  0x7000c58c       0x78 c:/nxp/mcuxpressoide_11.6.0_8187/ide/plugins/com.nxp.mcuxpresso.tools.win32_11.6.0.202112161359/tools/bin/../lib/gcc/arm-none-eabi/10.3.1/../../../../arm-none-eabi/lib/thumb/v7e-m+dp/hard\libcr_c.a(initio.o)
                0x7000c58c                _initio
 .text.__vfprintf
                0x7000c604      0xbe8 c:/nxp/mcuxpressoide_11.6.0_8187/ide/plugins/com.nxp.mcuxpresso.tools.win32_11.6.0.202112161359/tools/bin/../lib/gcc/arm-none-eabi/10.3.1/../../../../arm-none-eabi/lib/thumb/v7e-m+dp/hard\libcr_c.a(printf.o)
                0x7000c604                __vfprintf
 .text._vsnprintf
                0x7000d1ec       0x68 c:/nxp/mcuxpressoide_11.6.0_8187/ide/plugins/com.nxp.mcuxpresso.tools.win32_11.6.0.202112161359/tools/bin/../lib/gcc/arm-none-eabi/10.3.1/../../../../arm-none-eabi/lib/thumb/v7e-m+dp/hard\libcr_c.a(printf.o)
                0x7000d1ec                _vsnprintf
 .text._printf  0x7000d254       0x54 c:/nxp/mcuxpressoide_11.6.0_8187/ide/plugins/com.nxp.mcuxpresso.tools.win32_11.6.0.202112161359/tools/bin/../lib/gcc/arm-none-eabi/10.3.1/../../../../arm-none-eabi/lib/thumb/v7e-m+dp/hard\libcr_c.a(printf.o)
                0x7000d254                _printf
 .text._sbrk    0x7000d2a8       0x3c c:/nxp/mcuxpressoide_11.6.0_8187/ide/plugins/com.nxp.mcuxpresso.tools.win32_11.6.0.202112161359/tools/bin/../lib/gcc/arm-none-eabi/10.3.1/../../../../arm-none-eabi/lib/thumb/v7e-m+dp/hard\libcr_c.a(_cr_sbrk.o)
                0x7000d2a8                _sbrk
 .text._Cwritebuf
                0x7000d2e4       0x6c c:/nxp/mcuxpressoide_11.6.0_8187/ide/plugins/com.nxp.mcuxpresso.tools.win32_11.6.0.202112161359/tools/bin/../lib/gcc/arm-none-eabi/10.3.1/../../../../arm-none-eabi/lib/thumb/v7e-m+dp/hard\libcr_c.a(_writebuf.o)
                0x7000d2e4                _Cwritebuf
 .text.fflush   0x7000d350       0x3c c:/nxp/mcuxpressoide_11.6.0_8187/ide/plugins/com.nxp.mcuxpresso.tools.win32_11.6.0.202112161359/tools/bin/../lib/gcc/arm-none-eabi/10.3.1/../../../../arm-none-eabi/lib/thumb/v7e-m+dp/hard\libcr_c.a(fflush.o)
                0x7000d350                fflush
 .text.fseek    0x7000d38c       0xfc c:/nxp/mcuxpressoide_11.6.0_8187/ide/plugins/com.nxp.mcuxpresso.tools.win32_11.6.0.202112161359/tools/bin/../lib/gcc/arm-none-eabi/10.3.1/../../../../arm-none-eabi/lib/thumb/v7e-m+dp/hard\libcr_c.a(fseek.o)
                0x7000d38c                fseek
 .text.ftell    0x7000d488       0x44 c:/nxp/mcuxpressoide_11.6.0_8187/ide/plugins/com.nxp.mcuxpresso.tools.win32_11.6.0.202112161359/tools/bin/../lib/gcc/arm-none-eabi/10.3.1/../../../../arm-none-eabi/lib/thumb/v7e-m+dp/hard\libcr_c.a(ftell.o)
                0x7000d488                ftell
 .text.__check_heap_overflow
                0x7000d4cc       0x18 c:/nxp/mcuxpressoide_11.6.0_8187/ide/plugins/com.nxp.mcuxpresso.tools.win32_11.6.0.202112161359/tools/bin/../lib/gcc/arm-none-eabi/10.3.1/../../../../arm-none-eabi/lib/thumb/v7e-m+dp/hard\libcr_c.a(_cr_check_heap.o)
                0x7000d4cc                __check_heap_overflow
 .text.__sys_appexit
                0x7000d4e4        0xc c:/nxp/mcuxpressoide_11.6.0_8187/ide/plugins/com.nxp.mcuxpresso.tools.win32_11.6.0.202112161359/tools/bin/../lib/gcc/arm-none-eabi/10.3.1/../../../../arm-none-eabi/lib/thumb/v7e-m+dp/hard\libcr_semihost_nf.a(__sys_appexit.o)
                0x7000d4e4                __sys_appexit
                0x7000d4e4                __exit
 .text.DMA0_DMA16_IRQHandler
                0x7000d4f0        0x8 ./startup/startup_mimxrt1064.o
                0x7000d4f0                DMA0_DMA16_IRQHandler
 .text.DMA1_DMA17_IRQHandler
                0x7000d4f8        0x8 ./startup/startup_mimxrt1064.o
                0x7000d4f8                DMA1_DMA17_IRQHandler
 .text.DMA2_DMA18_IRQHandler
                0x7000d500        0x8 ./startup/startup_mimxrt1064.o
                0x7000d500                DMA2_DMA18_IRQHandler
 .text.DMA3_DMA19_IRQHandler
                0x7000d508        0x8 ./startup/startup_mimxrt1064.o
                0x7000d508                DMA3_DMA19_IRQHandler
 .text.DMA4_DMA20_IRQHandler
                0x7000d510        0x8 ./startup/startup_mimxrt1064.o
                0x7000d510                DMA4_DMA20_IRQHandler
 .text.DMA5_DMA21_IRQHandler
                0x7000d518        0x8 ./startup/startup_mimxrt1064.o
                0x7000d518                DMA5_DMA21_IRQHandler
 .text.DMA6_DMA22_IRQHandler
                0x7000d520        0x8 ./startup/startup_mimxrt1064.o
                0x7000d520                DMA6_DMA22_IRQHandler
 .text.DMA7_DMA23_IRQHandler
                0x7000d528        0x8 ./startup/startup_mimxrt1064.o
                0x7000d528                DMA7_DMA23_IRQHandler
 .text.DMA8_DMA24_IRQHandler
                0x7000d530        0x8 ./startup/startup_mimxrt1064.o
                0x7000d530                DMA8_DMA24_IRQHandler
 .text.DMA9_DMA25_IRQHandler
                0x7000d538        0x8 ./startup/startup_mimxrt1064.o
                0x7000d538                DMA9_DMA25_IRQHandler
 .text.DMA10_DMA26_IRQHandler
                0x7000d540        0x8 ./startup/startup_mimxrt1064.o
                0x7000d540                DMA10_DMA26_IRQHandler
 .text.DMA11_DMA27_IRQHandler
                0x7000d548        0x8 ./startup/startup_mimxrt1064.o
                0x7000d548                DMA11_DMA27_IRQHandler
 .text.DMA12_DMA28_IRQHandler
                0x7000d550        0x8 ./startup/startup_mimxrt1064.o
                0x7000d550                DMA12_DMA28_IRQHandler
 .text.DMA13_DMA29_IRQHandler
                0x7000d558        0x8 ./startup/startup_mimxrt1064.o
                0x7000d558                DMA13_DMA29_IRQHandler
 .text.DMA14_DMA30_IRQHandler
                0x7000d560        0x8 ./startup/startup_mimxrt1064.o
                0x7000d560                DMA14_DMA30_IRQHandler
 .text.DMA15_DMA31_IRQHandler
                0x7000d568        0x8 ./startup/startup_mimxrt1064.o
                0x7000d568                DMA15_DMA31_IRQHandler
 .text.DMA_ERROR_IRQHandler
                0x7000d570        0x8 ./startup/startup_mimxrt1064.o
                0x7000d570                DMA_ERROR_IRQHandler
 .text.CTI0_ERROR_IRQHandler
                0x7000d578        0x8 ./startup/startup_mimxrt1064.o
                0x7000d578                CTI0_ERROR_IRQHandler
 .text.CTI1_ERROR_IRQHandler
                0x7000d580        0x8 ./startup/startup_mimxrt1064.o
                0x7000d580                CTI1_ERROR_IRQHandler
 .text.CORE_IRQHandler
                0x7000d588        0x8 ./startup/startup_mimxrt1064.o
                0x7000d588                CORE_IRQHandler
 .text.LPI2C1_IRQHandler
                0x7000d590        0x8 ./startup/startup_mimxrt1064.o
                0x7000d590                LPI2C1_IRQHandler
 .text.LPI2C2_IRQHandler
                0x7000d598        0x8 ./startup/startup_mimxrt1064.o
                0x7000d598                LPI2C2_IRQHandler
 .text.LPI2C3_IRQHandler
                0x7000d5a0        0x8 ./startup/startup_mimxrt1064.o
                0x7000d5a0                LPI2C3_IRQHandler
 .text.LPI2C4_IRQHandler
                0x7000d5a8        0x8 ./startup/startup_mimxrt1064.o
                0x7000d5a8                LPI2C4_IRQHandler
 .text.LPSPI1_IRQHandler
                0x7000d5b0        0x8 ./startup/startup_mimxrt1064.o
                0x7000d5b0                LPSPI1_IRQHandler
 .text.LPSPI2_IRQHandler
                0x7000d5b8        0x8 ./startup/startup_mimxrt1064.o
                0x7000d5b8                LPSPI2_IRQHandler
 .text.LPSPI3_IRQHandler
                0x7000d5c0        0x8 ./startup/startup_mimxrt1064.o
                0x7000d5c0                LPSPI3_IRQHandler
 .text.LPSPI4_IRQHandler
                0x7000d5c8        0x8 ./startup/startup_mimxrt1064.o
                0x7000d5c8                LPSPI4_IRQHandler
 .text.CAN1_IRQHandler
                0x7000d5d0        0x8 ./startup/startup_mimxrt1064.o
                0x7000d5d0                CAN1_IRQHandler
 .text.CAN2_IRQHandler
                0x7000d5d8        0x8 ./startup/startup_mimxrt1064.o
                0x7000d5d8                CAN2_IRQHandler
 .text.FLEXRAM_IRQHandler
                0x7000d5e0        0x8 ./startup/startup_mimxrt1064.o
                0x7000d5e0                FLEXRAM_IRQHandler
 .text.KPP_IRQHandler
                0x7000d5e8        0x8 ./startup/startup_mimxrt1064.o
                0x7000d5e8                KPP_IRQHandler
 .text.TSC_DIG_IRQHandler
                0x7000d5f0        0x8 ./startup/startup_mimxrt1064.o
                0x7000d5f0                TSC_DIG_IRQHandler
 .text.GPR_IRQ_IRQHandler
                0x7000d5f8        0x8 ./startup/startup_mimxrt1064.o
                0x7000d5f8                GPR_IRQ_IRQHandler
 .text.LCDIF_IRQHandler
                0x7000d600        0x8 ./startup/startup_mimxrt1064.o
                0x7000d600                LCDIF_IRQHandler
 .text.CSI_IRQHandler
                0x7000d608        0x8 ./startup/startup_mimxrt1064.o
                0x7000d608                CSI_IRQHandler
 .text.PXP_IRQHandler
                0x7000d610        0x8 ./startup/startup_mimxrt1064.o
                0x7000d610                PXP_IRQHandler
 .text.WDOG2_IRQHandler
                0x7000d618        0x8 ./startup/startup_mimxrt1064.o
                0x7000d618                WDOG2_IRQHandler
 .text.SNVS_HP_WRAPPER_IRQHandler
                0x7000d620        0x8 ./startup/startup_mimxrt1064.o
                0x7000d620                SNVS_HP_WRAPPER_IRQHandler
 .text.SNVS_HP_WRAPPER_TZ_IRQHandler
                0x7000d628        0x8 ./startup/startup_mimxrt1064.o
                0x7000d628                SNVS_HP_WRAPPER_TZ_IRQHandler
 .text.SNVS_LP_WRAPPER_IRQHandler
                0x7000d630        0x8 ./startup/startup_mimxrt1064.o
                0x7000d630                SNVS_LP_WRAPPER_IRQHandler
 .text.CSU_IRQHandler
                0x7000d638        0x8 ./startup/startup_mimxrt1064.o
                0x7000d638                CSU_IRQHandler
 .text.DCP_IRQHandler
                0x7000d640        0x8 ./startup/startup_mimxrt1064.o
                0x7000d640                DCP_IRQHandler
 .text.DCP_VMI_IRQHandler
                0x7000d648        0x8 ./startup/startup_mimxrt1064.o
                0x7000d648                DCP_VMI_IRQHandler
 .text.Reserved68_IRQHandler
                0x7000d650        0x8 ./startup/startup_mimxrt1064.o
                0x7000d650                Reserved68_IRQHandler
 .text.TRNG_IRQHandler
                0x7000d658        0x8 ./startup/startup_mimxrt1064.o
                0x7000d658                TRNG_IRQHandler
 .text.SJC_IRQHandler
                0x7000d660        0x8 ./startup/startup_mimxrt1064.o
                0x7000d660                SJC_IRQHandler
 .text.BEE_IRQHandler
                0x7000d668        0x8 ./startup/startup_mimxrt1064.o
                0x7000d668                BEE_IRQHandler
 .text.SAI1_IRQHandler
                0x7000d670        0x8 ./startup/startup_mimxrt1064.o
                0x7000d670                SAI1_IRQHandler
 .text.SAI2_IRQHandler
                0x7000d678        0x8 ./startup/startup_mimxrt1064.o
                0x7000d678                SAI2_IRQHandler
 .text.SAI3_RX_IRQHandler
                0x7000d680        0x8 ./startup/startup_mimxrt1064.o
                0x7000d680                SAI3_RX_IRQHandler
 .text.SAI3_TX_IRQHandler
                0x7000d688        0x8 ./startup/startup_mimxrt1064.o
                0x7000d688                SAI3_TX_IRQHandler
 .text.SPDIF_IRQHandler
                0x7000d690        0x8 ./startup/startup_mimxrt1064.o
                0x7000d690                SPDIF_IRQHandler
 .text.PMU_EVENT_IRQHandler
                0x7000d698        0x8 ./startup/startup_mimxrt1064.o
                0x7000d698                PMU_EVENT_IRQHandler
 .text.Reserved78_IRQHandler
                0x7000d6a0        0x8 ./startup/startup_mimxrt1064.o
                0x7000d6a0                Reserved78_IRQHandler
 .text.TEMP_LOW_HIGH_IRQHandler
                0x7000d6a8        0x8 ./startup/startup_mimxrt1064.o
                0x7000d6a8                TEMP_LOW_HIGH_IRQHandler
 .text.TEMP_PANIC_IRQHandler
                0x7000d6b0        0x8 ./startup/startup_mimxrt1064.o
                0x7000d6b0                TEMP_PANIC_IRQHandler
 .text.USB_PHY1_IRQHandler
                0x7000d6b8        0x8 ./startup/startup_mimxrt1064.o
                0x7000d6b8                USB_PHY1_IRQHandler
 .text.USB_PHY2_IRQHandler
                0x7000d6c0        0x8 ./startup/startup_mimxrt1064.o
                0x7000d6c0                USB_PHY2_IRQHandler
 .text.ADC1_IRQHandler
                0x7000d6c8        0x8 ./startup/startup_mimxrt1064.o
                0x7000d6c8                ADC1_IRQHandler
 .text.ADC2_IRQHandler
                0x7000d6d0        0x8 ./startup/startup_mimxrt1064.o
                0x7000d6d0                ADC2_IRQHandler
 .text.DCDC_IRQHandler
                0x7000d6d8        0x8 ./startup/startup_mimxrt1064.o
                0x7000d6d8                DCDC_IRQHandler
 .text.Reserved86_IRQHandler
                0x7000d6e0        0x8 ./startup/startup_mimxrt1064.o
                0x7000d6e0                Reserved86_IRQHandler
 .text.GPIO10_IRQHandler
                0x7000d6e8        0x8 ./startup/startup_mimxrt1064.o
                0x7000d6e8                GPIO10_IRQHandler
 .text.GPIO1_INT0_IRQHandler
                0x7000d6f0        0x8 ./startup/startup_mimxrt1064.o
                0x7000d6f0                GPIO1_INT0_IRQHandler
 .text.GPIO1_INT1_IRQHandler
                0x7000d6f8        0x8 ./startup/startup_mimxrt1064.o
                0x7000d6f8                GPIO1_INT1_IRQHandler
 .text.GPIO1_INT2_IRQHandler
                0x7000d700        0x8 ./startup/startup_mimxrt1064.o
                0x7000d700                GPIO1_INT2_IRQHandler
 .text.GPIO1_INT3_IRQHandler
                0x7000d708        0x8 ./startup/startup_mimxrt1064.o
                0x7000d708                GPIO1_INT3_IRQHandler
 .text.GPIO1_INT4_IRQHandler
                0x7000d710        0x8 ./startup/startup_mimxrt1064.o
                0x7000d710                GPIO1_INT4_IRQHandler
 .text.GPIO1_INT5_IRQHandler
                0x7000d718        0x8 ./startup/startup_mimxrt1064.o
                0x7000d718                GPIO1_INT5_IRQHandler
 .text.GPIO1_INT6_IRQHandler
                0x7000d720        0x8 ./startup/startup_mimxrt1064.o
                0x7000d720                GPIO1_INT6_IRQHandler
 .text.GPIO1_INT7_IRQHandler
                0x7000d728        0x8 ./startup/startup_mimxrt1064.o
                0x7000d728                GPIO1_INT7_IRQHandler
 .text.FLEXIO1_IRQHandler
                0x7000d730        0x8 ./startup/startup_mimxrt1064.o
                0x7000d730                FLEXIO1_IRQHandler
 .text.FLEXIO2_IRQHandler
                0x7000d738        0x8 ./startup/startup_mimxrt1064.o
                0x7000d738                FLEXIO2_IRQHandler
 .text.WDOG1_IRQHandler
                0x7000d740        0x8 ./startup/startup_mimxrt1064.o
                0x7000d740                WDOG1_IRQHandler
 .text.RTWDOG_IRQHandler
                0x7000d748        0x8 ./startup/startup_mimxrt1064.o
                0x7000d748                RTWDOG_IRQHandler
 .text.EWM_IRQHandler
                0x7000d750        0x8 ./startup/startup_mimxrt1064.o
                0x7000d750                EWM_IRQHandler
 .text.CCM_1_IRQHandler
                0x7000d758        0x8 ./startup/startup_mimxrt1064.o
                0x7000d758                CCM_1_IRQHandler
 .text.CCM_2_IRQHandler
                0x7000d760        0x8 ./startup/startup_mimxrt1064.o
                0x7000d760                CCM_2_IRQHandler
 .text.GPC_IRQHandler
                0x7000d768        0x8 ./startup/startup_mimxrt1064.o
                0x7000d768                GPC_IRQHandler
 .text.SRC_IRQHandler
                0x7000d770        0x8 ./startup/startup_mimxrt1064.o
                0x7000d770                SRC_IRQHandler
 .text.Reserved115_IRQHandler
                0x7000d778        0x8 ./startup/startup_mimxrt1064.o
                0x7000d778                Reserved115_IRQHandler
 .text.GPT1_IRQHandler
                0x7000d780        0x8 ./startup/startup_mimxrt1064.o
                0x7000d780                GPT1_IRQHandler
 .text.GPT2_IRQHandler
                0x7000d788        0x8 ./startup/startup_mimxrt1064.o
                0x7000d788                GPT2_IRQHandler
 .text.PWM1_0_IRQHandler
                0x7000d790        0x8 ./startup/startup_mimxrt1064.o
                0x7000d790                PWM1_0_IRQHandler
 .text.PWM1_1_IRQHandler
                0x7000d798        0x8 ./startup/startup_mimxrt1064.o
                0x7000d798                PWM1_1_IRQHandler
 .text.PWM1_2_IRQHandler
                0x7000d7a0        0x8 ./startup/startup_mimxrt1064.o
                0x7000d7a0                PWM1_2_IRQHandler
 .text.PWM1_3_IRQHandler
                0x7000d7a8        0x8 ./startup/startup_mimxrt1064.o
                0x7000d7a8                PWM1_3_IRQHandler
 .text.PWM1_FAULT_IRQHandler
                0x7000d7b0        0x8 ./startup/startup_mimxrt1064.o
                0x7000d7b0                PWM1_FAULT_IRQHandler
 .text.FLEXSPI2_IRQHandler
                0x7000d7b8        0x8 ./startup/startup_mimxrt1064.o
                0x7000d7b8                FLEXSPI2_IRQHandler
 .text.FLEXSPI_IRQHandler
                0x7000d7c0        0x8 ./startup/startup_mimxrt1064.o
                0x7000d7c0                FLEXSPI_IRQHandler
 .text.SEMC_IRQHandler
                0x7000d7c8        0x8 ./startup/startup_mimxrt1064.o
                0x7000d7c8                SEMC_IRQHandler
 .text.USDHC1_IRQHandler
                0x7000d7d0        0x8 ./startup/startup_mimxrt1064.o
                0x7000d7d0                USDHC1_IRQHandler
 .text.USDHC2_IRQHandler
                0x7000d7d8        0x8 ./startup/startup_mimxrt1064.o
                0x7000d7d8                USDHC2_IRQHandler
 .text.USB_OTG2_IRQHandler
                0x7000d7e0        0x8 ./startup/startup_mimxrt1064.o
                0x7000d7e0                USB_OTG2_IRQHandler
 .text.USB_OTG1_IRQHandler
                0x7000d7e8        0x8 ./startup/startup_mimxrt1064.o
                0x7000d7e8                USB_OTG1_IRQHandler
 .text.ENET_IRQHandler
                0x7000d7f0        0x8 ./startup/startup_mimxrt1064.o
                0x7000d7f0                ENET_IRQHandler
 .text.ENET_1588_Timer_IRQHandler
                0x7000d7f8        0x8 ./startup/startup_mimxrt1064.o
                0x7000d7f8                ENET_1588_Timer_IRQHandler
 .text.XBAR1_IRQ_0_1_IRQHandler
                0x7000d800        0x8 ./startup/startup_mimxrt1064.o
                0x7000d800                XBAR1_IRQ_0_1_IRQHandler
 .text.XBAR1_IRQ_2_3_IRQHandler
                0x7000d808        0x8 ./startup/startup_mimxrt1064.o
                0x7000d808                XBAR1_IRQ_2_3_IRQHandler
 .text.ADC_ETC_IRQ0_IRQHandler
                0x7000d810        0x8 ./startup/startup_mimxrt1064.o
                0x7000d810                ADC_ETC_IRQ0_IRQHandler
 .text.ADC_ETC_IRQ1_IRQHandler
                0x7000d818        0x8 ./startup/startup_mimxrt1064.o
                0x7000d818                ADC_ETC_IRQ1_IRQHandler
 .text.ADC_ETC_IRQ2_IRQHandler
                0x7000d820        0x8 ./startup/startup_mimxrt1064.o
                0x7000d820                ADC_ETC_IRQ2_IRQHandler
 .text.ADC_ETC_ERROR_IRQ_IRQHandler
                0x7000d828        0x8 ./startup/startup_mimxrt1064.o
                0x7000d828                ADC_ETC_ERROR_IRQ_IRQHandler
 .text.PIT_IRQHandler
                0x7000d830        0x8 ./startup/startup_mimxrt1064.o
                0x7000d830                PIT_IRQHandler
 .text.ACMP1_IRQHandler
                0x7000d838        0x8 ./startup/startup_mimxrt1064.o
                0x7000d838                ACMP1_IRQHandler
 .text.ACMP2_IRQHandler
                0x7000d840        0x8 ./startup/startup_mimxrt1064.o
                0x7000d840                ACMP2_IRQHandler
 .text.ACMP3_IRQHandler
                0x7000d848        0x8 ./startup/startup_mimxrt1064.o
                0x7000d848                ACMP3_IRQHandler
 .text.ACMP4_IRQHandler
                0x7000d850        0x8 ./startup/startup_mimxrt1064.o
                0x7000d850                ACMP4_IRQHandler
 .text.Reserved143_IRQHandler
                0x7000d858        0x8 ./startup/startup_mimxrt1064.o
                0x7000d858                Reserved143_IRQHandler
 .text.Reserved144_IRQHandler
                0x7000d860        0x8 ./startup/startup_mimxrt1064.o
                0x7000d860                Reserved144_IRQHandler
 .text.ENC1_IRQHandler
                0x7000d868        0x8 ./startup/startup_mimxrt1064.o
                0x7000d868                ENC1_IRQHandler
 .text.ENC2_IRQHandler
                0x7000d870        0x8 ./startup/startup_mimxrt1064.o
                0x7000d870                ENC2_IRQHandler
 .text.ENC3_IRQHandler
                0x7000d878        0x8 ./startup/startup_mimxrt1064.o
                0x7000d878                ENC3_IRQHandler
 .text.ENC4_IRQHandler
                0x7000d880        0x8 ./startup/startup_mimxrt1064.o
                0x7000d880                ENC4_IRQHandler
 .text.TMR1_IRQHandler
                0x7000d888        0x8 ./startup/startup_mimxrt1064.o
                0x7000d888                TMR1_IRQHandler
 .text.TMR2_IRQHandler
                0x7000d890        0x8 ./startup/startup_mimxrt1064.o
                0x7000d890                TMR2_IRQHandler
 .text.TMR3_IRQHandler
                0x7000d898        0x8 ./startup/startup_mimxrt1064.o
                0x7000d898                TMR3_IRQHandler
 .text.TMR4_IRQHandler
                0x7000d8a0        0x8 ./startup/startup_mimxrt1064.o
                0x7000d8a0                TMR4_IRQHandler
 .text.PWM2_0_IRQHandler
                0x7000d8a8        0x8 ./startup/startup_mimxrt1064.o
                0x7000d8a8                PWM2_0_IRQHandler
 .text.PWM2_1_IRQHandler
                0x7000d8b0        0x8 ./startup/startup_mimxrt1064.o
                0x7000d8b0                PWM2_1_IRQHandler
 .text.PWM2_2_IRQHandler
                0x7000d8b8        0x8 ./startup/startup_mimxrt1064.o
                0x7000d8b8                PWM2_2_IRQHandler
 .text.PWM2_3_IRQHandler
                0x7000d8c0        0x8 ./startup/startup_mimxrt1064.o
                0x7000d8c0                PWM2_3_IRQHandler
 .text.PWM2_FAULT_IRQHandler
                0x7000d8c8        0x8 ./startup/startup_mimxrt1064.o
                0x7000d8c8                PWM2_FAULT_IRQHandler
 .text.PWM3_0_IRQHandler
                0x7000d8d0        0x8 ./startup/startup_mimxrt1064.o
                0x7000d8d0                PWM3_0_IRQHandler
 .text.PWM3_1_IRQHandler
                0x7000d8d8        0x8 ./startup/startup_mimxrt1064.o
                0x7000d8d8                PWM3_1_IRQHandler
 .text.PWM3_2_IRQHandler
                0x7000d8e0        0x8 ./startup/startup_mimxrt1064.o
                0x7000d8e0                PWM3_2_IRQHandler
 .text.PWM3_3_IRQHandler
                0x7000d8e8        0x8 ./startup/startup_mimxrt1064.o
                0x7000d8e8                PWM3_3_IRQHandler
 .text.PWM3_FAULT_IRQHandler
                0x7000d8f0        0x8 ./startup/startup_mimxrt1064.o
                0x7000d8f0                PWM3_FAULT_IRQHandler
 .text.PWM4_0_IRQHandler
                0x7000d8f8        0x8 ./startup/startup_mimxrt1064.o
                0x7000d8f8                PWM4_0_IRQHandler
 .text.PWM4_1_IRQHandler
                0x7000d900        0x8 ./startup/startup_mimxrt1064.o
                0x7000d900                PWM4_1_IRQHandler
 .text.PWM4_2_IRQHandler
                0x7000d908        0x8 ./startup/startup_mimxrt1064.o
                0x7000d908                PWM4_2_IRQHandler
 .text.PWM4_3_IRQHandler
                0x7000d910        0x8 ./startup/startup_mimxrt1064.o
                0x7000d910                PWM4_3_IRQHandler
 .text.PWM4_FAULT_IRQHandler
                0x7000d918        0x8 ./startup/startup_mimxrt1064.o
                0x7000d918                PWM4_FAULT_IRQHandler
 .text.ENET2_IRQHandler
                0x7000d920        0x8 ./startup/startup_mimxrt1064.o
                0x7000d920                ENET2_IRQHandler
 .text.ENET2_1588_Timer_IRQHandler
                0x7000d928        0x8 ./startup/startup_mimxrt1064.o
                0x7000d928                ENET2_1588_Timer_IRQHandler
 .text.CAN3_IRQHandler
                0x7000d930        0x8 ./startup/startup_mimxrt1064.o
                0x7000d930                CAN3_IRQHandler
 .text.Reserved171_IRQHandler
                0x7000d938        0x8 ./startup/startup_mimxrt1064.o
                0x7000d938                Reserved171_IRQHandler
 .text.FLEXIO3_IRQHandler
                0x7000d940        0x8 ./startup/startup_mimxrt1064.o
                0x7000d940                FLEXIO3_IRQHandler
 .text.HardFault_Handler
                0x7000d948       0x2c ./source/semihost_hardfault.o
                0x7000d948                HardFault_Handler
 .text.BOARD_USDHC1ClockConfiguration
                0x7000d974       0x10 ./sdmmc/template/usdhc/sdmmc_config.o
                0x7000d974                BOARD_USDHC1ClockConfiguration
 .text.BOARD_SDCardPowerControl
                0x7000d984       0x16 ./sdmmc/template/usdhc/sdmmc_config.o
                0x7000d984                BOARD_SDCardPowerControl
 .text.BOARD_SD_Pin_Config
                0x7000d99a       0x14 ./sdmmc/template/usdhc/sdmmc_config.o
                0x7000d99a                BOARD_SD_Pin_Config
 .text.USDHC_GetPresentStatusFlags
                0x7000d9ae       0x18 ./sdmmc/src/fsl_sd.o
 .text.USDHC_ForceClockOn
                0x7000d9c6       0x40 ./sdmmc/src/fsl_sd.o
 .text.SDMMCHOST_SendCardActive
                0x7000da06       0x1c ./sdmmc/src/fsl_sd.o
 .text.SDMMCHOST_SetCardClock
                0x7000da22       0x24 ./sdmmc/src/fsl_sd.o
 .text.SDMMCHOST_IsCardBusy
                0x7000da46       0x2c ./sdmmc/src/fsl_sd.o
 .text.SDMMCHOST_GetSignalLineStatus
                0x7000da72       0x24 ./sdmmc/src/fsl_sd.o
 .text.SDMMCHOST_EnableDDRMode
                0x7000da96       0x24 ./sdmmc/src/fsl_sd.o
 .text.SDMMCHOST_ForceClockOn
                0x7000daba       0x22 ./sdmmc/src/fsl_sd.o
 .text.SD_SwitchIOVoltage
                0x7000dadc       0x68 ./sdmmc/src/fsl_sd.o
 .text.SD_Deinit
                0x7000db44       0x1c ./sdmmc/src/fsl_sd.o
                0x7000db44                SD_Deinit
 .text.SD_HostDoReset
                0x7000db60       0x1a ./sdmmc/src/fsl_sd.o
                0x7000db60                SD_HostDoReset
 .text.SDMMC_GoIdle
                0x7000db7a       0x56 ./sdmmc/src/fsl_sdmmc_common.o
                0x7000db7a                SDMMC_GoIdle
 .text.SDMMC_OSADelay
                0x7000dbd0       0x16 ./sdmmc/osa/fsl_sdmmc_osa.o
                0x7000dbd0                SDMMC_OSADelay
 .text.USDHC_EnableInterruptStatus
                0x7000dbe6       0x22 ./sdmmc/host/fsl_sdmmc_host.o
 .text.USDHC_EnableInterruptSignal
                0x7000dc08       0x22 ./sdmmc/host/fsl_sdmmc_host.o
 .text.USDHC_DisableInterruptSignal
                0x7000dc2a       0x24 ./sdmmc/host/fsl_sdmmc_host.o
 .text.USDHC_GetInterruptStatusFlags
                0x7000dc4e       0x18 ./sdmmc/host/fsl_sdmmc_host.o
 .text.USDHC_ClearInterruptStatusFlags
                0x7000dc66       0x1c ./sdmmc/host/fsl_sdmmc_host.o
 .text.USDHC_GetAdmaErrorStatusFlags
                0x7000dc82       0x1c ./sdmmc/host/fsl_sdmmc_host.o
 .text.USDHC_GetPresentStatusFlags
                0x7000dc9e       0x18 ./sdmmc/host/fsl_sdmmc_host.o
 .text.USDHC_ForceClockOn
                0x7000dcb6       0x40 ./sdmmc/host/fsl_sdmmc_host.o
 .text.USDHC_SetDataBusWidth
                0x7000dcf6       0x2e ./sdmmc/host/fsl_sdmmc_host.o
 .text.USDHC_CardDetectByData3
                0x7000dd24       0x38 ./sdmmc/host/fsl_sdmmc_host.o
 .text.UDSHC_SelectVoltage
                0x7000dd5c       0x40 ./sdmmc/host/fsl_sdmmc_host.o
 .text.USDHC_EnableAutoTuning
                0x7000dd9c       0x38 ./sdmmc/host/fsl_sdmmc_host.o
 .text.USDHC_GetTuningDelayStatus
                0x7000ddd4       0x1a ./sdmmc/host/fsl_sdmmc_host.o
 .text.USDHC_SetStandardTuningCounter
                0x7000ddee       0x30 ./sdmmc/host/fsl_sdmmc_host.o
 .text.USDHC_GetExecuteStdTuningStatus
                0x7000de1e       0x1c ./sdmmc/host/fsl_sdmmc_host.o
 .text.USDHC_CheckStdTuningResult
                0x7000de3a       0x1c ./sdmmc/host/fsl_sdmmc_host.o
 .text.USDHC_CheckTuningError
                0x7000de56       0x1c ./sdmmc/host/fsl_sdmmc_host.o
 .text.SDMMCHOST_DetectCardInsertByHost
                0x7000de72       0x84 ./sdmmc/host/fsl_sdmmc_host.o
 .text.SDMMCHOST_DetectCardRemoveByHost
                0x7000def6       0x84 ./sdmmc/host/fsl_sdmmc_host.o
 .text.SDMMCHOST_CardDetectStatus
                0x7000df7a       0x96 ./sdmmc/host/fsl_sdmmc_host.o
                0x7000df7a                SDMMCHOST_CardDetectStatus
 .text.SDMMCHOST_ConvertDataToLittleEndian
                0x7000e010       0xe2 ./sdmmc/host/fsl_sdmmc_host.o
                0x7000e010                SDMMCHOST_ConvertDataToLittleEndian
 .text.SDMMCHOST_TransferCompleteCallback
                0x7000e0f2       0x6a ./sdmmc/host/fsl_sdmmc_host.o
 .text.SDMMCHOST_TransferFunction
                0x7000e15c      0x10c ./sdmmc/host/fsl_sdmmc_host.o
                0x7000e15c                SDMMCHOST_TransferFunction
 .text.SDMMCHOST_ErrorRecovery
                0x7000e268       0x54 ./sdmmc/host/fsl_sdmmc_host.o
 .text.SDMMCHOST_SetCardPower
                0x7000e2bc       0x18 ./sdmmc/host/fsl_sdmmc_host.o
                0x7000e2bc                SDMMCHOST_SetCardPower
 .text.SDMMCHOST_SetCardBusWidth
                0x7000e2d4       0x34 ./sdmmc/host/fsl_sdmmc_host.o
                0x7000e2d4                SDMMCHOST_SetCardBusWidth
 .text.SDMMCHOST_Deinit
                0x7000e308       0x46 ./sdmmc/host/fsl_sdmmc_host.o
                0x7000e308                SDMMCHOST_Deinit
 .text.SDMMCHOST_SwitchToVoltage
                0x7000e34e       0x32 ./sdmmc/host/fsl_sdmmc_host.o
                0x7000e34e                SDMMCHOST_SwitchToVoltage
 .text.SDMMCHOST_ExecuteStdTuning
                0x7000e380      0x156 ./sdmmc/host/fsl_sdmmc_host.o
 .text.SDMMC_CheckTuningResult
                0x7000e4d6       0xae ./sdmmc/host/fsl_sdmmc_host.o
 .text.SDMMCHOST_ExecuteManualTuning
                0x7000e584      0x1c8 ./sdmmc/host/fsl_sdmmc_host.o
 .text.SDMMCHOST_ExecuteTuning
                0x7000e74c       0x3e ./sdmmc/host/fsl_sdmmc_host.o
                0x7000e74c                SDMMCHOST_ExecuteTuning
 .text.vListInitialise
                0x7000e78a       0x40 ./freertos/freertos_kernel/list.o
                0x7000e78a                vListInitialise
 .text.vListInitialiseItem
                0x7000e7ca       0x1a ./freertos/freertos_kernel/list.o
                0x7000e7ca                vListInitialiseItem
 .text.vListInsertEnd
                0x7000e7e4       0x48 ./freertos/freertos_kernel/list.o
                0x7000e7e4                vListInsertEnd
 .text.vListInsert
                0x7000e82c       0x72 ./freertos/freertos_kernel/list.o
                0x7000e82c                vListInsert
 .text.uxListRemove
                0x7000e89e       0x54 ./freertos/freertos_kernel/list.o
                0x7000e89e                uxListRemove
 .text.xQueueGenericCreate
                0x7000e8f2       0xbe ./freertos/freertos_kernel/queue.o
                0x7000e8f2                xQueueGenericCreate
 .text.prvInitialiseNewQueue
                0x7000e9b0       0x46 ./freertos/freertos_kernel/queue.o
 .text.prvInitialiseMutex
                0x7000e9f6       0x34 ./freertos/freertos_kernel/queue.o
 .text.xQueueCreateMutex
                0x7000ea2a       0x30 ./freertos/freertos_kernel/queue.o
                0x7000ea2a                xQueueCreateMutex
 .text.xQueueGiveMutexRecursive
                0x7000ea5a       0x68 ./freertos/freertos_kernel/queue.o
                0x7000ea5a                xQueueGiveMutexRecursive
 .text.xQueueTakeMutexRecursive
                0x7000eac2       0x6c ./freertos/freertos_kernel/queue.o
                0x7000eac2                xQueueTakeMutexRecursive
 .text.xQueueCreateCountingSemaphore
                0x7000eb2e       0x66 ./freertos/freertos_kernel/queue.o
                0x7000eb2e                xQueueCreateCountingSemaphore
 .text.xQueueGenericSendFromISR
                0x7000eb94      0x154 ./freertos/freertos_kernel/queue.o
                0x7000eb94                xQueueGenericSendFromISR
 .text.xQueueGiveFromISR
                0x7000ece8      0x138 ./freertos/freertos_kernel/queue.o
                0x7000ece8                xQueueGiveFromISR
 .text.vQueueDelete
                0x7000ee20       0x3c ./freertos/freertos_kernel/queue.o
                0x7000ee20                vQueueDelete
 .text.prvGetDisinheritPriorityAfterTimeout
                0x7000ee5c       0x30 ./freertos/freertos_kernel/queue.o
 .text.prvCopyDataToQueue
                0x7000ee8c       0xd4 ./freertos/freertos_kernel/queue.o
 .text.prvCopyDataFromQueue
                0x7000ef60       0x4c ./freertos/freertos_kernel/queue.o
 .text.prvUnlockQueue
                0x7000efac       0xa4 ./freertos/freertos_kernel/queue.o
 .text.prvIsQueueEmpty
                0x7000f050       0x2c ./freertos/freertos_kernel/queue.o
 .text.prvIsQueueFull
                0x7000f07c       0x30 ./freertos/freertos_kernel/queue.o
 .text.vQueueWaitForMessageRestricted
                0x7000f0ac       0x68 ./freertos/freertos_kernel/queue.o
                0x7000f0ac                vQueueWaitForMessageRestricted
 .text.xTaskCreate
                0x7000f114       0x82 ./freertos/freertos_kernel/tasks.o
                0x7000f114                xTaskCreate
 .text.prvInitialiseNewTask
                0x7000f196      0x13a ./freertos/freertos_kernel/tasks.o
 .text.prvDeleteTCB
                0x7000f2d0       0x20 ./freertos/freertos_kernel/tasks.o
 .text.prvTimerTask
                0x7000f2f0       0x24 ./freertos/freertos_kernel/timers.o
 .text.sd_disk_status
                0x7000f314       0x22 ./fatfs/source/fsl_sd_disk/fsl_sd_disk.o
                0x7000f314                sd_disk_status
 .text.disk_status
                0x7000f336       0x2c ./fatfs/source/diskio.o
                0x7000f336                disk_status
 .text.disk_initialize
                0x7000f362       0x2c ./fatfs/source/diskio.o
                0x7000f362                disk_initialize
 .text.disk_read
                0x7000f38e       0x36 ./fatfs/source/diskio.o
                0x7000f38e                disk_read
 .text.disk_write
                0x7000f3c4       0x36 ./fatfs/source/diskio.o
                0x7000f3c4                disk_write
 .text.ld_word  0x7000f3fa       0x30 ./fatfs/source/ff.o
 .text.ld_dword
                0x7000f42a       0x46 ./fatfs/source/ff.o
 .text.st_word  0x7000f470       0x36 ./fatfs/source/ff.o
 .text.st_dword
                0x7000f4a6       0x58 ./fatfs/source/ff.o
 .text.dbc_1st  0x7000f4fe       0x40 ./fatfs/source/ff.o
 .text.dbc_2nd  0x7000f53e       0x54 ./fatfs/source/ff.o
 .text.sync_window
                0x7000f592       0x78 ./fatfs/source/ff.o
 .text.move_window
                0x7000f60a       0x5a ./fatfs/source/ff.o
 .text.clst2sect
                0x7000f664       0x3e ./fatfs/source/ff.o
 .text.get_fat  0x7000f6a2      0x150 ./fatfs/source/ff.o
 .text.put_fat  0x7000f7f2      0x1d8 ./fatfs/source/ff.o
 .text.remove_chain
                0x7000f9ca       0xca ./fatfs/source/ff.o
 .text.create_chain
                0x7000fa94      0x1a2 ./fatfs/source/ff.o
 .text.dir_clear
                0x7000fc36       0x90 ./fatfs/source/ff.o
 .text.dir_sdi  0x7000fcc6       0xf6 ./fatfs/source/ff.o
 .text.dir_next
                0x7000fdbc      0x12c ./fatfs/source/ff.o
 .text.dir_alloc
                0x7000fee8       0x8e ./fatfs/source/ff.o
 .text.ld_clust
                0x7000ff76       0x3e ./fatfs/source/ff.o
 .text.st_clust
                0x7000ffb4       0x40 ./fatfs/source/ff.o
 .text.dir_find
                0x7000fff4       0xaa ./fatfs/source/ff.o
 .text.dir_register
                0x7001009e       0x64 ./fatfs/source/ff.o
 .text.follow_path
                0x70010102      0x11c ./fatfs/source/ff.o
 .text.find_volume
                0x7001021e       0xbe ./fatfs/source/ff.o
 .text.validate
                0x700102dc       0x6a ./fatfs/source/ff.o
 .text.f_read   0x70010346      0x266 ./fatfs/source/ff.o
                0x70010346                f_read
 .text.DCACHE_InvalidateByRange
                0x700105ac       0x1a ./drivers/fsl_cache.o
                0x700105ac                DCACHE_InvalidateByRange
 .text.DCACHE_CleanByRange
                0x700105c6       0x1a ./drivers/fsl_cache.o
                0x700105c6                DCACHE_CleanByRange
 .text.DCACHE_CleanInvalidateByRange
                0x700105e0       0x1a ./drivers/fsl_cache.o
                0x700105e0                DCACHE_CleanInvalidateByRange
 .text.CLOCK_GetRtcFreq
                0x700105fa       0x12 ./drivers/fsl_clock.o
 .text.CLOCK_IsPllBypassed
                0x7001060c       0x32 ./drivers/fsl_clock.o
 .text.CLOCK_IsPllEnabled
                0x7001063e       0x3c ./drivers/fsl_clock.o
 .text.CLOCK_GetPllBypassRefClk
                0x7001067a       0x34 ./drivers/fsl_clock.o
 .text._SDK_AtomicLocalClearAndSet4Byte
                0x700106ae       0x50 ./drivers/fsl_semc.o
 .text.CLOCK_EnableClock
                0x700106fe       0x1e ./drivers/fsl_semc.o
 .text.SEMC_IsIPCommandDone
                0x7001071c       0x52 ./drivers/fsl_semc.o
 .text._SDK_AtomicLocalClearAndSet4Byte
                0x7001076e       0x50 ./drivers/fsl_usdhc.o
 .text.CLOCK_EnableClock
                0x700107be       0x1e ./drivers/fsl_usdhc.o
 .text.CLOCK_DisableClock
                0x700107dc       0x1e ./drivers/fsl_usdhc.o
 .text.EnableIRQ
                0x700107fa       0x32 ./drivers/fsl_usdhc.o
 .text.USDHC_EnableInternalDMA
                0x7001082c       0x44 ./drivers/fsl_usdhc.o
 .text.USDHC_EnableInterruptSignal
                0x70010870       0x22 ./drivers/fsl_usdhc.o
 .text.USDHC_DisableInterruptSignal
                0x70010892       0x24 ./drivers/fsl_usdhc.o
 .text.USDHC_GetEnabledInterruptStatusFlags
                0x700108b6       0x22 ./drivers/fsl_usdhc.o
 .text.USDHC_GetInterruptStatusFlags
                0x700108d8       0x18 ./drivers/fsl_usdhc.o
 .text.USDHC_ClearInterruptStatusFlags
                0x700108f0       0x1c ./drivers/fsl_usdhc.o
 .text.USDHC_WriteData
                0x7001090c       0x1c ./drivers/fsl_usdhc.o
 .text.USDHC_ReadData
                0x70010928       0x18 ./drivers/fsl_usdhc.o
 .text.USDHC_SetTransferConfig
                0x70010940      0x146 ./drivers/fsl_usdhc.o
 .text.USDHC_ReadDataPort
                0x70010a86       0xb0 ./drivers/fsl_usdhc.o
 .text.USDHC_WriteDataPort
                0x70010b36       0xb2 ./drivers/fsl_usdhc.o
 .text.USDHC_Reset
                0x70010be8       0x52 ./drivers/fsl_usdhc.o
                0x70010be8                USDHC_Reset
 .text.USDHC_SetCardActive
                0x70010c3a       0x4c ./drivers/fsl_usdhc.o
                0x70010c3a                USDHC_SetCardActive
 .text.USDHC_EnableDDRMode
                0x70010c86       0x88 ./drivers/fsl_usdhc.o
                0x70010c86                USDHC_EnableDDRMode
 .text.USDHC_EnableManualTuning
                0x70010d0e       0x54 ./drivers/fsl_usdhc.o
                0x70010d0e                USDHC_EnableManualTuning
 .text.USDHC_TransferHandleCardDetect
                0x70010d62       0x4c ./drivers/fsl_usdhc.o
 .text.USDHC_TransferHandleSdioInterrupt
                0x70010dae       0x28 ./drivers/fsl_usdhc.o
 .text.USDHC_TransferHandleBlockGap
                0x70010dd6       0x28 ./drivers/fsl_usdhc.o
 .text.SystemInitHook
                0x70010dfe        0xe ./device/system_MIMXRT1064.o
                0x70010dfe                SystemInitHook
 .text.LPUART_WriteByte
                0x70010e0c       0x1e ./component/uart/fsl_adapter_lpuart.o
 .text.LPUART_ReadByte
                0x70010e2a       0x6e ./component/uart/fsl_adapter_lpuart.o
 .text.LPUART1_IRQHandler
                0x70010e98       0x14 ./component/uart/fsl_adapter_lpuart.o
                0x70010e98                LPUART1_IRQHandler
 .text.LPUART2_IRQHandler
                0x70010eac       0x14 ./component/uart/fsl_adapter_lpuart.o
                0x70010eac                LPUART2_IRQHandler
 .text.LPUART3_IRQHandler
                0x70010ec0       0x14 ./component/uart/fsl_adapter_lpuart.o
                0x70010ec0                LPUART3_IRQHandler
 .text.LPUART4_IRQHandler
                0x70010ed4       0x14 ./component/uart/fsl_adapter_lpuart.o
                0x70010ed4                LPUART4_IRQHandler
 .text.LPUART5_IRQHandler
                0x70010ee8       0x14 ./component/uart/fsl_adapter_lpuart.o
                0x70010ee8                LPUART5_IRQHandler
 .text.LPUART6_IRQHandler
                0x70010efc       0x14 ./component/uart/fsl_adapter_lpuart.o
                0x70010efc                LPUART6_IRQHandler
 .text.LPUART7_IRQHandler
                0x70010f10       0x14 ./component/uart/fsl_adapter_lpuart.o
                0x70010f10                LPUART7_IRQHandler
 .text.LPUART8_IRQHandler
                0x70010f24       0x14 ./component/uart/fsl_adapter_lpuart.o
                0x70010f24                LPUART8_IRQHandler
 .text.OSA_EnterCritical
                0x70010f38       0x40 ./component/osa/fsl_os_abstraction_free_rtos.o
                0x70010f38                OSA_EnterCritical
 .text.OSA_ExitCritical
                0x70010f78       0x2e ./component/osa/fsl_os_abstraction_free_rtos.o
                0x70010f78                OSA_ExitCritical
 .text.GPIO_PortGetInterruptFlags
                0x70010fa6       0x18 ./component/gpio/fsl_adapter_igpio.o
 .text.GPIO_PortClearInterruptFlags
                0x70010fbe       0x1c ./component/gpio/fsl_adapter_igpio.o
 .text.GPIO1_Combined_0_15_IRQHandler
                0x70010fda       0x14 ./component/gpio/fsl_adapter_igpio.o
                0x70010fda                GPIO1_Combined_0_15_IRQHandler
 .text.GPIO1_Combined_16_31_IRQHandler
                0x70010fee       0x14 ./component/gpio/fsl_adapter_igpio.o
                0x70010fee                GPIO1_Combined_16_31_IRQHandler
 .text.GPIO2_Combined_0_15_IRQHandler
                0x70011002       0x14 ./component/gpio/fsl_adapter_igpio.o
                0x70011002                GPIO2_Combined_0_15_IRQHandler
 .text.GPIO2_Combined_16_31_IRQHandler
                0x70011016       0x14 ./component/gpio/fsl_adapter_igpio.o
                0x70011016                GPIO2_Combined_16_31_IRQHandler
 .text.GPIO3_Combined_0_15_IRQHandler
                0x7001102a       0x14 ./component/gpio/fsl_adapter_igpio.o
                0x7001102a                GPIO3_Combined_0_15_IRQHandler
 .text.GPIO3_Combined_16_31_IRQHandler
                0x7001103e       0x14 ./component/gpio/fsl_adapter_igpio.o
                0x7001103e                GPIO3_Combined_16_31_IRQHandler
 .text.GPIO4_Combined_0_15_IRQHandler
                0x70011052       0x14 ./component/gpio/fsl_adapter_igpio.o
                0x70011052                GPIO4_Combined_0_15_IRQHandler
 .text.GPIO4_Combined_16_31_IRQHandler
                0x70011066       0x14 ./component/gpio/fsl_adapter_igpio.o
                0x70011066                GPIO4_Combined_16_31_IRQHandler
 .text.GPIO5_Combined_0_15_IRQHandler
                0x7001107a       0x14 ./component/gpio/fsl_adapter_igpio.o
                0x7001107a                GPIO5_Combined_0_15_IRQHandler
 .text.GPIO5_Combined_16_31_IRQHandler
                0x7001108e       0x14 ./component/gpio/fsl_adapter_igpio.o
                0x7001108e                GPIO5_Combined_16_31_IRQHandler
 .text.GPIO6_7_8_9_IRQHandler
                0x700110a2       0x26 ./component/gpio/fsl_adapter_igpio.o
                0x700110a2                GPIO6_7_8_9_IRQHandler
 .text.DbgConsole_Init
                0x700110c8       0x20 ./board/board.o
 .text.BOARD_InitDebugConsole
                0x700110e8       0x22 ./board/board.o
                0x700110e8                BOARD_InitDebugConsole
 .text._SDK_AtomicLocalClearAndSet4Byte
                0x7001110a       0x50 ./board/clock_config.o
 .text.CLOCK_DisableClock
                0x7001115a       0x1e ./board/clock_config.o
 .text.CLOCK_SetPllBypass
                0x70011178       0x4e ./board/clock_config.o
 .text.IOMUXC_SetSaiMClkClockSource
                0x700111c6       0x6c ./board/clock_config.o
 .text._SDK_AtomicLocalClearAndSet4Byte
                0x70011232       0x50 ./board/pin_mux.o
 .text.CLOCK_EnableClock
                0x70011282       0x1e ./board/pin_mux.o
 .text.IOMUXC_SetPinMux
                0x700112a0       0x3a ./board/pin_mux.o
 .text.__main   0x700112da        0xe c:/nxp/mcuxpressoide_11.6.0_8187/ide/plugins/com.nxp.mcuxpresso.tools.win32_11.6.0.202112161359/tools/bin/../lib/gcc/arm-none-eabi/10.3.1/../../../../arm-none-eabi/lib/thumb/v7e-m+dp/hard\libcr_semihost_nf.a(_cr__main.o)
                0x700112da                __CR_SEMIHOST
                0x700112da                __main