Archive member included to satisfy reference by file (symbol)

c:/nxp/mcuxpressoide_11.6.0_8187/ide/plugins/com.nxp.mcuxpresso.tools.win32_11.6.0.202112161359/tools/bin/../lib/gcc/arm-none-eabi/10.3.1/../../../../arm-none-eabi/lib/thumb/v7e-m+dp/hard\libcr_semihost_nf.a(_cr__main.o)
                              ./startup/startup_mimxrt1064.o (__main)
c:/nxp/mcuxpressoide_11.6.0_8187/ide/plugins/com.nxp.mcuxpresso.tools.win32_11.6.0.202112161359/tools/bin/../lib/gcc/arm-none-eabi/10.3.1/../../../../arm-none-eabi/lib/thumb/v7e-m+dp/hard\libcr_c.a(memcpy.o)
                              ./utilities/fsl_str.o (memcpy)
c:/nxp/mcuxpressoide_11.6.0_8187/ide/plugins/com.nxp.mcuxpresso.tools.win32_11.6.0.202112161359/tools/bin/../lib/gcc/arm-none-eabi/10.3.1/../../../../arm-none-eabi/lib/thumb/v7e-m+dp/hard\libcr_c.a(memset.o)
                              ./source/sdcard_fatfs_freertos.o (memset)
c:/nxp/mcuxpressoide_11.6.0_8187/ide/plugins/com.nxp.mcuxpresso.tools.win32_11.6.0.202112161359/tools/bin/../lib/gcc/arm-none-eabi/10.3.1/../../../../arm-none-eabi/lib/thumb/v7e-m+dp/hard\libcr_c.a(alloc.o)
                              ./drivers/fsl_common.o (malloc)
c:/nxp/mcuxpressoide_11.6.0_8187/ide/plugins/com.nxp.mcuxpresso.tools.win32_11.6.0.202112161359/tools/bin/../lib/gcc/arm-none-eabi/10.3.1/../../../../arm-none-eabi/lib/thumb/v7e-m+dp/hard\libcr_c.a(errno.o)
                              ./utilities/fsl_str.o (errno)
c:/nxp/mcuxpressoide_11.6.0_8187/ide/plugins/com.nxp.mcuxpresso.tools.win32_11.6.0.202112161359/tools/bin/../lib/gcc/arm-none-eabi/10.3.1/../../../../arm-none-eabi/lib/thumb/v7e-m+dp/hard\libcr_c.a(initio.o)
                              c:/nxp/mcuxpressoide_11.6.0_8187/ide/plugins/com.nxp.mcuxpresso.tools.win32_11.6.0.202112161359/tools/bin/../lib/gcc/arm-none-eabi/10.3.1/../../../../arm-none-eabi/lib/thumb/v7e-m+dp/hard\libcr_semihost_nf.a(_cr__main.o) (_initio)
c:/nxp/mcuxpressoide_11.6.0_8187/ide/plugins/com.nxp.mcuxpresso.tools.win32_11.6.0.202112161359/tools/bin/../lib/gcc/arm-none-eabi/10.3.1/../../../../arm-none-eabi/lib/thumb/v7e-m+dp/hard\libcr_c.a(memcmp.o)
                              ./fatfs/source/ff.o (memcmp)
c:/nxp/mcuxpressoide_11.6.0_8187/ide/plugins/com.nxp.mcuxpresso.tools.win32_11.6.0.202112161359/tools/bin/../lib/gcc/arm-none-eabi/10.3.1/../../../../arm-none-eabi/lib/thumb/v7e-m+dp/hard\libcr_c.a(printf.o)
                              ./utilities/fsl_assert.o (_printf)
c:/nxp/mcuxpressoide_11.6.0_8187/ide/plugins/com.nxp.mcuxpresso.tools.win32_11.6.0.202112161359/tools/bin/../lib/gcc/arm-none-eabi/10.3.1/../../../../arm-none-eabi/lib/thumb/v7e-m+dp/hard\libcr_c.a(scanf.o)
                              ./utilities/fsl_str.o (strtoul)
c:/nxp/mcuxpressoide_11.6.0_8187/ide/plugins/com.nxp.mcuxpresso.tools.win32_11.6.0.202112161359/tools/bin/../lib/gcc/arm-none-eabi/10.3.1/../../../../arm-none-eabi/lib/thumb/v7e-m+dp/hard\libcr_c.a(setvbuf.o)
                              c:/nxp/mcuxpressoide_11.6.0_8187/ide/plugins/com.nxp.mcuxpresso.tools.win32_11.6.0.202112161359/tools/bin/../lib/gcc/arm-none-eabi/10.3.1/../../../../arm-none-eabi/lib/thumb/v7e-m+dp/hard\libcr_c.a(initio.o) (setvbuf)
c:/nxp/mcuxpressoide_11.6.0_8187/ide/plugins/com.nxp.mcuxpresso.tools.win32_11.6.0.202112161359/tools/bin/../lib/gcc/arm-none-eabi/10.3.1/../../../../arm-none-eabi/lib/thumb/v7e-m+dp/hard\libcr_c.a(strchr.o)
                              ./fatfs/source/ff.o (strchr)
c:/nxp/mcuxpressoide_11.6.0_8187/ide/plugins/com.nxp.mcuxpresso.tools.win32_11.6.0.202112161359/tools/bin/../lib/gcc/arm-none-eabi/10.3.1/../../../../arm-none-eabi/lib/thumb/v7e-m+dp/hard\libcr_c.a(strlen.o)
                              ./utilities/fsl_str.o (strlen)
c:/nxp/mcuxpressoide_11.6.0_8187/ide/plugins/com.nxp.mcuxpresso.tools.win32_11.6.0.202112161359/tools/bin/../lib/gcc/arm-none-eabi/10.3.1/../../../../arm-none-eabi/lib/thumb/v7e-m+dp/hard\libcr_c.a(ungetc.o)
                              c:/nxp/mcuxpressoide_11.6.0_8187/ide/plugins/com.nxp.mcuxpresso.tools.win32_11.6.0.202112161359/tools/bin/../lib/gcc/arm-none-eabi/10.3.1/../../../../arm-none-eabi/lib/thumb/v7e-m+dp/hard\libcr_c.a(scanf.o) (ungetc)
c:/nxp/mcuxpressoide_11.6.0_8187/ide/plugins/com.nxp.mcuxpresso.tools.win32_11.6.0.202112161359/tools/bin/../lib/gcc/arm-none-eabi/10.3.1/../../../../arm-none-eabi/lib/thumb/v7e-m+dp/hard\libcr_c.a(__fillbuf.o)
                              c:/nxp/mcuxpressoide_11.6.0_8187/ide/plugins/com.nxp.mcuxpresso.tools.win32_11.6.0.202112161359/tools/bin/../lib/gcc/arm-none-eabi/10.3.1/../../../../arm-none-eabi/lib/thumb/v7e-m+dp/hard\libcr_c.a(scanf.o) (__filbuf)
c:/nxp/mcuxpressoide_11.6.0_8187/ide/plugins/com.nxp.mcuxpresso.tools.win32_11.6.0.202112161359/tools/bin/../lib/gcc/arm-none-eabi/10.3.1/../../../../arm-none-eabi/lib/thumb/v7e-m+dp/hard\libcr_c.a(__init_alloc.o)
[...]
Memory Configuration

Name             Origin             Length             Attributes
PROGRAM_FLASH    0x70000000         0x00400000         xr
SRAM_DTC         0x20000000         0x00020000         xrw
SRAM_ITC         0x00000000         0x00020000         xrw
SRAM_OC          0x20200000         0x000c0000         xrw
BOARD_SDRAM      0x80000000         0x01e00000         xrw
NCACHE_REGION    0x81e00000         0x00200000         xrw
*default*        0x00000000         0xffffffff

Linker script and memory map

LOAD ./xip/evkmimxrt1064_flexspi_nor_config.o
LOAD ./xip/fsl_flexspi_nor_boot.o
LOAD ./utilities/fsl_assert.o
LOAD ./utilities/fsl_debug_console.o
LOAD ./utilities/fsl_str.o
LOAD ./startup/startup_mimxrt1064.o
LOAD ./source/sdcard_fatfs_freertos.o
LOAD ./source/semihost_hardfault.o
LOAD ./sdmmc/template/usdhc/sdmmc_config.o
LOAD ./sdmmc/src/fsl_sd.o
LOAD ./sdmmc/src/fsl_sdmmc_common.o
LOAD ./sdmmc/osa/fsl_sdmmc_osa.o
LOAD ./sdmmc/host/fsl_sdmmc_host.o
LOAD ./freertos/freertos_kernel/portable/MemMang/heap_4.o
LOAD ./freertos/freertos_kernel/portable/GCC/ARM_CM4F/port.o
LOAD ./freertos/freertos_kernel/croutine.o
LOAD ./freertos/freertos_kernel/event_groups.o
LOAD ./freertos/freertos_kernel/list.o
LOAD ./freertos/freertos_kernel/queue.o
LOAD ./freertos/freertos_kernel/stream_buffer.o
LOAD ./freertos/freertos_kernel/tasks.o
LOAD ./freertos/freertos_kernel/timers.o
LOAD ./fatfs/source/fsl_sd_disk/fsl_sd_disk.o
LOAD ./fatfs/source/fsl_ram_disk/fsl_ram_disk.o
LOAD ./fatfs/source/diskio.o
LOAD ./fatfs/source/ff.o
LOAD ./fatfs/source/ffsystem.o
LOAD ./fatfs/source/ffunicode.o
LOAD ./drivers/fsl_cache.o
LOAD ./drivers/fsl_clock.o
LOAD ./drivers/fsl_common.o
LOAD ./drivers/fsl_common_arm.o
LOAD ./drivers/fsl_dmamux.o
LOAD ./drivers/fsl_edma.o
LOAD ./drivers/fsl_flexio.o
LOAD ./drivers/fsl_flexio_i2s.o
LOAD ./drivers/fsl_flexio_i2s_edma.o
LOAD ./drivers/fsl_gpio.o
LOAD ./drivers/fsl_lpuart.o
LOAD ./drivers/fsl_pit.o
LOAD ./drivers/fsl_sai.o
LOAD ./drivers/fsl_sai_edma.o
LOAD ./drivers/fsl_semc.o
LOAD ./drivers/fsl_usdhc.o
LOAD ./device/system_MIMXRT1064.o
LOAD ./component/uart/fsl_adapter_lpuart.o
LOAD ./component/silicon_id/fsl_silicon_id.o
LOAD ./component/serial_manager/fsl_component_serial_manager.o
LOAD ./component/serial_manager/fsl_component_serial_port_uart.o
LOAD ./component/osa/fsl_os_abstraction_free_rtos.o
LOAD ./component/lists/fsl_component_generic_list.o
LOAD ./component/gpio/fsl_adapter_igpio.o
LOAD ./board/board.o
LOAD ./board/clock_config.o
LOAD ./board/dcd.o
LOAD ./board/peripherals.o
LOAD ./board/pin_mux.o
START GROUP
LOAD c:/nxp/mcuxpressoide_11.6.0_8187/ide/plugins/com.nxp.mcuxpresso.tools.win32_11.6.0.202112161359/tools/bin/../lib/gcc/arm-none-eabi/10.3.1/../../../../arm-none-eabi/lib/thumb/v7e-m+dp/hard\libcr_semihost_nf.a
LOAD c:/nxp/mcuxpressoide_11.6.0_8187/ide/plugins/com.nxp.mcuxpresso.tools.win32_11.6.0.202112161359/tools/bin/../lib/gcc/arm-none-eabi/10.3.1/../../../../arm-none-eabi/lib/thumb/v7e-m+dp/hard\libcr_c.a
LOAD c:/nxp/mcuxpressoide_11.6.0_8187/ide/plugins/com.nxp.mcuxpresso.tools.win32_11.6.0.202112161359/tools/bin/../lib/gcc/arm-none-eabi/10.3.1/thumb/v7e-m+dp/hard\libcr_eabihelpers.a
LOAD c:/nxp/mcuxpressoide_11.6.0_8187/ide/plugins/com.nxp.mcuxpresso.tools.win32_11.6.0.202112161359/tools/bin/../lib/gcc/arm-none-eabi/10.3.1/thumb/v7e-m+dp/hard\libgcc.a
END GROUP
                0x70000000                __base_PROGRAM_FLASH = 0x70000000
                0x70000000                __base_Flash = 0x70000000
                0x70400000                __top_PROGRAM_FLASH = 0x70400000
                0x70400000                __top_Flash = 0x70400000
                0x20000000                __base_SRAM_DTC = 0x20000000
                0x20000000                __base_RAM = 0x20000000
                0x20020000                __top_SRAM_DTC = 0x20020000
                0x20020000                __top_RAM = 0x20020000
                0x00000000                __base_SRAM_ITC = 0x0
                0x00000000                __base_RAM2 = 0x0
                0x00020000                __top_SRAM_ITC = 0x20000
                0x00020000                __top_RAM2 = 0x20000
                0x20200000                __base_SRAM_OC = 0x20200000
                0x20200000                __base_RAM3 = 0x20200000
                0x202c0000                __top_SRAM_OC = 0x202c0000
                0x202c0000                __top_RAM3 = 0x202c0000
                0x80000000                __base_BOARD_SDRAM = 0x80000000
                0x80000000                __base_RAM4 = 0x80000000
                0x81e00000                __top_BOARD_SDRAM = 0x81e00000
                0x81e00000                __top_RAM4 = 0x81e00000
                0x81e00000                __base_NCACHE_REGION = 0x81e00000
                0x81e00000                __base_RAM5 = 0x81e00000
                0x82000000                __top_NCACHE_REGION = 0x82000000
                0x82000000                __top_RAM5 = 0x82000000

.boot_hdr       0x70000000     0x2000
 FILL mask 0xff
                0x70000000                __boot_hdr_start__ = ABSOLUTE (.)
 *(SORT_BY_ALIGNMENT(.boot_hdr.conf))
 .boot_hdr.conf
                0x70000000      0x200 ./xip/evkmimxrt1064_flexspi_nor_config.o
                0x70000000                qspiflash_config
                0x00001000                . = 0x1000
 *fill*         0x70000200      0xe00 ff
 *(SORT_BY_ALIGNMENT(.boot_hdr.ivt))
 .boot_hdr.ivt  0x70001000       0x20 ./xip/fsl_flexspi_nor_boot.o
                0x70001000                image_vector_table
                0x00001020                . = 0x1020
 *(SORT_BY_ALIGNMENT(.boot_hdr.boot_data))
 .boot_hdr.boot_data
                0x70001020       0x10 ./xip/fsl_flexspi_nor_boot.o
                0x70001020                g_boot_data
                0x00001030                . = 0x1030
 *(SORT_BY_ALIGNMENT(.boot_hdr.dcd_data))
 .boot_hdr.dcd_data
                0x70001030      0x410 ./board/dcd.o
                0x70001030                dcd_data
                0x70001440                __boot_hdr_end__ = ABSOLUTE (.)
                0x00002000                . = 0x2000
 *fill*         0x70001440      0xbc0 ff

.text           0x70002000     0x8af4
 FILL mask 0xff
                0x70002000                __vectors_start__ = ABSOLUTE (.)
 *(SORT_BY_ALIGNMENT(.isr_vector))
 .isr_vector    0x70002000      0x2b8 ./startup/startup_mimxrt1064.o
                0x70002000                g_pfnVectors
                0x70002000                __Vectors
                0x700022b8                . = ALIGN (0x4)
                0x700022b8                __section_table_start = .
                0x700022b8                __data_section_table = .
                0x700022b8        0x4 LONG 0x7000ac84 LOADADDR (.data)
                0x700022bc        0x4 LONG 0x20000000 ADDR (.data)
                0x700022c0        0x4 LONG 0x2c SIZEOF (.data)
                0x700022c4        0x4 LONG 0x7000aaf4 LOADADDR (.data_RAM2)
                0x700022c8        0x4 LONG 0x0 ADDR (.data_RAM2)
                0x700022cc        0x4 LONG 0x0 SIZEOF (.data_RAM2)
                0x700022d0        0x4 LONG 0x7000aaf4 LOADADDR (.data_RAM3)
                0x700022d4        0x4 LONG 0x20200000 ADDR (.data_RAM3)
                0x700022d8        0x4 LONG 0x0 SIZEOF (.data_RAM3)
                0x700022dc        0x4 LONG 0x7000aaf4 LOADADDR (.data_RAM4)
                0x700022e0        0x4 LONG 0x80000000 ADDR (.data_RAM4)
                0x700022e4        0x4 LONG 0x190 SIZEOF (.data_RAM4)
                0x700022e8        0x4 LONG 0x7000ac84 LOADADDR (.data_RAM5)
                0x700022ec        0x4 LONG 0x81e00000 ADDR (.data_RAM5)
                0x700022f0        0x4 LONG 0x0 SIZEOF (.data_RAM5)
                0x700022f4                __data_section_table_end = .
                0x700022f4                __bss_section_table = .
                0x700022f4        0x4 LONG 0x2000002c ADDR (.bss)
                0x700022f8        0x4 LONG 0x3598 SIZEOF (.bss)
                0x700022fc        0x4 LONG 0x0 ADDR (.bss_RAM2)
                0x70002300        0x4 LONG 0x0 SIZEOF (.bss_RAM2)
                0x70002304        0x4 LONG 0x20200000 ADDR (.bss_RAM3)
                0x70002308        0x4 LONG 0x0 SIZEOF (.bss_RAM3)
                0x7000230c        0x4 LONG 0x80000190 ADDR (.bss_RAM4)
                0x70002310        0x4 LONG 0x0 SIZEOF (.bss_RAM4)
                0x70002314        0x4 LONG 0x81e00000 ADDR (.bss_RAM5)
                0x70002318        0x4 LONG 0x0 SIZEOF (.bss_RAM5)
                0x7000231c                __bss_section_table_end = .
                0x7000231c                __section_table_end = .
 *(SORT_BY_ALIGNMENT(.after_vectors*))
 .after_vectors.reset
                0x7000231c       0x54 ./startup/startup_mimxrt1064.o
                0x7000231c                ResetISR
 .after_vectors.init_data
                0x70002370       0x1e ./startup/startup_mimxrt1064.o
                0x70002370                data_init
 .after_vectors.init_bss
                0x7000238e       0x12 ./startup/startup_mimxrt1064.o
                0x7000238e                bss_init
 .after_vectors
                0x700023a0       0x14 ./startup/startup_mimxrt1064.o
                0x700023a0                NMI_Handler
                0x700023a4                MemManage_Handler
                0x700023a6                BusFault_Handler
                0x700023a8                UsageFault_Handler
                0x700023ac                DebugMon_Handler
                0x700023b2                LCDIF_DriverIRQHandler
                0x700023b2                CCM_2_DriverIRQHandler
                0x700023b2                PIT_DriverIRQHandler
                0x700023b2                PMU_EVENT_DriverIRQHandler
                0x700023b2                PWM4_FAULT_DriverIRQHandler
                0x700023b2                FLEXRAM_DriverIRQHandler
                0x700023b2                LPSPI4_DriverIRQHandler
                0x700023b2                SEMC_DriverIRQHandler
                0x700023b2                SPDIF_DriverIRQHandler
                0x700023b2                PWM4_3_DriverIRQHandler
                0x700023b2                ENET2_DriverIRQHandler
                0x700023b2                FLEXSPI2_DriverIRQHandler
                0x700023b2                USB_PHY1_DriverIRQHandler
                0x700023b2                GPIO3_Combined_0_15_DriverIRQHandler
                0x700023b2                CAN3_DriverIRQHandler
                0x700023b2                Reserved171_DriverIRQHandler
                0x700023b2                BEE_DriverIRQHandler
                0x700023b2                LPI2C3_DriverIRQHandler
                0x700023b2                GPR_IRQ_DriverIRQHandler
                0x700023b2                PWM2_FAULT_DriverIRQHandler
                0x700023b2                PWM3_1_DriverIRQHandler
                0x700023b2                TMR1_DriverIRQHandler
                0x700023b2                TRNG_DriverIRQHandler
                0x700023b2                PWM3_2_DriverIRQHandler
                0x700023b2                ENET_1588_Timer_DriverIRQHandler
                0x700023b2                GPIO2_Combined_16_31_DriverIRQHandler
                0x700023b2                Reserved143_DriverIRQHandler
                0x700023b2                LPSPI2_DriverIRQHandler
                0x700023b2                PWM4_1_DriverIRQHandler
                0x700023b2                PWM3_3_DriverIRQHandler
                0x700023b2                IntDefaultHandler
                0x700023b2                SRC_DriverIRQHandler
                0x700023b2                GPIO1_INT4_DriverIRQHandler
                0x700023b2                Reserved144_DriverIRQHandler
                0x700023b2                ENC3_DriverIRQHandler
                0x700023b2                PWM3_FAULT_DriverIRQHandler
                0x700023b2                KPP_DriverIRQHandler
                0x700023b2                TSC_DIG_DriverIRQHandler
                0x700023b2                WDOG1_DriverIRQHandler
                0x700023b2                ENET_DriverIRQHandler
                0x700023b2                Reserved78_DriverIRQHandler
                0x700023b2                TMR4_DriverIRQHandler
                0x700023b2                ENC2_DriverIRQHandler
                0x700023b2                ADC_ETC_IRQ2_DriverIRQHandler
                0x700023b2                GPIO1_Combined_16_31_DriverIRQHandler
                0x700023b2                GPIO1_INT7_DriverIRQHandler
                0x700023b2                DCDC_DriverIRQHandler
                0x700023b2                PWM4_0_DriverIRQHandler
                0x700023b2                ADC_ETC_ERROR_IRQ_DriverIRQHandler
                0x700023b2                ACMP2_DriverIRQHandler
                0x700023b2                GPIO5_Combined_0_15_DriverIRQHandler
                0x700023b2                GPIO1_INT0_DriverIRQHandler
                0x700023b2                GPIO1_INT2_DriverIRQHandler
                0x700023b2                RTWDOG_DriverIRQHandler
                0x700023b2                FLEXSPI_DriverIRQHandler
                0x700023b2                GPT2_DriverIRQHandler
                0x700023b2                USB_PHY2_DriverIRQHandler
                0x700023b2                PWM2_1_DriverIRQHandler
                0x700023b2                PWM1_1_DriverIRQHandler
                0x700023b2                PXP_DriverIRQHandler
                0x700023b2                ADC1_DriverIRQHandler
                0x700023b2                PWM1_0_DriverIRQHandler
                0x700023b2                SJC_DriverIRQHandler
                0x700023b2                ENC1_DriverIRQHandler
                0x700023b2                ENC4_DriverIRQHandler
                0x700023b2                CAN2_DriverIRQHandler
                0x700023b2                DCP_DriverIRQHandler
                0x700023b2                CTI0_ERROR_DriverIRQHandler
                0x700023b2                GPT1_DriverIRQHandler
                0x700023b2                ACMP3_DriverIRQHandler
                0x700023b2                CSU_DriverIRQHandler
                0x700023b2                GPIO1_INT5_DriverIRQHandler
                0x700023b2                TMR3_DriverIRQHandler
                0x700023b2                TMR2_DriverIRQHandler
                0x700023b2                CTI1_ERROR_DriverIRQHandler
                0x700023b2                GPIO1_Combined_0_15_DriverIRQHandler
                0x700023b2                PWM4_2_DriverIRQHandler
                0x700023b2                EWM_DriverIRQHandler
                0x700023b2                CORE_DriverIRQHandler
                0x700023b2                CSI_DriverIRQHandler
                0x700023b2                PWM2_3_DriverIRQHandler
                0x700023b2                XBAR1_IRQ_2_3_DriverIRQHandler
                0x700023b2                SNVS_HP_WRAPPER_TZ_DriverIRQHandler
                0x700023b2                GPIO3_Combined_16_31_DriverIRQHandler
                0x700023b2                PWM1_FAULT_DriverIRQHandler
                0x700023b2                LPI2C1_DriverIRQHandler
                0x700023b2                ENET2_1588_Timer_DriverIRQHandler
                0x700023b2                PWM2_2_DriverIRQHandler
                0x700023b2                SNVS_HP_WRAPPER_DriverIRQHandler
                0x700023b2                XBAR1_IRQ_0_1_DriverIRQHandler
                0x700023b2                ADC_ETC_IRQ1_DriverIRQHandler
                0x700023b2                LPSPI1_DriverIRQHandler
                0x700023b2                GPIO1_INT3_DriverIRQHandler
                0x700023b2                DCP_VMI_DriverIRQHandler
                0x700023b2                LPI2C4_DriverIRQHandler
                0x700023b2                GPC_DriverIRQHandler
                0x700023b2                GPIO2_Combined_0_15_DriverIRQHandler
                0x700023b2                PWM1_2_DriverIRQHandler
                0x700023b2                USB_OTG1_DriverIRQHandler
                0x700023b2                TEMP_LOW_HIGH_DriverIRQHandler
                0x700023b2                WDOG2_DriverIRQHandler
                0x700023b2                Reserved68_DriverIRQHandler
                0x700023b2                PWM3_0_DriverIRQHandler
                0x700023b2                GPIO4_Combined_0_15_DriverIRQHandler
                0x700023b2                GPIO4_Combined_16_31_DriverIRQHandler
                0x700023b2                GPIO6_7_8_9_DriverIRQHandler
                0x700023b2                GPIO5_Combined_16_31_DriverIRQHandler
                0x700023b2                CCM_1_DriverIRQHandler
                0x700023b2                ADC2_DriverIRQHandler
                0x700023b2                Reserved115_DriverIRQHandler
                0x700023b2                TEMP_PANIC_DriverIRQHandler
                0x700023b2                ACMP4_DriverIRQHandler
                0x700023b2                LPSPI3_DriverIRQHandler
                0x700023b2                PWM1_3_DriverIRQHandler
                0x700023b2                ACMP1_DriverIRQHandler
                0x700023b2                LPI2C2_DriverIRQHandler
                0x700023b2                Reserved86_DriverIRQHandler
                0x700023b2                GPIO10_DriverIRQHandler
                0x700023b2                DMA_ERROR_DriverIRQHandler
                0x700023b2                ADC_ETC_IRQ0_DriverIRQHandler
                0x700023b2                CAN1_DriverIRQHandler
                0x700023b2                GPIO1_INT6_DriverIRQHandler
                0x700023b2                GPIO1_INT1_DriverIRQHandler
                0x700023b2                PWM2_0_DriverIRQHandler
                0x700023b2                SNVS_LP_WRAPPER_DriverIRQHandler
                0x700023b2                USB_OTG2_DriverIRQHandler
 *(SORT_BY_ALIGNMENT(.text*))
 *fill*         0x700023b4        0xc ff
 .text.SVC_Handler
                0x700023c0       0x28 ./freertos/freertos_kernel/portable/GCC/ARM_CM4F/port.o
                0x700023c0                SVC_Handler
 *fill*         0x700023e8        0x8 ff
 .text.PendSV_Handler
                0x700023f0       0x68 ./freertos/freertos_kernel/portable/GCC/ARM_CM4F/port.o
                0x700023f0                PendSV_Handler
 .text.__assertion_failed
                0x70002458       0x18 ./utilities/fsl_assert.o
                0x70002458                __assertion_failed
 .text.main     0x70002470       0xd4 ./source/sdcard_fatfs_freertos.o
                0x70002470                main
 .text.BOARD_InitSEMC
                0x70002544       0xc8 ./source/sdcard_fatfs_freertos.o
                0x70002544                BOARD_InitSEMC
 .text.SysTick_Handler
                0x7000260c       0x44 ./freertos/freertos_kernel/portable/GCC/ARM_CM4F/port.o
                0x7000260c                SysTick_Handler
 .text.xTaskIncrementTick
                0x70002650      0x154 ./freertos/freertos_kernel/tasks.o
                0x70002650                xTaskIncrementTick
 .text.vTaskSwitchContext
                0x700027a4       0xb8 ./freertos/freertos_kernel/tasks.o
                0x700027a4                vTaskSwitchContext
 .text.prvResetNextTaskUnblockTime
                0x7000285c       0x38 ./freertos/freertos_kernel/tasks.o
 .text.CLOCK_GetOscFreq
                0x70002894       0x30 ./drivers/fsl_clock.o
 .text.CLOCK_GetPeriphClkFreq
                0x700028c4       0xec ./drivers/fsl_clock.o
 .text.CLOCK_GetPllUsb1SWFreq
                0x700029b0       0x44 ./drivers/fsl_clock.o
 .text.CLOCK_InitExternalClk
                0x700029f4       0x6c ./drivers/fsl_clock.o
                0x700029f4                CLOCK_InitExternalClk
 .text.CLOCK_SwitchOsc
                0x70002a60       0x34 ./drivers/fsl_clock.o
                0x70002a60                CLOCK_SwitchOsc
 .text.CLOCK_InitRcOsc24M
                0x70002a94       0x24 ./drivers/fsl_clock.o
                0x70002a94                CLOCK_InitRcOsc24M
 .text.CLOCK_GetAhbFreq
                0x70002ab8       0x24 ./drivers/fsl_clock.o
                0x70002ab8                CLOCK_GetAhbFreq
 .text.CLOCK_GetSemcFreq
                0x70002adc       0x5c ./drivers/fsl_clock.o
                0x70002adc                CLOCK_GetSemcFreq
 .text.CLOCK_GetIpgFreq
                0x70002b38       0x24 ./drivers/fsl_clock.o
                0x70002b38                CLOCK_GetIpgFreq
 .text.CLOCK_GetPerClkFreq
                0x70002b5c       0x40 ./drivers/fsl_clock.o
                0x70002b5c                CLOCK_GetPerClkFreq
 .text.CLOCK_GetFreq
                0x70002b9c      0x1c8 ./drivers/fsl_clock.o
                0x70002b9c                CLOCK_GetFreq
 .text.CLOCK_InitArmPll
                0x70002d64       0x68 ./drivers/fsl_clock.o
                0x70002d64                CLOCK_InitArmPll
 .text.CLOCK_InitSysPll
                0x70002dcc       0x9c ./drivers/fsl_clock.o
                0x70002dcc                CLOCK_InitSysPll
 .text.CLOCK_DeinitUsb2Pll
                0x70002e68       0x18 ./drivers/fsl_clock.o
                0x70002e68                CLOCK_DeinitUsb2Pll
 .text.CLOCK_DeinitAudioPll
                0x70002e80       0x1c ./drivers/fsl_clock.o
                0x70002e80                CLOCK_DeinitAudioPll
 .text.CLOCK_DeinitEnetPll
                0x70002e9c       0x1c ./drivers/fsl_clock.o
                0x70002e9c                CLOCK_DeinitEnetPll
 .text.CLOCK_GetPllFreq
                0x70002eb8      0x3d8 ./drivers/fsl_clock.o
                0x70002eb8                CLOCK_GetPllFreq
 .text.CLOCK_InitSysPfd
                0x70003290       0x64 ./drivers/fsl_clock.o
                0x70003290                CLOCK_InitSysPfd
 .text.CLOCK_GetSysPfdFreq
                0x700032f4       0xac ./drivers/fsl_clock.o
                0x700032f4                CLOCK_GetSysPfdFreq
 .text.CLOCK_GetUsb1PfdFreq
                0x700033a0       0xac ./drivers/fsl_clock.o
                0x700033a0                CLOCK_GetUsb1PfdFreq
 .text.CLOCK_ControlGate
                0x7000344c       0x60 ./drivers/fsl_dmamux.o
 .text.DMAMUX_GetInstance
                0x700034ac       0x44 ./drivers/fsl_dmamux.o
 .text.__NVIC_EnableIRQ
                0x700034f0       0x3c ./drivers/fsl_edma.o
 .text.CLOCK_ControlGate
                0x7000352c       0x60 ./drivers/fsl_edma.o
 .text.EDMA_GetInstance
                0x7000358c       0x44 ./drivers/fsl_edma.o
 .text.EDMA_InstallTCD
                0x700035d0      0x14c ./drivers/fsl_edma.o
                0x700035d0                EDMA_InstallTCD
 .text.EDMA_Init
                0x7000371c       0x94 ./drivers/fsl_edma.o
                0x7000371c                EDMA_Init
 .text.EDMA_TcdSetTransferConfig
                0x700037b0      0x12c ./drivers/fsl_edma.o
                0x700037b0                EDMA_TcdSetTransferConfig
 .text.EDMA_TcdEnableInterrupts
                0x700038dc       0x58 ./drivers/fsl_edma.o
                0x700038dc                EDMA_TcdEnableInterrupts
 .text.EDMA_GetChannelStatusFlags
                0x70003934       0x74 ./drivers/fsl_edma.o
                0x70003934                EDMA_GetChannelStatusFlags
 .text.EDMA_GetInstanceOffset
                0x700039a8       0x48 ./drivers/fsl_edma.o
 .text.EDMA_CreateHandle
                0x700039f0       0xdc ./drivers/fsl_edma.o
                0x700039f0                EDMA_CreateHandle
 .text.EDMA_InstallTCDMemory
                0x70003acc       0x58 ./drivers/fsl_edma.o
                0x70003acc                EDMA_InstallTCDMemory
 .text.EDMA_SetCallback
                0x70003b24       0x30 ./drivers/fsl_edma.o
                0x70003b24                EDMA_SetCallback
 .text.EDMA_TransferWidthMapping
                0x70003b54       0xd0 ./drivers/fsl_edma.o
 .text.EDMA_PrepareTransferConfig
                0x70003c24      0x150 ./drivers/fsl_edma.o
                0x70003c24                EDMA_PrepareTransferConfig
 .text.EDMA_PrepareTransfer
                0x70003d74       0xa4 ./drivers/fsl_edma.o
                0x70003d74                EDMA_PrepareTransfer
 .text.EDMA_StartTransfer
                0x70003e18       0xb0 ./drivers/fsl_edma.o
                0x70003e18                EDMA_StartTransfer
 .text.EDMA_HandleIRQ
                0x70003ec8      0x1c0 ./drivers/fsl_edma.o
                0x70003ec8                EDMA_HandleIRQ
 .text.DMA0_DMA16_DriverIRQHandler
                0x70004088       0x50 ./drivers/fsl_edma.o
                0x70004088                DMA0_DMA16_DriverIRQHandler
 .text.DMA1_DMA17_DriverIRQHandler
                0x700040d8       0x50 ./drivers/fsl_edma.o
                0x700040d8                DMA1_DMA17_DriverIRQHandler
 .text.DMA2_DMA18_DriverIRQHandler
                0x70004128       0x50 ./drivers/fsl_edma.o
                0x70004128                DMA2_DMA18_DriverIRQHandler
 .text.DMA3_DMA19_DriverIRQHandler
                0x70004178       0x50 ./drivers/fsl_edma.o
                0x70004178                DMA3_DMA19_DriverIRQHandler
 .text.DMA4_DMA20_DriverIRQHandler
                0x700041c8       0x50 ./drivers/fsl_edma.o
                0x700041c8                DMA4_DMA20_DriverIRQHandler
 .text.DMA5_DMA21_DriverIRQHandler
                0x70004218       0x50 ./drivers/fsl_edma.o
                0x70004218                DMA5_DMA21_DriverIRQHandler
 .text.DMA6_DMA22_DriverIRQHandler
                0x70004268       0x50 ./drivers/fsl_edma.o
                0x70004268                DMA6_DMA22_DriverIRQHandler
 .text.DMA7_DMA23_DriverIRQHandler
                0x700042b8       0x50 ./drivers/fsl_edma.o
                0x700042b8                DMA7_DMA23_DriverIRQHandler
 .text.DMA8_DMA24_DriverIRQHandler
                0x70004308       0x50 ./drivers/fsl_edma.o
                0x70004308                DMA8_DMA24_DriverIRQHandler
 .text.DMA9_DMA25_DriverIRQHandler
                0x70004358       0x50 ./drivers/fsl_edma.o
                0x70004358                DMA9_DMA25_DriverIRQHandler
 .text.DMA10_DMA26_DriverIRQHandler
                0x700043a8       0x50 ./drivers/fsl_edma.o
                0x700043a8                DMA10_DMA26_DriverIRQHandler
 .text.DMA11_DMA27_DriverIRQHandler
                0x700043f8       0x50 ./drivers/fsl_edma.o
                0x700043f8                DMA11_DMA27_DriverIRQHandler
 .text.DMA12_DMA28_DriverIRQHandler
                0x70004448       0x50 ./drivers/fsl_edma.o
                0x70004448                DMA12_DMA28_DriverIRQHandler
 .text.DMA13_DMA29_DriverIRQHandler
                0x70004498       0x50 ./drivers/fsl_edma.o
                0x70004498                DMA13_DMA29_DriverIRQHandler
 .text.DMA14_DMA30_DriverIRQHandler
                0x700044e8       0x50 ./drivers/fsl_edma.o
                0x700044e8                DMA14_DMA30_DriverIRQHandler
 .text.DMA15_DMA31_DriverIRQHandler
                0x70004538       0x50 ./drivers/fsl_edma.o
                0x70004538                DMA15_DMA31_DriverIRQHandler
 .text.FLEXIO_CommonIRQHandler
                0x70004588       0x5c ./drivers/fsl_flexio.o
 .text.CLOCK_ControlGate
                0x700045e4       0x60 ./drivers/fsl_gpio.o
 .text.GPIO_GetInstance
                0x70004644       0x4c ./drivers/fsl_gpio.o
 .text.GPIO_PinInit
                0x70004690       0xa4 ./drivers/fsl_gpio.o
                0x70004690                GPIO_PinInit
 .text.GPIO_PinWrite
                0x70004734       0x48 ./drivers/fsl_gpio.o
                0x70004734                GPIO_PinWrite
 .text.GPIO_PinSetInterruptConfig
                0x7000477c       0xfc ./drivers/fsl_gpio.o
                0x7000477c                GPIO_PinSetInterruptConfig
 .text.LPUART_DisableInterrupts
                0x70004878       0x8c ./drivers/fsl_lpuart.o
                0x70004878                LPUART_DisableInterrupts
 .text.LPUART_GetEnabledInterrupts
                0x70004904       0x60 ./drivers/fsl_lpuart.o
                0x70004904                LPUART_GetEnabledInterrupts
 .text.LPUART_GetStatusFlags
                0x70004964       0x38 ./drivers/fsl_lpuart.o
                0x70004964                LPUART_GetStatusFlags
 .text.LPUART_ClearStatusFlags
                0x7000499c       0x7c ./drivers/fsl_lpuart.o
                0x7000499c                LPUART_ClearStatusFlags
 .text.CLOCK_ControlGate
                0x70004a18       0x60 ./drivers/fsl_sai.o
 .text.SAI_GetInstance
                0x70004a78       0x4c ./drivers/fsl_sai.o
 .text.SAI_Init
                0x70004ac4       0x48 ./drivers/fsl_sai.o
                0x70004ac4                SAI_Init
 .text.SAI_TxEnable
                0x70004b0c       0x78 ./drivers/fsl_sai.o
                0x70004b0c                SAI_TxEnable
 .text.SAI_TxSetBitClockRate
                0x70004b84       0x88 ./drivers/fsl_sai.o
                0x70004b84                SAI_TxSetBitClockRate
 .text.SAI_TxSetBitclockConfig
                0x70004c0c       0x98 ./drivers/fsl_sai.o
                0x70004c0c                SAI_TxSetBitclockConfig
 .text.SAI_TxSetFifoConfig
                0x70004ca4       0xa8 ./drivers/fsl_sai.o
                0x70004ca4                SAI_TxSetFifoConfig
 .text.SAI_TxSetFrameSyncConfig
                0x70004d4c       0xa8 ./drivers/fsl_sai.o
                0x70004d4c                SAI_TxSetFrameSyncConfig
 .text.SAI_TxSetSerialDataConfig
                0x70004df4       0xb4 ./drivers/fsl_sai.o
                0x70004df4                SAI_TxSetSerialDataConfig
 .text.SAI_TxSetConfig
                0x70004ea8      0x1f0 ./drivers/fsl_sai.o
                0x70004ea8                SAI_TxSetConfig
 .text.SAI1_DriverIRQHandler
                0x70005098       0x74 ./drivers/fsl_sai.o
                0x70005098                SAI1_DriverIRQHandler
 .text.SAI2_DriverIRQHandler
                0x7000510c       0x74 ./drivers/fsl_sai.o
                0x7000510c                SAI2_DriverIRQHandler
 .text.SAI3_TX_DriverIRQHandler
                0x70005180       0x3c ./drivers/fsl_sai.o
                0x70005180                SAI3_TX_DriverIRQHandler
 .text.SAI3_RX_DriverIRQHandler
                0x700051bc       0x3c ./drivers/fsl_sai.o
                0x700051bc                SAI3_RX_DriverIRQHandler
 .text.SAI_GetInstance
                0x700051f8       0x4c ./drivers/fsl_sai_edma.o
 .text.SAI_TransferTxCreateHandleEDMA
                0x70005244       0xa0 ./drivers/fsl_sai_edma.o
                0x70005244                SAI_TransferTxCreateHandleEDMA
 .text.SAI_TransferTxSetConfigEDMA
                0x700052e4       0xac ./drivers/fsl_sai_edma.o
                0x700052e4                SAI_TransferTxSetConfigEDMA
 .text.SAI_TransferSendLoopEDMA
                0x70005390      0x1bc ./drivers/fsl_sai_edma.o
                0x70005390                SAI_TransferSendLoopEDMA
 .text.CLOCK_ControlGate
                0x7000554c       0x60 ./drivers/fsl_semc.o
 .text.SEMC_GetInstance
                0x700055ac       0x44 ./drivers/fsl_semc.o
 .text.SEMC_CovertMemorySize
                0x700055f0       0x64 ./drivers/fsl_semc.o
 .text.SEMC_ConvertTiming
                0x70005654       0x74 ./drivers/fsl_semc.o
 .text.SEMC_GetDefaultConfig
                0x700056c8       0xa4 ./drivers/fsl_semc.o
                0x700056c8                SEMC_GetDefaultConfig
 .text.SEMC_Init
                0x7000576c       0xe4 ./drivers/fsl_semc.o
                0x7000576c                SEMC_Init
 .text.SEMC_ConfigureSDRAM
                0x70005850      0x374 ./drivers/fsl_semc.o
                0x70005850                SEMC_ConfigureSDRAM
 .text.SEMC_SendIPCommand
                0x70005bc4      0x16c ./drivers/fsl_semc.o
                0x70005bc4                SEMC_SendIPCommand
 .text.USDHC1_DriverIRQHandler
                0x70005d30       0x28 ./drivers/fsl_usdhc.o
                0x70005d30                USDHC1_DriverIRQHandler
 .text.USDHC2_DriverIRQHandler
                0x70005d58       0x28 ./drivers/fsl_usdhc.o
                0x70005d58                USDHC2_DriverIRQHandler
 .text.SystemInit
                0x70005d80      0x144 ./device/system_MIMXRT1064.o
                0x70005d80                SystemInit
 .text.HAL_UartInterruptHandle
                0x70005ec4      0x164 ./component/uart/fsl_adapter_lpuart.o
 .text.HAL_GpioInterruptHandle
                0x70006028       0xc0 ./component/gpio/fsl_adapter_igpio.o
 .text.ARM_MPU_Enable
                0x700060e8       0x44 ./board/board.o
 .text.ARM_MPU_Disable
                0x7000612c       0x40 ./board/board.o
 .text.CLOCK_GetMux
                0x7000616c       0x44 ./board/board.o
 .text.CLOCK_GetDiv
                0x700061b0       0x44 ./board/board.o
 .text.CLOCK_GetOscFreq
                0x700061f4       0x30 ./board/board.o
 .text.BOARD_DebugConsoleSrcFreq
                0x70006224       0x64 ./board/board.o
                0x70006224                BOARD_DebugConsoleSrcFreq
 .text.BOARD_ConfigMPU
                0x70006288      0x34c ./board/board.o
                0x70006288                BOARD_ConfigMPU
 .text.CLOCK_SetMux
                0x700065d4       0x9c ./board/clock_config.o
 .text.CLOCK_SetDiv
                0x70006670       0x9c ./board/clock_config.o
 .text.CLOCK_ControlGate
                0x7000670c       0x60 ./board/clock_config.o
 .text.CLOCK_SetXtalFreq
                0x7000676c       0x20 ./board/clock_config.o
 .text.CLOCK_SetRtcXtalFreq
                0x7000678c       0x20 ./board/clock_config.o
 .text.IOMUXC_MQSConfig
                0x700067ac       0x44 ./board/clock_config.o
 .text.BOARD_BootClockRUN
                0x700067f0      0x6d0 ./board/clock_config.o
                0x700067f0                BOARD_BootClockRUN
 .text.DMAMUX_EnableChannel
                0x70006ec0       0x38 ./board/peripherals.o
 .text.DMAMUX_SetSource
                0x70006ef8       0x44 ./board/peripherals.o
 .text.DMA0_init
                0x70006f3c       0x14 ./board/peripherals.o
 .text.SAI1_init
                0x70006f50       0x84 ./board/peripherals.o
 .text.BOARD_InitPeripherals
                0x70006fd4       0x2c ./board/peripherals.o
                0x70006fd4                BOARD_InitPeripherals
 .text.CLOCK_ControlGate
                0x70007000       0x60 ./board/pin_mux.o
 .text.BOARD_InitPins
                0x70007060      0x25c ./board/pin_mux.o
                0x70007060                BOARD_InitPins
 .text.malloc   0x700072bc       0xc8 c:/nxp/mcuxpressoide_11.6.0_8187/ide/plugins/com.nxp.mcuxpresso.tools.win32_11.6.0.202112161359/tools/bin/../lib/gcc/arm-none-eabi/10.3.1/../../../../arm-none-eabi/lib/thumb/v7e-m+dp/hard\libcr_c.a(alloc.o)
                0x700072bc                malloc
 .text._Csys_alloc
                0x70007384       0x20 c:/nxp/mcuxpressoide_11.6.0_8187/ide/plugins/com.nxp.mcuxpresso.tools.win32_11.6.0.202112161359/tools/bin/../lib/gcc/arm-none-eabi/10.3.1/../../../../arm-none-eabi/lib/thumb/v7e-m+dp/hard\libcr_c.a(alloc.o)
                0x70007384                _Csys_alloc
 .text._initio  0x700073a4       0x78 c:/nxp/mcuxpressoide_11.6.0_8187/ide/plugins/com.nxp.mcuxpresso.tools.win32_11.6.0.202112161359/tools/bin/../lib/gcc/arm-none-eabi/10.3.1/../../../../arm-none-eabi/lib/thumb/v7e-m+dp/hard\libcr_c.a(initio.o)
                0x700073a4                _initio
 .text.__vfprintf
                0x7000741c      0xbe8 c:/nxp/mcuxpressoide_11.6.0_8187/ide/plugins/com.nxp.mcuxpresso.tools.win32_11.6.0.202112161359/tools/bin/../lib/gcc/arm-none-eabi/10.3.1/../../../../arm-none-eabi/lib/thumb/v7e-m+dp/hard\libcr_c.a(printf.o)
                0x7000741c                __vfprintf
 .text._vsnprintf
                0x70008004       0x68 c:/nxp/mcuxpressoide_11.6.0_8187/ide/plugins/com.nxp.mcuxpresso.tools.win32_11.6.0.202112161359/tools/bin/../lib/gcc/arm-none-eabi/10.3.1/../../../../arm-none-eabi/lib/thumb/v7e-m+dp/hard\libcr_c.a(printf.o)
                0x70008004                _vsnprintf
 .text._printf  0x7000806c       0x54 c:/nxp/mcuxpressoide_11.6.0_8187/ide/plugins/com.nxp.mcuxpresso.tools.win32_11.6.0.202112161359/tools/bin/../lib/gcc/arm-none-eabi/10.3.1/../../../../arm-none-eabi/lib/thumb/v7e-m+dp/hard\libcr_c.a(printf.o)
                0x7000806c                _printf
 .text._sbrk    0x700080c0       0x3c c:/nxp/mcuxpressoide_11.6.0_8187/ide/plugins/com.nxp.mcuxpresso.tools.win32_11.6.0.202112161359/tools/bin/../lib/gcc/arm-none-eabi/10.3.1/../../../../arm-none-eabi/lib/thumb/v7e-m+dp/hard\libcr_c.a(_cr_sbrk.o)
                0x700080c0                _sbrk
 .text._Cwritebuf
                0x700080fc       0x6c c:/nxp/mcuxpressoide_11.6.0_8187/ide/plugins/com.nxp.mcuxpresso.tools.win32_11.6.0.202112161359/tools/bin/../lib/gcc/arm-none-eabi/10.3.1/../../../../arm-none-eabi/lib/thumb/v7e-m+dp/hard\libcr_c.a(_writebuf.o)
                0x700080fc                _Cwritebuf
 .text.fflush   0x70008168       0x3c c:/nxp/mcuxpressoide_11.6.0_8187/ide/plugins/com.nxp.mcuxpresso.tools.win32_11.6.0.202112161359/tools/bin/../lib/gcc/arm-none-eabi/10.3.1/../../../../arm-none-eabi/lib/thumb/v7e-m+dp/hard\libcr_c.a(fflush.o)
                0x70008168                fflush
 .text.fseek    0x700081a4       0xfc c:/nxp/mcuxpressoide_11.6.0_8187/ide/plugins/com.nxp.mcuxpresso.tools.win32_11.6.0.202112161359/tools/bin/../lib/gcc/arm-none-eabi/10.3.1/../../../../arm-none-eabi/lib/thumb/v7e-m+dp/hard\libcr_c.a(fseek.o)
                0x700081a4                fseek
 .text.ftell    0x700082a0       0x44 c:/nxp/mcuxpressoide_11.6.0_8187/ide/plugins/com.nxp.mcuxpresso.tools.win32_11.6.0.202112161359/tools/bin/../lib/gcc/arm-none-eabi/10.3.1/../../../../arm-none-eabi/lib/thumb/v7e-m+dp/hard\libcr_c.a(ftell.o)
                0x700082a0                ftell
 .text.__check_heap_overflow
                0x700082e4       0x18 c:/nxp/mcuxpressoide_11.6.0_8187/ide/plugins/com.nxp.mcuxpresso.tools.win32_11.6.0.202112161359/tools/bin/../lib/gcc/arm-none-eabi/10.3.1/../../../../arm-none-eabi/lib/thumb/v7e-m+dp/hard\libcr_c.a(_cr_check_heap.o)
                0x700082e4                __check_heap_overflow
 .text.__sys_appexit
                0x700082fc        0xc c:/nxp/mcuxpressoide_11.6.0_8187/ide/plugins/com.nxp.mcuxpresso.tools.win32_11.6.0.202112161359/tools/bin/../lib/gcc/arm-none-eabi/10.3.1/../../../../arm-none-eabi/lib/thumb/v7e-m+dp/hard\libcr_semihost_nf.a(__sys_appexit.o)
                0x700082fc                __sys_appexit
                0x700082fc                __exit
 .text.DMA0_DMA16_IRQHandler
                0x70008308        0x8 ./startup/startup_mimxrt1064.o
                0x70008308                DMA0_DMA16_IRQHandler
 .text.DMA1_DMA17_IRQHandler
                0x70008310        0x8 ./startup/startup_mimxrt1064.o
                0x70008310                DMA1_DMA17_IRQHandler
 .text.DMA2_DMA18_IRQHandler
                0x70008318        0x8 ./startup/startup_mimxrt1064.o
                0x70008318                DMA2_DMA18_IRQHandler
 .text.DMA3_DMA19_IRQHandler
                0x70008320        0x8 ./startup/startup_mimxrt1064.o
                0x70008320                DMA3_DMA19_IRQHandler
 .text.DMA4_DMA20_IRQHandler
                0x70008328        0x8 ./startup/startup_mimxrt1064.o
                0x70008328                DMA4_DMA20_IRQHandler
 .text.DMA5_DMA21_IRQHandler
                0x70008330        0x8 ./startup/startup_mimxrt1064.o
                0x70008330                DMA5_DMA21_IRQHandler
 .text.DMA6_DMA22_IRQHandler
                0x70008338        0x8 ./startup/startup_mimxrt1064.o
                0x70008338                DMA6_DMA22_IRQHandler
 .text.DMA7_DMA23_IRQHandler
                0x70008340        0x8 ./startup/startup_mimxrt1064.o
                0x70008340                DMA7_DMA23_IRQHandler
 .text.DMA8_DMA24_IRQHandler
                0x70008348        0x8 ./startup/startup_mimxrt1064.o
                0x70008348                DMA8_DMA24_IRQHandler
 .text.DMA9_DMA25_IRQHandler
                0x70008350        0x8 ./startup/startup_mimxrt1064.o
                0x70008350                DMA9_DMA25_IRQHandler
 .text.DMA10_DMA26_IRQHandler
                0x70008358        0x8 ./startup/startup_mimxrt1064.o
                0x70008358                DMA10_DMA26_IRQHandler
 .text.DMA11_DMA27_IRQHandler
                0x70008360        0x8 ./startup/startup_mimxrt1064.o
                0x70008360                DMA11_DMA27_IRQHandler
 .text.DMA12_DMA28_IRQHandler
                0x70008368        0x8 ./startup/startup_mimxrt1064.o
                0x70008368                DMA12_DMA28_IRQHandler
 .text.DMA13_DMA29_IRQHandler
                0x70008370        0x8 ./startup/startup_mimxrt1064.o
                0x70008370                DMA13_DMA29_IRQHandler
 .text.DMA14_DMA30_IRQHandler
                0x70008378        0x8 ./startup/startup_mimxrt1064.o
                0x70008378                DMA14_DMA30_IRQHandler
 .text.DMA15_DMA31_IRQHandler
                0x70008380        0x8 ./startup/startup_mimxrt1064.o
                0x70008380                DMA15_DMA31_IRQHandler
 .text.DMA_ERROR_IRQHandler
                0x70008388        0x8 ./startup/startup_mimxrt1064.o
                0x70008388                DMA_ERROR_IRQHandler
 .text.CTI0_ERROR_IRQHandler
                0x70008390        0x8 ./startup/startup_mimxrt1064.o
                0x70008390                CTI0_ERROR_IRQHandler
 .text.CTI1_ERROR_IRQHandler
                0x70008398        0x8 ./startup/startup_mimxrt1064.o
                0x70008398                CTI1_ERROR_IRQHandler
 .text.CORE_IRQHandler
                0x700083a0        0x8 ./startup/startup_mimxrt1064.o
                0x700083a0                CORE_IRQHandler
 .text.LPI2C1_IRQHandler
                0x700083a8        0x8 ./startup/startup_mimxrt1064.o
                0x700083a8                LPI2C1_IRQHandler
 .text.LPI2C2_IRQHandler
                0x700083b0        0x8 ./startup/startup_mimxrt1064.o
                0x700083b0                LPI2C2_IRQHandler
 .text.LPI2C3_IRQHandler
                0x700083b8        0x8 ./startup/startup_mimxrt1064.o
                0x700083b8                LPI2C3_IRQHandler
 .text.LPI2C4_IRQHandler
                0x700083c0        0x8 ./startup/startup_mimxrt1064.o
                0x700083c0                LPI2C4_IRQHandler
 .text.LPSPI1_IRQHandler
                0x700083c8        0x8 ./startup/startup_mimxrt1064.o
                0x700083c8                LPSPI1_IRQHandler
 .text.LPSPI2_IRQHandler
                0x700083d0        0x8 ./startup/startup_mimxrt1064.o
                0x700083d0                LPSPI2_IRQHandler
 .text.LPSPI3_IRQHandler
                0x700083d8        0x8 ./startup/startup_mimxrt1064.o
                0x700083d8                LPSPI3_IRQHandler
 .text.LPSPI4_IRQHandler
                0x700083e0        0x8 ./startup/startup_mimxrt1064.o
                0x700083e0                LPSPI4_IRQHandler
 .text.CAN1_IRQHandler
                0x700083e8        0x8 ./startup/startup_mimxrt1064.o
                0x700083e8                CAN1_IRQHandler
 .text.CAN2_IRQHandler
                0x700083f0        0x8 ./startup/startup_mimxrt1064.o
                0x700083f0                CAN2_IRQHandler
 .text.FLEXRAM_IRQHandler
                0x700083f8        0x8 ./startup/startup_mimxrt1064.o
                0x700083f8                FLEXRAM_IRQHandler
 .text.KPP_IRQHandler
                0x70008400        0x8 ./startup/startup_mimxrt1064.o
                0x70008400                KPP_IRQHandler
 .text.TSC_DIG_IRQHandler
                0x70008408        0x8 ./startup/startup_mimxrt1064.o
                0x70008408                TSC_DIG_IRQHandler
 .text.GPR_IRQ_IRQHandler
                0x70008410        0x8 ./startup/startup_mimxrt1064.o
                0x70008410                GPR_IRQ_IRQHandler
 .text.LCDIF_IRQHandler
                0x70008418        0x8 ./startup/startup_mimxrt1064.o
                0x70008418                LCDIF_IRQHandler
 .text.CSI_IRQHandler
                0x70008420        0x8 ./startup/startup_mimxrt1064.o
                0x70008420                CSI_IRQHandler
 .text.PXP_IRQHandler
                0x70008428        0x8 ./startup/startup_mimxrt1064.o
                0x70008428                PXP_IRQHandler
 .text.WDOG2_IRQHandler
                0x70008430        0x8 ./startup/startup_mimxrt1064.o
                0x70008430                WDOG2_IRQHandler
 .text.SNVS_HP_WRAPPER_IRQHandler
                0x70008438        0x8 ./startup/startup_mimxrt1064.o
                0x70008438                SNVS_HP_WRAPPER_IRQHandler
 .text.SNVS_HP_WRAPPER_TZ_IRQHandler
                0x70008440        0x8 ./startup/startup_mimxrt1064.o
                0x70008440                SNVS_HP_WRAPPER_TZ_IRQHandler
 .text.SNVS_LP_WRAPPER_IRQHandler
                0x70008448        0x8 ./startup/startup_mimxrt1064.o
                0x70008448                SNVS_LP_WRAPPER_IRQHandler
 .text.CSU_IRQHandler
                0x70008450        0x8 ./startup/startup_mimxrt1064.o
                0x70008450                CSU_IRQHandler
 .text.DCP_IRQHandler
                0x70008458        0x8 ./startup/startup_mimxrt1064.o
                0x70008458                DCP_IRQHandler
 .text.DCP_VMI_IRQHandler
                0x70008460        0x8 ./startup/startup_mimxrt1064.o
                0x70008460                DCP_VMI_IRQHandler
 .text.Reserved68_IRQHandler
                0x70008468        0x8 ./startup/startup_mimxrt1064.o
                0x70008468                Reserved68_IRQHandler
 .text.TRNG_IRQHandler
                0x70008470        0x8 ./startup/startup_mimxrt1064.o
                0x70008470                TRNG_IRQHandler
 .text.SJC_IRQHandler
                0x70008478        0x8 ./startup/startup_mimxrt1064.o
                0x70008478                SJC_IRQHandler
 .text.BEE_IRQHandler
                0x70008480        0x8 ./startup/startup_mimxrt1064.o
                0x70008480                BEE_IRQHandler
 .text.SAI1_IRQHandler
                0x70008488        0x8 ./startup/startup_mimxrt1064.o
                0x70008488                SAI1_IRQHandler
 .text.SAI2_IRQHandler
                0x70008490        0x8 ./startup/startup_mimxrt1064.o
                0x70008490                SAI2_IRQHandler
 .text.SAI3_RX_IRQHandler
                0x70008498        0x8 ./startup/startup_mimxrt1064.o
                0x70008498                SAI3_RX_IRQHandler
 .text.SAI3_TX_IRQHandler
                0x700084a0        0x8 ./startup/startup_mimxrt1064.o
                0x700084a0                SAI3_TX_IRQHandler
 .text.SPDIF_IRQHandler
                0x700084a8        0x8 ./startup/startup_mimxrt1064.o
                0x700084a8                SPDIF_IRQHandler
 .text.PMU_EVENT_IRQHandler
                0x700084b0        0x8 ./startup/startup_mimxrt1064.o
                0x700084b0                PMU_EVENT_IRQHandler
 .text.Reserved78_IRQHandler
                0x700084b8        0x8 ./startup/startup_mimxrt1064.o
                0x700084b8                Reserved78_IRQHandler
 .text.TEMP_LOW_HIGH_IRQHandler
                0x700084c0        0x8 ./startup/startup_mimxrt1064.o
                0x700084c0                TEMP_LOW_HIGH_IRQHandler
 .text.TEMP_PANIC_IRQHandler
                0x700084c8        0x8 ./startup/startup_mimxrt1064.o
                0x700084c8                TEMP_PANIC_IRQHandler
 .text.USB_PHY1_IRQHandler
                0x700084d0        0x8 ./startup/startup_mimxrt1064.o
                0x700084d0                USB_PHY1_IRQHandler
 .text.USB_PHY2_IRQHandler
                0x700084d8        0x8 ./startup/startup_mimxrt1064.o
                0x700084d8                USB_PHY2_IRQHandler
 .text.ADC1_IRQHandler
                0x700084e0        0x8 ./startup/startup_mimxrt1064.o
                0x700084e0                ADC1_IRQHandler
 .text.ADC2_IRQHandler
                0x700084e8        0x8 ./startup/startup_mimxrt1064.o
                0x700084e8                ADC2_IRQHandler
 .text.DCDC_IRQHandler
                0x700084f0        0x8 ./startup/startup_mimxrt1064.o
                0x700084f0                DCDC_IRQHandler
 .text.Reserved86_IRQHandler
                0x700084f8        0x8 ./startup/startup_mimxrt1064.o
                0x700084f8                Reserved86_IRQHandler
 .text.GPIO10_IRQHandler
                0x70008500        0x8 ./startup/startup_mimxrt1064.o
                0x70008500                GPIO10_IRQHandler
 .text.GPIO1_INT0_IRQHandler
                0x70008508        0x8 ./startup/startup_mimxrt1064.o
                0x70008508                GPIO1_INT0_IRQHandler
 .text.GPIO1_INT1_IRQHandler
                0x70008510        0x8 ./startup/startup_mimxrt1064.o
                0x70008510                GPIO1_INT1_IRQHandler
 .text.GPIO1_INT2_IRQHandler
                0x70008518        0x8 ./startup/startup_mimxrt1064.o
                0x70008518                GPIO1_INT2_IRQHandler
 .text.GPIO1_INT3_IRQHandler
                0x70008520        0x8 ./startup/startup_mimxrt1064.o
                0x70008520                GPIO1_INT3_IRQHandler
 .text.GPIO1_INT4_IRQHandler
                0x70008528        0x8 ./startup/startup_mimxrt1064.o
                0x70008528                GPIO1_INT4_IRQHandler
 .text.GPIO1_INT5_IRQHandler
                0x70008530        0x8 ./startup/startup_mimxrt1064.o
                0x70008530                GPIO1_INT5_IRQHandler
 .text.GPIO1_INT6_IRQHandler
                0x70008538        0x8 ./startup/startup_mimxrt1064.o
                0x70008538                GPIO1_INT6_IRQHandler
 .text.GPIO1_INT7_IRQHandler
                0x70008540        0x8 ./startup/startup_mimxrt1064.o
                0x70008540                GPIO1_INT7_IRQHandler
 .text.FLEXIO1_IRQHandler
                0x70008548        0x8 ./startup/startup_mimxrt1064.o
                0x70008548                FLEXIO1_IRQHandler
 .text.FLEXIO2_IRQHandler
                0x70008550        0x8 ./startup/startup_mimxrt1064.o
                0x70008550                FLEXIO2_IRQHandler
 .text.WDOG1_IRQHandler
                0x70008558        0x8 ./startup/startup_mimxrt1064.o
                0x70008558                WDOG1_IRQHandler
 .text.RTWDOG_IRQHandler
                0x70008560        0x8 ./startup/startup_mimxrt1064.o
                0x70008560                RTWDOG_IRQHandler
 .text.EWM_IRQHandler
                0x70008568        0x8 ./startup/startup_mimxrt1064.o
                0x70008568                EWM_IRQHandler
 .text.CCM_1_IRQHandler
                0x70008570        0x8 ./startup/startup_mimxrt1064.o
                0x70008570                CCM_1_IRQHandler
 .text.CCM_2_IRQHandler
                0x70008578        0x8 ./startup/startup_mimxrt1064.o
                0x70008578                CCM_2_IRQHandler
 .text.GPC_IRQHandler
                0x70008580        0x8 ./startup/startup_mimxrt1064.o
                0x70008580                GPC_IRQHandler
 .text.SRC_IRQHandler
                0x70008588        0x8 ./startup/startup_mimxrt1064.o
                0x70008588                SRC_IRQHandler
 .text.Reserved115_IRQHandler
                0x70008590        0x8 ./startup/startup_mimxrt1064.o
                0x70008590                Reserved115_IRQHandler
 .text.GPT1_IRQHandler
                0x70008598        0x8 ./startup/startup_mimxrt1064.o
                0x70008598                GPT1_IRQHandler
 .text.GPT2_IRQHandler
                0x700085a0        0x8 ./startup/startup_mimxrt1064.o
                0x700085a0                GPT2_IRQHandler
 .text.PWM1_0_IRQHandler
                0x700085a8        0x8 ./startup/startup_mimxrt1064.o
                0x700085a8                PWM1_0_IRQHandler
 .text.PWM1_1_IRQHandler
                0x700085b0        0x8 ./startup/startup_mimxrt1064.o
                0x700085b0                PWM1_1_IRQHandler
 .text.PWM1_2_IRQHandler
                0x700085b8        0x8 ./startup/startup_mimxrt1064.o
                0x700085b8                PWM1_2_IRQHandler
 .text.PWM1_3_IRQHandler
                0x700085c0        0x8 ./startup/startup_mimxrt1064.o
                0x700085c0                PWM1_3_IRQHandler
 .text.PWM1_FAULT_IRQHandler
                0x700085c8        0x8 ./startup/startup_mimxrt1064.o
                0x700085c8                PWM1_FAULT_IRQHandler
 .text.FLEXSPI2_IRQHandler
                0x700085d0        0x8 ./startup/startup_mimxrt1064.o
                0x700085d0                FLEXSPI2_IRQHandler
 .text.FLEXSPI_IRQHandler
                0x700085d8        0x8 ./startup/startup_mimxrt1064.o
                0x700085d8                FLEXSPI_IRQHandler
 .text.SEMC_IRQHandler
                0x700085e0        0x8 ./startup/startup_mimxrt1064.o
                0x700085e0                SEMC_IRQHandler
 .text.USDHC1_IRQHandler
                0x700085e8        0x8 ./startup/startup_mimxrt1064.o
                0x700085e8                USDHC1_IRQHandler
 .text.USDHC2_IRQHandler
                0x700085f0        0x8 ./startup/startup_mimxrt1064.o
                0x700085f0                USDHC2_IRQHandler
 .text.USB_OTG2_IRQHandler
                0x700085f8        0x8 ./startup/startup_mimxrt1064.o
                0x700085f8                USB_OTG2_IRQHandler
 .text.USB_OTG1_IRQHandler
                0x70008600        0x8 ./startup/startup_mimxrt1064.o
                0x70008600                USB_OTG1_IRQHandler
 .text.ENET_IRQHandler
                0x70008608        0x8 ./startup/startup_mimxrt1064.o
                0x70008608                ENET_IRQHandler
 .text.ENET_1588_Timer_IRQHandler
                0x70008610        0x8 ./startup/startup_mimxrt1064.o
                0x70008610                ENET_1588_Timer_IRQHandler
 .text.XBAR1_IRQ_0_1_IRQHandler
                0x70008618        0x8 ./startup/startup_mimxrt1064.o
                0x70008618                XBAR1_IRQ_0_1_IRQHandler
 .text.XBAR1_IRQ_2_3_IRQHandler
                0x70008620        0x8 ./startup/startup_mimxrt1064.o
                0x70008620                XBAR1_IRQ_2_3_IRQHandler
 .text.ADC_ETC_IRQ0_IRQHandler
                0x70008628        0x8 ./startup/startup_mimxrt1064.o
                0x70008628                ADC_ETC_IRQ0_IRQHandler
 .text.ADC_ETC_IRQ1_IRQHandler
                0x70008630        0x8 ./startup/startup_mimxrt1064.o
                0x70008630                ADC_ETC_IRQ1_IRQHandler
 .text.ADC_ETC_IRQ2_IRQHandler
                0x70008638        0x8 ./startup/startup_mimxrt1064.o
                0x70008638                ADC_ETC_IRQ2_IRQHandler
 .text.ADC_ETC_ERROR_IRQ_IRQHandler
                0x70008640        0x8 ./startup/startup_mimxrt1064.o
                0x70008640                ADC_ETC_ERROR_IRQ_IRQHandler
 .text.PIT_IRQHandler
                0x70008648        0x8 ./startup/startup_mimxrt1064.o
                0x70008648                PIT_IRQHandler
 .text.ACMP1_IRQHandler
                0x70008650        0x8 ./startup/startup_mimxrt1064.o
                0x70008650                ACMP1_IRQHandler
 .text.ACMP2_IRQHandler
                0x70008658        0x8 ./startup/startup_mimxrt1064.o
                0x70008658                ACMP2_IRQHandler
 .text.ACMP3_IRQHandler
                0x70008660        0x8 ./startup/startup_mimxrt1064.o
                0x70008660                ACMP3_IRQHandler
 .text.ACMP4_IRQHandler
                0x70008668        0x8 ./startup/startup_mimxrt1064.o
                0x70008668                ACMP4_IRQHandler
 .text.Reserved143_IRQHandler
                0x70008670        0x8 ./startup/startup_mimxrt1064.o
                0x70008670                Reserved143_IRQHandler
 .text.Reserved144_IRQHandler
                0x70008678        0x8 ./startup/startup_mimxrt1064.o
                0x70008678                Reserved144_IRQHandler
 .text.ENC1_IRQHandler
                0x70008680        0x8 ./startup/startup_mimxrt1064.o
                0x70008680                ENC1_IRQHandler
 .text.ENC2_IRQHandler
                0x70008688        0x8 ./startup/startup_mimxrt1064.o
                0x70008688                ENC2_IRQHandler
 .text.ENC3_IRQHandler
                0x70008690        0x8 ./startup/startup_mimxrt1064.o
                0x70008690                ENC3_IRQHandler
 .text.ENC4_IRQHandler
                0x70008698        0x8 ./startup/startup_mimxrt1064.o
                0x70008698                ENC4_IRQHandler
 .text.TMR1_IRQHandler
                0x700086a0        0x8 ./startup/startup_mimxrt1064.o
                0x700086a0                TMR1_IRQHandler
 .text.TMR2_IRQHandler
                0x700086a8        0x8 ./startup/startup_mimxrt1064.o
                0x700086a8                TMR2_IRQHandler
 .text.TMR3_IRQHandler
                0x700086b0        0x8 ./startup/startup_mimxrt1064.o
                0x700086b0                TMR3_IRQHandler
 .text.TMR4_IRQHandler
                0x700086b8        0x8 ./startup/startup_mimxrt1064.o
                0x700086b8                TMR4_IRQHandler
 .text.PWM2_0_IRQHandler
                0x700086c0        0x8 ./startup/startup_mimxrt1064.o
                0x700086c0                PWM2_0_IRQHandler
 .text.PWM2_1_IRQHandler
                0x700086c8        0x8 ./startup/startup_mimxrt1064.o
                0x700086c8                PWM2_1_IRQHandler
 .text.PWM2_2_IRQHandler
                0x700086d0        0x8 ./startup/startup_mimxrt1064.o
                0x700086d0                PWM2_2_IRQHandler
 .text.PWM2_3_IRQHandler
                0x700086d8        0x8 ./startup/startup_mimxrt1064.o
                0x700086d8                PWM2_3_IRQHandler
 .text.PWM2_FAULT_IRQHandler
                0x700086e0        0x8 ./startup/startup_mimxrt1064.o
                0x700086e0                PWM2_FAULT_IRQHandler
 .text.PWM3_0_IRQHandler
                0x700086e8        0x8 ./startup/startup_mimxrt1064.o
                0x700086e8                PWM3_0_IRQHandler
 .text.PWM3_1_IRQHandler
                0x700086f0        0x8 ./startup/startup_mimxrt1064.o
                0x700086f0                PWM3_1_IRQHandler
 .text.PWM3_2_IRQHandler
                0x700086f8        0x8 ./startup/startup_mimxrt1064.o
                0x700086f8                PWM3_2_IRQHandler
 .text.PWM3_3_IRQHandler
                0x70008700        0x8 ./startup/startup_mimxrt1064.o
                0x70008700                PWM3_3_IRQHandler
 .text.PWM3_FAULT_IRQHandler
                0x70008708        0x8 ./startup/startup_mimxrt1064.o
                0x70008708                PWM3_FAULT_IRQHandler
 .text.PWM4_0_IRQHandler
                0x70008710        0x8 ./startup/startup_mimxrt1064.o
                0x70008710                PWM4_0_IRQHandler
 .text.PWM4_1_IRQHandler
                0x70008718        0x8 ./startup/startup_mimxrt1064.o
                0x70008718                PWM4_1_IRQHandler
 .text.PWM4_2_IRQHandler
                0x70008720        0x8 ./startup/startup_mimxrt1064.o
                0x70008720                PWM4_2_IRQHandler
 .text.PWM4_3_IRQHandler
                0x70008728        0x8 ./startup/startup_mimxrt1064.o
                0x70008728                PWM4_3_IRQHandler
 .text.PWM4_FAULT_IRQHandler
                0x70008730        0x8 ./startup/startup_mimxrt1064.o
                0x70008730                PWM4_FAULT_IRQHandler
 .text.ENET2_IRQHandler
                0x70008738        0x8 ./startup/startup_mimxrt1064.o
                0x70008738                ENET2_IRQHandler
 .text.ENET2_1588_Timer_IRQHandler
                0x70008740        0x8 ./startup/startup_mimxrt1064.o
                0x70008740                ENET2_1588_Timer_IRQHandler
 .text.CAN3_IRQHandler
                0x70008748        0x8 ./startup/startup_mimxrt1064.o
                0x70008748                CAN3_IRQHandler
 .text.Reserved171_IRQHandler
                0x70008750        0x8 ./startup/startup_mimxrt1064.o
                0x70008750                Reserved171_IRQHandler
 .text.FLEXIO3_IRQHandler
                0x70008758        0x8 ./startup/startup_mimxrt1064.o
                0x70008758                FLEXIO3_IRQHandler
 .text.fun_edma_callback
                0x70008760       0x1a ./source/sdcard_fatfs_freertos.o
                0x70008760                fun_edma_callback
 .text.fun_edma_halfTransferCallback
                0x7000877a       0x1c ./source/sdcard_fatfs_freertos.o
                0x7000877a                fun_edma_halfTransferCallback
 .text.HardFault_Handler
                0x70008796       0x2c ./source/semihost_hardfault.o
                0x70008796                HardFault_Handler
 .text.vListInsertEnd
                0x700087c2       0x48 ./freertos/freertos_kernel/list.o
                0x700087c2                vListInsertEnd
 .text.uxListRemove
                0x7000880a       0x54 ./freertos/freertos_kernel/list.o
                0x7000880a                uxListRemove
 .text.CLOCK_GetRtcFreq
                0x7000885e       0x12 ./drivers/fsl_clock.o
 .text.CLOCK_IsPllBypassed
                0x70008870       0x32 ./drivers/fsl_clock.o
 .text.CLOCK_IsPllEnabled
                0x700088a2       0x3c ./drivers/fsl_clock.o
 .text.CLOCK_GetPllBypassRefClk
                0x700088de       0x34 ./drivers/fsl_clock.o
 .text._SDK_AtomicLocalClearAndSet4Byte
                0x70008912       0x50 ./drivers/fsl_dmamux.o
 .text.CLOCK_EnableClock
                0x70008962       0x1e ./drivers/fsl_dmamux.o
 .text.DMAMUX_Init
                0x70008980       0x20 ./drivers/fsl_dmamux.o
                0x70008980                DMAMUX_Init
 .text._SDK_AtomicLocalClearAndSet4Byte
                0x700089a0       0x50 ./drivers/fsl_edma.o
 .text.CLOCK_EnableClock
                0x700089f0       0x1e ./drivers/fsl_edma.o
 .text.EnableIRQ
                0x70008a0e       0x32 ./drivers/fsl_edma.o
 .text.DisableGlobalIRQ
                0x70008a40       0x22 ./drivers/fsl_edma.o
 .text.EnableGlobalIRQ
                0x70008a62       0x20 ./drivers/fsl_edma.o
 .text.EDMA_AbortTransfer
                0x70008a82       0x96 ./drivers/fsl_edma.o
                0x70008a82                EDMA_AbortTransfer
 .text.FLEXIO1_DriverIRQHandler
                0x70008b18        0xc ./drivers/fsl_flexio.o
                0x70008b18                FLEXIO1_DriverIRQHandler
 .text.FLEXIO2_DriverIRQHandler
                0x70008b24        0xc ./drivers/fsl_flexio.o
                0x70008b24                FLEXIO2_DriverIRQHandler
 .text.FLEXIO3_DriverIRQHandler
                0x70008b30        0xc ./drivers/fsl_flexio.o
                0x70008b30                FLEXIO3_DriverIRQHandler
 .text._SDK_AtomicLocalClearAndSet4Byte
                0x70008b3c       0x50 ./drivers/fsl_gpio.o
 .text.CLOCK_EnableClock
                0x70008b8c       0x1e ./drivers/fsl_gpio.o
 .text.GPIO_SetPinInterruptConfig
                0x70008baa       0x22 ./drivers/fsl_gpio.o
 .text._SDK_AtomicLocalClearAndSet4Byte
                0x70008bcc       0x50 ./drivers/fsl_sai.o
 .text.CLOCK_EnableClock
                0x70008c1c       0x1e ./drivers/fsl_sai.o
 .text.SAI_TxClearStatusFlags
                0x70008c3a       0x26 ./drivers/fsl_sai.o
 .text.SAI_RxGetEnabledInterruptStatus
                0x70008c60       0x40 ./drivers/fsl_sai.o
 .text.SAI_TxGetEnabledInterruptStatus
                0x70008ca0       0x3e ./drivers/fsl_sai.o
 .text.SAI_TxReset
                0x70008cde       0x46 ./drivers/fsl_sai.o
                0x70008cde                SAI_TxReset
 .text.SAI_TxEnableDMA
                0x70008d24       0x44 ./drivers/fsl_sai_edma.o
 .text.SAI_TxGetDataRegisterAddress
                0x70008d68       0x20 ./drivers/fsl_sai_edma.o
 .text.SAI_TxEDMACallback
                0x70008d88      0x10c ./drivers/fsl_sai_edma.o
 .text._SDK_AtomicLocalClearAndSet4Byte
                0x70008e94       0x50 ./drivers/fsl_semc.o
 .text.CLOCK_EnableClock
                0x70008ee4       0x1e ./drivers/fsl_semc.o
 .text.SEMC_IsIPCommandDone
                0x70008f02       0x52 ./drivers/fsl_semc.o
 .text.SystemInitHook
                0x70008f54        0xe ./device/system_MIMXRT1064.o
                0x70008f54                SystemInitHook
 .text.LPUART_WriteByte
                0x70008f62       0x1e ./component/uart/fsl_adapter_lpuart.o
 .text.LPUART_ReadByte
                0x70008f80       0x6e ./component/uart/fsl_adapter_lpuart.o
 .text.LPUART1_IRQHandler
                0x70008fee       0x14 ./component/uart/fsl_adapter_lpuart.o
                0x70008fee                LPUART1_IRQHandler
 .text.LPUART2_IRQHandler
                0x70009002       0x14 ./component/uart/fsl_adapter_lpuart.o
                0x70009002                LPUART2_IRQHandler
 .text.LPUART3_IRQHandler
                0x70009016       0x14 ./component/uart/fsl_adapter_lpuart.o
                0x70009016                LPUART3_IRQHandler
 .text.LPUART4_IRQHandler
                0x7000902a       0x14 ./component/uart/fsl_adapter_lpuart.o
                0x7000902a                LPUART4_IRQHandler
 .text.LPUART5_IRQHandler
                0x7000903e       0x14 ./component/uart/fsl_adapter_lpuart.o
                0x7000903e                LPUART5_IRQHandler
 .text.LPUART6_IRQHandler
                0x70009052       0x14 ./component/uart/fsl_adapter_lpuart.o
                0x70009052                LPUART6_IRQHandler
 .text.LPUART7_IRQHandler
                0x70009066       0x14 ./component/uart/fsl_adapter_lpuart.o
                0x70009066                LPUART7_IRQHandler
 .text.LPUART8_IRQHandler
                0x7000907a       0x14 ./component/uart/fsl_adapter_lpuart.o
                0x7000907a                LPUART8_IRQHandler
 .text.GPIO_PortGetInterruptFlags
                0x7000908e       0x18 ./component/gpio/fsl_adapter_igpio.o
 .text.GPIO_PortClearInterruptFlags
                0x700090a6       0x1c ./component/gpio/fsl_adapter_igpio.o
 .text.GPIO1_Combined_0_15_IRQHandler
                0x700090c2       0x14 ./component/gpio/fsl_adapter_igpio.o
                0x700090c2                GPIO1_Combined_0_15_IRQHandler
 .text.GPIO1_Combined_16_31_IRQHandler
                0x700090d6       0x14 ./component/gpio/fsl_adapter_igpio.o
                0x700090d6                GPIO1_Combined_16_31_IRQHandler
 .text.GPIO2_Combined_0_15_IRQHandler
                0x700090ea       0x14 ./component/gpio/fsl_adapter_igpio.o
                0x700090ea                GPIO2_Combined_0_15_IRQHandler
 .text.GPIO2_Combined_16_31_IRQHandler
                0x700090fe       0x14 ./component/gpio/fsl_adapter_igpio.o
                0x700090fe                GPIO2_Combined_16_31_IRQHandler
 .text.GPIO3_Combined_0_15_IRQHandler
                0x70009112       0x14 ./component/gpio/fsl_adapter_igpio.o
                0x70009112                GPIO3_Combined_0_15_IRQHandler
 .text.GPIO3_Combined_16_31_IRQHandler
                0x70009126       0x14 ./component/gpio/fsl_adapter_igpio.o
                0x70009126                GPIO3_Combined_16_31_IRQHandler
 .text.GPIO4_Combined_0_15_IRQHandler
                0x7000913a       0x14 ./component/gpio/fsl_adapter_igpio.o
                0x7000913a                GPIO4_Combined_0_15_IRQHandler
 .text.GPIO4_Combined_16_31_IRQHandler
                0x7000914e       0x14 ./component/gpio/fsl_adapter_igpio.o
                0x7000914e                GPIO4_Combined_16_31_IRQHandler
 .text.GPIO5_Combined_0_15_IRQHandler
                0x70009162       0x14 ./component/gpio/fsl_adapter_igpio.o
                0x70009162                GPIO5_Combined_0_15_IRQHandler
 .text.GPIO5_Combined_16_31_IRQHandler
                0x70009176       0x14 ./component/gpio/fsl_adapter_igpio.o
                0x70009176                GPIO5_Combined_16_31_IRQHandler
 .text.GPIO6_7_8_9_IRQHandler
                0x7000918a       0x26 ./component/gpio/fsl_adapter_igpio.o
                0x7000918a                GPIO6_7_8_9_IRQHandler
 .text.DbgConsole_Init
                0x700091b0       0x20 ./board/board.o
 .text.BOARD_InitDebugConsole
                0x700091d0       0x22 ./board/board.o
                0x700091d0                BOARD_InitDebugConsole
 .text._SDK_AtomicLocalClearAndSet4Byte
                0x700091f2       0x50 ./board/clock_config.o
 .text.CLOCK_DisableClock
                0x70009242       0x1e ./board/clock_config.o
 .text.CLOCK_SetPllBypass
                0x70009260       0x4e ./board/clock_config.o
 .text.IOMUXC_SetSaiMClkClockSource
                0x700092ae       0x6c ./board/clock_config.o
 .text.EDMA_EnableMinorLoopMapping
                0x7000931a       0x38 ./board/peripherals.o
 .text.BOARD_InitBootPeripherals
                0x70009352        0xc ./board/peripherals.o
                0x70009352                BOARD_InitBootPeripherals
 .text._SDK_AtomicLocalClearAndSet4Byte
                0x7000935e       0x50 ./board/pin_mux.o
 .text.CLOCK_EnableClock
                0x700093ae       0x1e ./board/pin_mux.o
 .text.IOMUXC_SetPinMux
                0x700093cc       0x3a ./board/pin_mux.o
 .text.__main   0x70009406        0xe c:/nxp/mcuxpressoide_11.6.0_8187/ide/plugins/com.nxp.mcuxpresso.tools.win32_11.6.0.202112161359/tools/bin/../lib/gcc/arm-none-eabi/10.3.1/../../../../arm-none-eabi/lib/thumb/v7e-m+dp/hard\libcr_semihost_nf.a(_cr__main.o)
                0x70009406                __CR_SEMIHOST
                0x70009406                __main
 .text.memset   0x70009414        0x4 c:/nxp/mcuxpressoide_11.6.0_8187/ide/plugins/com.nxp.mcuxpresso.tools.win32_11.6.0.202112161359/tools/bin/../lib/gcc/arm-none-eabi/10.3.1/../../../../arm-none-eabi/lib/thumb/v7e-m+dp/hard\libcr_c.a(memset.o)
                0x70009414                memset
 .text.free     0x70009418       0x30 c:/nxp/mcuxpressoide_11.6.0_8187/ide/plugins/com.nxp.mcuxpresso.tools.win32_11.6.0.202112161359/tools/bin/../lib/gcc/arm-none-eabi/10.3.1/../../../../arm-none-eabi/lib/thumb/v7e-m+dp/hard\libcr_c.a(alloc.o)
                0x70009418                free
 .text.no_fp_display
                0x70009448        0x4 c:/nxp/mcuxpressoide_11.6.0_8187/ide/plugins/com.nxp.mcuxpresso.tools.win32_11.6.0.202112161359/tools/bin/../lib/gcc/arm-none-eabi/10.3.1/../../../../arm-none-eabi/lib/thumb/v7e-m+dp/hard\libcr_c.a(printf.o)
 .text.setvbuf  0x7000944c       0x3e c:/nxp/mcuxpressoide_11.6.0_8187/ide/plugins/com.nxp.mcuxpresso.tools.win32_11.6.0.202112161359/tools/bin/../lib/gcc/arm-none-eabi/10.3.1/../../../../arm-none-eabi/lib/thumb/v7e-m+dp/hard\libcr_c.a(setvbuf.o)
                0x7000944c                setvbuf
 .text.strlen   0x7000948a       0x48 c:/nxp/mcuxpressoide_11.6.0_8187/ide/plugins/com.nxp.mcuxpresso.tools.win32_11.6.0.202112161359/tools/bin/../lib/gcc/arm-none-eabi/10.3.1/../../../../arm-none-eabi/lib/thumb/v7e-m+dp/hard\libcr_c.a(strlen.o)
                0x7000948a                strlen
 .text._deferredlazyseek
                0x700094d2       0x40 c:/nxp/mcuxpressoide_11.6.0_8187/ide/plugins/com.nxp.mcuxpresso.tools.win32_11.6.0.202112161359/tools/bin/../lib/gcc/arm-none-eabi/10.3.1/../../../../arm-none-eabi/lib/thumb/v7e-m+dp/hard\libcr_c.a(_deferredlazyseek.o)
                0x700094d2                _deferredlazyseek
 .text.__flsbuf
                0x70009512      0x140 c:/nxp/mcuxpressoide_11.6.0_8187/ide/plugins/com.nxp.mcuxpresso.tools.win32_11.6.0.202112161359/tools/bin/../lib/gcc/arm-none-eabi/10.3.1/../../../../arm-none-eabi/lib/thumb/v7e-m+dp/hard\libcr_c.a(_deferredlazyseek.o)
                0x70009512                __flsbuf
 .text._fdopen  0x70009652       0x68 c:/nxp/mcuxpressoide_11.6.0_8187/ide/plugins/com.nxp.mcuxpresso.tools.win32_11.6.0.202112161359/tools/bin/../lib/gcc/arm-none-eabi/10.3.1/../../../../arm-none-eabi/lib/thumb/v7e-m+dp/hard\libcr_c.a(_fdopen.o)
                0x70009652                _fdopen
 .text._fflush  0x700096ba       0x52 c:/nxp/mcuxpressoide_11.6.0_8187/ide/plugins/com.nxp.mcuxpresso.tools.win32_11.6.0.202112161359/tools/bin/../lib/gcc/arm-none-eabi/10.3.1/../../../../arm-none-eabi/lib/thumb/v7e-m+dp/hard\libcr_c.a(_fflush.o)
                0x700096ba                _fflush
 .text.fclose   0x7000970c       0x58 c:/nxp/mcuxpressoide_11.6.0_8187/ide/plugins/com.nxp.mcuxpresso.tools.win32_11.6.0.202112161359/tools/bin/../lib/gcc/arm-none-eabi/10.3.1/../../../../arm-none-eabi/lib/thumb/v7e-m+dp/hard\libcr_c.a(fclose.o)
                0x7000970c                fclose
 .text.remove   0x70009764       0x14 c:/nxp/mcuxpressoide_11.6.0_8187/ide/plugins/com.nxp.mcuxpresso.tools.win32_11.6.0.202112161359/tools/bin/../lib/gcc/arm-none-eabi/10.3.1/../../../../arm-none-eabi/lib/thumb/v7e-m+dp/hard\libcr_c.a(remove.o)
                0x70009764                remove
 .text._do_fflush
                0x70009778       0x40 c:/nxp/mcuxpressoide_11.6.0_8187/ide/plugins/com.nxp.mcuxpresso.tools.win32_11.6.0.202112161359/tools/bin/../lib/gcc/arm-none-eabi/10.3.1/../../../../arm-none-eabi/lib/thumb/v7e-m+dp/hard\libcr_c.a(_do_fflush.o)
                0x70009778                _do_fflush
 .text.__aeabi_memset_lowlevel
                0x700097b8       0x32 c:/nxp/mcuxpressoide_11.6.0_8187/ide/plugins/com.nxp.mcuxpresso.tools.win32_11.6.0.202112161359/tools/bin/../lib/gcc/arm-none-eabi/10.3.1/thumb/v7e-m+dp/hard\libcr_eabihelpers.a(memcpy.o)
                0x700097b8                __aeabi_lowlevel_memset
 .text.__sys_close
                0x700097ea        0xc c:/nxp/mcuxpressoide_11.6.0_8187/ide/plugins/com.nxp.mcuxpresso.tools.win32_11.6.0.202112161359/tools/bin/../lib/gcc/arm-none-eabi/10.3.1/../../../../arm-none-eabi/lib/thumb/v7e-m+dp/hard\libcr_semihost_nf.a(__sys_close.o)
                0x700097ea                __sys_close
 .text.__sys_flen
                0x700097f6        0xc c:/nxp/mcuxpressoide_11.6.0_8187/ide/plugins/com.nxp.mcuxpresso.tools.win32_11.6.0.202112161359/tools/bin/../lib/gcc/arm-none-eabi/10.3.1/../../../../arm-none-eabi/lib/thumb/v7e-m+dp/hard\libcr_semihost_nf.a(__sys_flen.o)
                0x700097f6                __sys_flen
 .text.__sys_istty
                0x70009802        0xc c:/nxp/mcuxpressoide_11.6.0_8187/ide/plugins/com.nxp.mcuxpresso.tools.win32_11.6.0.202112161359/tools/bin/../lib/gcc/arm-none-eabi/10.3.1/../../../../arm-none-eabi/lib/thumb/v7e-m+dp/hard\libcr_semihost_nf.a(__sys_istty.o)
                0x70009802                __sys_istty
 .text.__sys_remove
                0x7000980e        0xc c:/nxp/mcuxpressoide_11.6.0_8187/ide/plugins/com.nxp.mcuxpresso.tools.win32_11.6.0.202112161359/tools/bin/../lib/gcc/arm-none-eabi/10.3.1/../../../../arm-none-eabi/lib/thumb/v7e-m+dp/hard\libcr_semihost_nf.a(__sys_remove.o)
                0x7000980e                __sys_remove
 .text.__sys_seek
                0x7000981a        0xc c:/nxp/mcuxpressoide_11.6.0_8187/ide/plugins/com.nxp.mcuxpresso.tools.win32_11.6.0.202112161359/tools/bin/../lib/gcc/arm-none-eabi/10.3.1/../../../../arm-none-eabi/lib/thumb/v7e-m+dp/hard\libcr_semihost_nf.a(__sys_seek.o)
                0x7000981a                __sys_seek
 .text.__sys_tmpnam
                0x70009826        0xc c:/nxp/mcuxpressoide_11.6.0_8187/ide/plugins/com.nxp.mcuxpresso.tools.win32_11.6.0.202112161359/tools/bin/../lib/gcc/arm-none-eabi/10.3.1/../../../../arm-none-eabi/lib/thumb/v7e-m+dp/hard\libcr_semihost_nf.a(__sys_tmpnam.o)
                0x70009826                __sys_tmpnam
 .text.__sys_write
                0x70009832        0xc c:/nxp/mcuxpressoide_11.6.0_8187/ide/plugins/com.nxp.mcuxpresso.tools.win32_11.6.0.202112161359/tools/bin/../lib/gcc/arm-none-eabi/10.3.1/../../../../arm-none-eabi/lib/thumb/v7e-m+dp/hard\libcr_semihost_nf.a(__sys_write.o)
                0x70009832                __sys_write
 *freertos*/tasks.o(SORT_BY_ALIGNMENT(.rodata*))
 *fill*         0x7000983e        0x2 ff
 .rodata.vTaskStartScheduler.str1.4
                0x70009840        0x5 ./freertos/freertos_kernel/tasks.o
 *(SORT_BY_ALIGNMENT(.rodata) SORT_BY_ALIGNMENT(.rodata.*) SORT_BY_ALIGNMENT(.constdata) SORT_BY_ALIGNMENT(.constdata.*))
 *fill*         0x70009845        0x3 ff
 .rodata.__assertion_failed.str1.4
                0x70009848       0x14 ./utilities/fsl_assert.o
 .rodata.main.str1.4
                0x7000985c       0x5a ./source/sdcard_fatfs_freertos.o
 *fill*         0x700098b6        0x2 ff
 .rodata.CLOCK_InitExternalClk.str1.4
                0x700098b8       0x21 ./drivers/fsl_clock.o
 *fill*         0x700098d9        0x3 ff
 .rodata.CLOCK_GetPllFreq.str1.4
                0x700098dc       0x6d ./drivers/fsl_clock.o
 *fill*         0x70009949        0x3 ff
 .rodata.enetRefClkFreq.1
                0x7000994c       0x10 ./drivers/fsl_clock.o
 .rodata.CLOCK_ControlGate.str1.4
                0x7000995c       0x20 ./drivers/fsl_dmamux.o
 .rodata.DMAMUX_GetInstance.str1.4
                0x7000997c       0x37 ./drivers/fsl_dmamux.o
 .rodata.CLOCK_ControlGate.str1.4
                0x700099b3       0x20 ./drivers/fsl_edma.o
 *fill*         0x700099b3        0x1 ff
 .rodata.s_edmaIRQNumber
                0x700099b4       0x40 ./drivers/fsl_edma.o
 .rodata.EDMA_GetInstance.str1.4
                0x700099f4       0x33 ./drivers/fsl_edma.o
 *fill*         0x70009a27        0x1 ff
 .rodata.EDMA_InstallTCD.str1.4
                0x70009a28       0x8e ./drivers/fsl_edma.o
 *fill*         0x70009ab6        0x2 ff
 .rodata.EDMA_Init.str1.4
                0x70009ab8       0x20 ./drivers/fsl_edma.o
 .rodata.EDMA_TcdSetTransferConfig.str1.4
                0x70009ad8      0x154 ./drivers/fsl_edma.o
 .rodata.EDMA_TcdEnableInterrupts.str1.4
                0x70009c2c       0x1d ./drivers/fsl_edma.o
 *fill*         0x70009c49        0x3 ff
 .rodata.EDMA_GetChannelStatusFlags.str1.4
                0x70009c4c       0x45 ./drivers/fsl_edma.o
 *fill*         0x70009c91        0x3 ff
 .rodata.EDMA_GetInstanceOffset.str1.4
                0x70009c94       0x2e ./drivers/fsl_edma.o
 *fill*         0x70009cc2        0x2 ff
 .rodata.EDMA_CreateHandle.str1.4
                0x70009cc4       0x65 ./drivers/fsl_edma.o
 *fill*         0x70009d29        0x3 ff
 .rodata.EDMA_InstallTCDMemory.str1.4
                0x70009d2c       0x53 ./drivers/fsl_edma.o
 *fill*         0x70009d7f        0x1 ff
 .rodata.EDMA_SetCallback.str1.4
                0x70009d80       0x20 ./drivers/fsl_edma.o
 .rodata.EDMA_TransferWidthMapping.str1.4
                0x70009da0       0x17 ./drivers/fsl_edma.o
 *fill*         0x70009db7        0x1 ff
 .rodata.EDMA_PrepareTransferConfig.str1.4
                0x70009db8      0x22f ./drivers/fsl_edma.o
 *fill*         0x70009fe7        0x1 ff
 .rodata.EDMA_PrepareTransfer.str1.4
                0x70009fe8       0x3c ./drivers/fsl_edma.o
 .rodata.EDMA_StartTransfer.str1.4
                0x7000a024       0x21 ./drivers/fsl_edma.o
 *fill*         0x7000a045        0x3 ff
 .rodata.EDMA_HandleIRQ.str1.4
                0x7000a048       0x21 ./drivers/fsl_edma.o
 .rodata.CLOCK_ControlGate.str1.4
                0x7000a069       0x20 ./drivers/fsl_gpio.o
 *fill*         0x7000a069        0x3 ff
 .rodata.s_gpioBases
                0x7000a06c       0x2c ./drivers/fsl_gpio.o
 .rodata.s_gpioClock
                0x7000a098        0xc ./drivers/fsl_gpio.o
 .rodata.GPIO_GetInstance.str1.4
                0x7000a0a4       0x33 ./drivers/fsl_gpio.o
 *fill*         0x7000a0d7        0x1 ff
 .rodata.GPIO_PinWrite.str1.4
                0x7000a0d8       0x1b ./drivers/fsl_gpio.o
 .rodata.CLOCK_ControlGate.str1.4
                0x7000a0f3       0x20 ./drivers/fsl_sai.o
 *fill*         0x7000a0f3        0x1 ff
 .rodata.s_saiBases
                0x7000a0f4       0x10 ./drivers/fsl_sai.o
 .rodata.s_saiClock
                0x7000a104        0x8 ./drivers/fsl_sai.o
 .rodata.SAI_GetInstance.str1.4
                0x7000a10c       0x32 ./drivers/fsl_sai.o
 *fill*         0x7000a13e        0x2 ff
 .rodata.SAI_TxSetBitClockRate.str1.4
                0x7000a140       0x2f ./drivers/fsl_sai.o
 *fill*         0x7000a16f        0x1 ff
 .rodata.SAI_TxSetBitclockConfig.str1.4
                0x7000a170       0x20 ./drivers/fsl_sai.o
 .rodata.SAI_TxSetFifoConfig.str1.4
                0x7000a190       0x74 ./drivers/fsl_sai.o
 .rodata.SAI_TxSetFrameSyncConfig.str1.4
                0x7000a204       0x7f ./drivers/fsl_sai.o
 *fill*         0x7000a283        0x1 ff
 .rodata.SAI_TxSetSerialDataConfig.str1.4
                0x7000a284       0x20 ./drivers/fsl_sai.o
 .rodata.SAI_TxSetConfig.str1.4
                0x7000a2a4       0x5c ./drivers/fsl_sai.o
 .rodata.SAI3_TX_DriverIRQHandler.str1.4
                0x7000a300       0x2b ./drivers/fsl_sai.o
 *fill*         0x7000a32b        0x1 ff
 .rodata.SAI3_RX_DriverIRQHandler.str1.4
                0x7000a32c       0x2b ./drivers/fsl_sai.o
 *fill*         0x7000a357        0x1 ff
 .rodata.s_saiBases
                0x7000a358       0x10 ./drivers/fsl_sai_edma.o
 .rodata.SAI_GetInstance.str1.4
                0x7000a368       0x36 ./drivers/fsl_sai_edma.o
 *fill*         0x7000a39e        0x2 ff
 .rodata.SAI_TransferTxCreateHandleEDMA.str1.4
                0x7000a3a0       0x3f ./drivers/fsl_sai_edma.o
 *fill*         0x7000a3df        0x1 ff
 .rodata.SAI_TransferTxSetConfigEDMA.str1.4
                0x7000a3e0      0x12b ./drivers/fsl_sai_edma.o
 *fill*         0x7000a50b        0x1 ff
 .rodata.SAI_TransferSendLoopEDMA.str1.4
                0x7000a50c       0x38 ./drivers/fsl_sai_edma.o
 .rodata.CLOCK_ControlGate.str1.4
                0x7000a544       0x20 ./drivers/fsl_semc.o
 .rodata.SEMC_GetInstance.str1.4
                0x7000a544       0x34 ./drivers/fsl_semc.o
 .rodata.SEMC_CovertMemorySize.str1.4
                0x7000a578       0x27 ./drivers/fsl_semc.o
 *fill*         0x7000a59f        0x1 ff
 .rodata.SEMC_ConvertTiming.str1.4
                0x7000a5a0       0x24 ./drivers/fsl_semc.o
 .rodata.SEMC_GetDefaultConfig.str1.4
                0x7000a5c4       0x20 ./drivers/fsl_semc.o
 .rodata.SEMC_Init.str1.4
                0x7000a5e4       0x23 ./drivers/fsl_semc.o
 *fill*         0x7000a607        0x1 ff
 .rodata.SEMC_ConfigureSDRAM.str1.4
                0x7000a608       0x75 ./drivers/fsl_semc.o
 *fill*         0x7000a67d        0x3 ff
 .rodata.SEMC_SendIPCommand.str1.4
                0x7000a680       0x18 ./drivers/fsl_semc.o
 .rodata.s_LpuartAdapterBase
                0x7000a698       0x24 ./component/uart/fsl_adapter_lpuart.o
 .rodata.HAL_UartInterruptHandle.str1.4
                0x7000a6bc       0x2e ./component/uart/fsl_adapter_lpuart.o
 *fill*         0x7000a6ea        0x2 ff
 .rodata        0x7000a6ec       0x5a ./component/gpio/fsl_adapter_igpio.o
 *fill*         0x7000a746        0x2 ff
 .rodata.BOARD_ConfigMPU.str1.4
                0x7000a748       0x69 ./board/board.o
 *fill*         0x7000a7b1        0x3 ff
 .rodata.CLOCK_SetMux.str1.4
                0x7000a7b4       0x88 ./board/clock_config.o
 .rodata.CLOCK_SetDiv.str1.4
                0x7000a83c       0x88 ./board/clock_config.o
 .rodata.CLOCK_ControlGate.str1.4
                0x7000a8c4       0x77 ./board/clock_config.o
 *fill*         0x7000a93b        0x1 ff
 .rodata.armPllConfig_BOARD_BootClockRUN
                0x7000a93c        0x8 ./board/clock_config.o
                0x7000a93c                armPllConfig_BOARD_BootClockRUN
 .rodata.sysPllConfig_BOARD_BootClockRUN
                0x7000a944       0x14 ./board/clock_config.o
                0x7000a944                sysPllConfig_BOARD_BootClockRUN
 .rodata.DMAMUX_EnableChannel.str1.4
                0x7000a958       0x9f ./board/peripherals.o
 *fill*         0x7000a9f7        0x1 ff
 .rodata.DMAMUX_SetSource.str1.4
                0x7000a9f8       0xa0 ./board/peripherals.o
 .rodata.DMA0_config
                0x7000aa98        0x4 ./board/peripherals.o
                0x7000aa98                DMA0_config
 .rodata.CLOCK_ControlGate.str1.4
                0x7000aa9c       0x77 ./board/pin_mux.o
 .rodata.__num_Ciob_streams
                0x7000aa9c        0x4 c:/nxp/mcuxpressoide_11.6.0_8187/ide/plugins/com.nxp.mcuxpresso.tools.win32_11.6.0.202112161359/tools/bin/../lib/gcc/arm-none-eabi/10.3.1/../../../../arm-none-eabi/lib/thumb/v7e-m+dp/hard\libcr_semihost_nf.a(__ciob.o)
                0x7000aa9c                __num_Ciob_streams
 .rodata._Csys_alloc.str1.1
                0x7000aaa0       0x18 c:/nxp/mcuxpressoide_11.6.0_8187/ide/plugins/com.nxp.mcuxpresso.tools.win32_11.6.0.202112161359/tools/bin/../lib/gcc/arm-none-eabi/10.3.1/../../../../arm-none-eabi/lib/thumb/v7e-m+dp/hard\libcr_c.a(alloc.o)
 .rodata._initio.str1.1
                0x7000aab8        0x4 c:/nxp/mcuxpressoide_11.6.0_8187/ide/plugins/com.nxp.mcuxpresso.tools.win32_11.6.0.202112161359/tools/bin/../lib/gcc/arm-none-eabi/10.3.1/../../../../arm-none-eabi/lib/thumb/v7e-m+dp/hard\libcr_c.a(initio.o)
 .rodata.__vfprintf.str1.1
                0x7000aabc       0x37 c:/nxp/mcuxpressoide_11.6.0_8187/ide/plugins/com.nxp.mcuxpresso.tools.win32_11.6.0.202112161359/tools/bin/../lib/gcc/arm-none-eabi/10.3.1/../../../../arm-none-eabi/lib/thumb/v7e-m+dp/hard\libcr_c.a(printf.o)
                                 0x38 (size before relaxing)
                0x7000ab14                . = ALIGN (0x4)
 *fill*         0x7000aaf3        0x1 ff
                0x7000aaf4                _etext = .

.glue_7         0x7000aaf4        0x0
 .glue_7        0x7000aaf4        0x0 linker stubs

.glue_7t        0x7000aaf4        0x0
 .glue_7t       0x7000aaf4        0x0 linker stubs

.vfp11_veneer   0x7000aaf4        0x0
 .vfp11_veneer  0x7000aaf4        0x0 linker stubs

.v4_bx          0x7000aaf4        0x0
 .v4_bx         0x7000aaf4        0x0 linker stubs

.iplt           0x7000aaf4        0x0
 .iplt          0x7000aaf4        0x0 ./xip/fsl_flexspi_nor_boot.o

.rel.dyn        0x7000aaf4        0x0
 .rel.iplt      0x7000aaf4        0x0 ./xip/fsl_flexspi_nor_boot.o

.data_RAM2      0x00000000        0x0 load address 0x7000aaf4
 FILL mask 0xff
                [!provide]                PROVIDE (__start_data_RAM2 = .)
                [!provide]                PROVIDE (__start_data_SRAM_ITC = .)
 *(SORT_BY_ALIGNMENT(.ramfunc.$RAM2))
 *(SORT_BY_ALIGNMENT(.ramfunc.$SRAM_ITC))
 *(SORT_BY_ALIGNMENT(.data.$RAM2))
 *(SORT_BY_ALIGNMENT(.data.$SRAM_ITC))
 *(SORT_BY_ALIGNMENT(.data.$RAM2.*))
 *(SORT_BY_ALIGNMENT(.data.$SRAM_ITC.*))
                0x00000000                . = ALIGN (0x4)
                [!provide]                PROVIDE (__end_data_RAM2 = .)
                [!provide]                PROVIDE (__end_data_SRAM_ITC = .)

.data_RAM3      0x20200000        0x0 load address 0x7000aaf4
 FILL mask 0xff
                [!provide]                PROVIDE (__start_data_RAM3 = .)
                [!provide]                PROVIDE (__start_data_SRAM_OC = .)
 *(SORT_BY_ALIGNMENT(.ramfunc.$RAM3))
 *(SORT_BY_ALIGNMENT(.ramfunc.$SRAM_OC))
 *(SORT_BY_ALIGNMENT(.data.$RAM3))
 *(SORT_BY_ALIGNMENT(.data.$SRAM_OC))
 *(SORT_BY_ALIGNMENT(.data.$RAM3.*))
 *(SORT_BY_ALIGNMENT(.data.$SRAM_OC.*))
                0x20200000                . = ALIGN (0x4)
                [!provide]                PROVIDE (__end_data_RAM3 = .)
                [!provide]                PROVIDE (__end_data_SRAM_OC = .)

.data_RAM4      0x80000000      0x190 load address 0x7000aaf4
 FILL mask 0xff
                [!provide]                PROVIDE (__start_data_RAM4 = .)
                [!provide]                PROVIDE (__start_data_BOARD_SDRAM = .)
 *(SORT_BY_ALIGNMENT(.ramfunc.$RAM4))
 *(SORT_BY_ALIGNMENT(.ramfunc.$BOARD_SDRAM))
 *(SORT_BY_ALIGNMENT(.sdram))
 *(SORT_BY_ALIGNMENT(.data.$RAM4))
 .data.$RAM4    0x80000000      0x190 ./source/sdcard_fatfs_freertos.o
                0x80000000                sdram_data
 *(SORT_BY_ALIGNMENT(.data.$BOARD_SDRAM))
 *(SORT_BY_ALIGNMENT(.data.$RAM4.*))
 *(SORT_BY_ALIGNMENT(.data.$BOARD_SDRAM.*))
                0x80000190                . = ALIGN (0x4)
                [!provide]                PROVIDE (__end_data_RAM4 = .)
                [!provide]                PROVIDE (__end_data_BOARD_SDRAM = .)

.data_RAM5      0x81e00000        0x0 load address 0x7000ac84
 FILL mask 0xff
                [!provide]                PROVIDE (__start_data_RAM5 = .)
                [!provide]                PROVIDE (__start_data_NCACHE_REGION = .)
 *(SORT_BY_ALIGNMENT(.ramfunc.$RAM5))
 *(SORT_BY_ALIGNMENT(.ramfunc.$NCACHE_REGION))
 *(SORT_BY_ALIGNMENT(.data.$RAM5))
 *(SORT_BY_ALIGNMENT(.data.$NCACHE_REGION))
 *(SORT_BY_ALIGNMENT(.data.$RAM5.*))
 *(SORT_BY_ALIGNMENT(.data.$NCACHE_REGION.*))
                0x81e00000                . = ALIGN (0x4)
                [!provide]                PROVIDE (__end_data_RAM5 = .)
                [!provide]                PROVIDE (__end_data_NCACHE_REGION = .)

.uninit_RESERVED
                0x20000000        0x0
                0x20000000                _start_uninit_RESERVED = .
 *(SORT_BY_ALIGNMENT(.bss.$RESERVED*))
                0x20000000                . = ALIGN (0x4)
                0x20000000                _end_uninit_RESERVED = .

.data           0x20000000       0x2c load address 0x7000ac84
 FILL mask 0xff
                0x20000000                _data = .
                [!provide]                PROVIDE (__start_data_RAM = .)
                [!provide]                PROVIDE (__start_data_SRAM_DTC = .)
 *(SORT_BY_ALIGNMENT(vtable))
 *(SORT_BY_ALIGNMENT(.ramfunc*))
 *(SORT_BY_ALIGNMENT(CodeQuickAccess))
 *(SORT_BY_ALIGNMENT(DataQuickAccess))
 *(SORT_BY_ALIGNMENT(RamFunction))
 *(SORT_BY_ALIGNMENT(.data*))
 .data.xfer     0x20000000        0x8 ./source/sdcard_fatfs_freertos.o
                0x20000000                xfer
 .data.SystemCoreClock
                0x20000008        0x4 ./device/system_MIMXRT1064.o
                0x20000008                SystemCoreClock
 .data.SAI1_Tx_config
                0x2000000c       0x20 ./board/peripherals.o
                0x2000000c                SAI1_Tx_config
                0x2000002c                . = ALIGN (0x4)
                0x2000002c                _edata = .
                [!provide]                PROVIDE (__end_data_RAM = .)
                [!provide]                PROVIDE (__end_data_SRAM_DTC = .)

.igot.plt       0x2000002c        0x0 load address 0x7000acb0
 .igot.plt      0x2000002c        0x0 ./xip/fsl_flexspi_nor_boot.o

.bss_RAM2       0x00000000        0x0
                [!provide]                PROVIDE (__start_bss_RAM2 = .)
                [!provide]                PROVIDE (__start_bss_SRAM_ITC = .)
 *(SORT_BY_ALIGNMENT(.bss.$RAM2))
 *(SORT_BY_ALIGNMENT(.bss.$SRAM_ITC))
 *(SORT_BY_ALIGNMENT(.bss.$RAM2.*))
 *(SORT_BY_ALIGNMENT(.bss.$SRAM_ITC.*))
                0x00000000                . = ALIGN ((. != 0x0)?0x4:0x1)
                [!provide]                PROVIDE (__end_bss_RAM2 = .)
                [!provide]                PROVIDE (__end_bss_SRAM_ITC = .)

.bss_RAM3       0x20200000        0x0
                [!provide]                PROVIDE (__start_bss_RAM3 = .)
                [!provide]                PROVIDE (__start_bss_SRAM_OC = .)
 *(SORT_BY_ALIGNMENT(.bss.$RAM3))
 *(SORT_BY_ALIGNMENT(.bss.$SRAM_OC))
 *(SORT_BY_ALIGNMENT(.bss.$RAM3.*))
 *(SORT_BY_ALIGNMENT(.bss.$SRAM_OC.*))
                0x20200000                . = ALIGN ((. != 0x0)?0x4:0x1)
                [!provide]                PROVIDE (__end_bss_RAM3 = .)
                [!provide]                PROVIDE (__end_bss_SRAM_OC = .)

.bss_RAM4       0x80000190        0x0
                [!provide]                PROVIDE (__start_bss_RAM4 = .)
                [!provide]                PROVIDE (__start_bss_BOARD_SDRAM = .)
 *(SORT_BY_ALIGNMENT(.bss.$RAM4))
 *(SORT_BY_ALIGNMENT(.bss.$BOARD_SDRAM))
 *(SORT_BY_ALIGNMENT(.bss.$RAM4.*))
 *(SORT_BY_ALIGNMENT(.bss.$BOARD_SDRAM.*))
                0x80000190                . = ALIGN ((. != 0x0)?0x4:0x1)
                [!provide]                PROVIDE (__end_bss_RAM4 = .)
                [!provide]                PROVIDE (__end_bss_BOARD_SDRAM = .)

.bss_RAM5       0x81e00000        0x0
                [!provide]                PROVIDE (__start_bss_RAM5 = .)
                [!provide]                PROVIDE (__start_bss_NCACHE_REGION = .)
 *(SORT_BY_ALIGNMENT(.bss.$RAM5))
 *(SORT_BY_ALIGNMENT(.bss.$NCACHE_REGION))
 *(SORT_BY_ALIGNMENT(.bss.$RAM5.*))
 *(SORT_BY_ALIGNMENT(.bss.$NCACHE_REGION.*))
                0x81e00000                . = ALIGN ((. != 0x0)?0x4:0x1)
                [!provide]                PROVIDE (__end_bss_RAM5 = .)
                [!provide]                PROVIDE (__end_bss_NCACHE_REGION = .)

.bss            0x2000002c     0x3598
                0x2000002c                _bss = .
                [!provide]                PROVIDE (__start_bss_RAM = .)
                [!provide]                PROVIDE (__start_bss_SRAM_DTC = .)
 *(SORT_BY_ALIGNMENT(.bss*))
 .bss.s_buffer  0x2000002c     0x3200 ./source/sdcard_fatfs_freertos.o
                0x2000002c                s_buffer
 .bss.p_sai_data
                0x2000322c        0x4 ./source/sdcard_fatfs_freertos.o
                0x2000322c                p_sai_data
 .bss.pxCurrentTCB
                0x20003230        0x4 ./freertos/freertos_kernel/tasks.o
                0x20003230                pxCurrentTCB
 .bss.pxReadyTasksLists
                0x20003234       0x64 ./freertos/freertos_kernel/tasks.o
 .bss.pxDelayedTaskList
                0x20003298        0x4 ./freertos/freertos_kernel/tasks.o
 .bss.pxOverflowDelayedTaskList
                0x2000329c        0x4 ./freertos/freertos_kernel/tasks.o
 .bss.xTickCount
                0x200032a0        0x4 ./freertos/freertos_kernel/tasks.o
 .bss.uxTopReadyPriority
                0x200032a4        0x4 ./freertos/freertos_kernel/tasks.o
 .bss.xPendedTicks
                0x200032a8        0x4 ./freertos/freertos_kernel/tasks.o
 .bss.xYieldPending
                0x200032ac        0x4 ./freertos/freertos_kernel/tasks.o
 .bss.xNumOfOverflows
                0x200032b0        0x4 ./freertos/freertos_kernel/tasks.o
 .bss.xNextTaskUnblockTime
                0x200032b4        0x4 ./freertos/freertos_kernel/tasks.o
 .bss.uxSchedulerSuspended
                0x200032b8        0x4 ./freertos/freertos_kernel/tasks.o
 .bss.g_xtalFreq
                0x200032bc        0x4 ./drivers/fsl_clock.o
                0x200032bc                g_xtalFreq
 .bss.g_rtcXtalFreq