../usb/host/usb_host_ehci.c:988:17:USB_HostBandwidthComputeTime	24	static
../usb/host/usb_host_ehci.c:1051:13:USB_HostBandwidthFslsHostComputeCurrent	32	static
../usb/host/usb_host_ehci.c:1080:13:USB_HostBandwidthHsHostComputeCurrentFsls	40	static
../usb/host/usb_host_ehci.c:1153:13:USB_HostBandwidthHsHostComputeCurrentHsAll	40	static
../usb/host/usb_host_ehci.c:1249:21:USB_HostBandwidthHsHostAllocateHsCommon	48	static
../usb/host/usb_host_ehci.c:1536:21:USB_HostBandwidthHsHostAllocateInterrupt	64	static
../usb/host/usb_host_ehci.c:1708:21:USB_HostBandwidthFslsHostAllocate	40	static
../usb/host/usb_host_ehci.c:1759:16:USB_HostEhciGet2PowerValue	16	static
../usb/host/usb_host_ehci.c:1805:13:USB_HostEhciZeroMem	16	static
../usb/host/usb_host_ehci.c:1816:13:USB_HostEhciDelay	32	static
../usb/host/usb_host_ehci.c:1832:13:USB_HostEhciStartAsync	24	static
../usb/host/usb_host_ehci.c:1853:13:USB_HostEhciStopAsync	24	static
../usb/host/usb_host_ehci.c:1870:13:USB_HostEhciStartPeriodic	24	static
../usb/host/usb_host_ehci.c:1894:13:USB_HostEhciStopPeriodic	24	static
../usb/host/usb_host_ehci.c:1911:21:USB_HostEhciQhQtdListInit	64	static
../usb/host/usb_host_ehci.c:2132:17:USB_HostEhciQtdListRelease	32	static
../usb/host/usb_host_ehci.c:2176:21:USB_HostEhciQhQtdListDeinit	40	static
../usb/host/usb_host_ehci.c:2237:21:USB_HostEhciTransferQtdListDeinit	48	static
../usb/host/usb_host_ehci.c:2341:21:USB_HostEhciQhInit	48	static
../usb/host/usb_host_ehci.c:2446:21:USB_HostEhciQhDeinit	24	static
../usb/host/usb_host_ehci.c:2463:13:USB_HostEhciAddQhToFrame	40	static
../usb/host/usb_host_ehci.c:2506:13:USB_HostEhciRemoveFromFrame	40	static
../usb/host/usb_host_ehci.c:3158:21:USB_HostEhciOpenControlBulk	24	static
../usb/host/usb_host_ehci.c:3177:21:USB_HostEhciCloseControlBulk	32	static
../usb/host/usb_host_ehci.c:3227:21:USB_HostEhciOpenInterrupt	32	static
../usb/host/usb_host_ehci.c:3265:21:USB_HostEhciCloseInterrupt	24	static
../usb/host/usb_host_ehci.c:3358:21:USB_HostEhciResetIP	16	static
../usb/host/usb_host_ehci.c:3384:21:USB_HostEhciStartIP	24	static
../usb/host/usb_host_ehci.c:3436:21:USB_HostEhciCancelPipe	32	static
../usb/host/usb_host_ehci.c:3518:21:USB_HostEhciControlBus	24	static
../usb/host/usb_host_ehci.c:3610:6:USB_HostEhciTransactionDone	56	static
../usb/host/usb_host_ehci.c:3882:13:USB_HostEhciPortChange	32	static
../usb/host/usb_host_ehci.c:3987:13:USB_HostEhciTimer0	48	static
../usb/host/usb_host_ehci.c:4197:14:USB_HostEhciCreate	64	static
../usb/host/usb_host_ehci.c:4416:14:USB_HostEhciDestory	24	static
../usb/host/usb_host_ehci.c:4451:14:USB_HostEhciOpenPipe	48	static
../usb/host/usb_host_ehci.c:4575:14:USB_HostEhciClosePipe	40	static
../usb/host/usb_host_ehci.c:4644:14:USB_HostEhciWritePipe	40	static
../usb/host/usb_host_ehci.c:4694:14:USB_HostEhciReadpipe	24	static
../usb/host/usb_host_ehci.c:4701:14:USB_HostEhciIoctl	56	static
../usb/host/usb_host_ehci.c:4774:6:USB_HostEhciTaskFunction	40	static
../usb/host/usb_host_ehci.c:4842:6:USB_HostEhciIsrFunction	24	static
