../usb/host/usb_host_devices.c:186:13:USB_HostEnumerationTransferCallback	40	static
../usb/host/usb_host_devices.c:300:21:USB_HostProcessState	40	static
../usb/host/usb_host_devices.c:400:21:USB_HostProcessCallback	40	static
../usb/host/usb_host_devices.c:567:21:USB_HostNotifyDevice	40	static
../usb/host/usb_host_devices.c:639:16:USB_HostAllocateDeviceAddress	24	static
../usb/host/usb_host_devices.c:666:13:USB_HostReleaseDeviceAddress	16	static
../usb/host/usb_host_devices.c:674:21:USB_HostRemoveDeviceInstance	32	static
../usb/host/usb_host_devices.c:710:13:USB_HostReleaseDeviceResource	24	static
../usb/host/usb_host_devices.c:781:21:USB_HostParseDeviceConfigurationDescriptor	48	static
../usb/host/usb_host_devices.c:1024:14:USB_HostAttachDevice	48	static
../usb/host/usb_host_devices.c:1192:14:USB_HostDetachDevice	24	static
../usb/host/usb_host_devices.c:1225:14:USB_HostDetachDeviceInternal	24	static
../usb/host/usb_host_devices.c:1261:9:USB_HostGetDeviceAttachState	16	static
../usb/host/usb_host_devices.c:1266:14:USB_HostValidateDevice	24	static
../usb/host/usb_host_devices.c:1288:21:USB_HostControlBus	24	static
../usb/host/usb_host_devices.c:1304:14:USB_HostOpenDeviceInterface	32	static
../usb/host/usb_host_devices.c:1354:14:USB_HostCloseDeviceInterface	32	static
../usb/host/usb_host_devices.c:1437:14:USB_HostRemoveDevice	32	static
