../usb/host/usb_host_hci.c:167:29:USB_HostGetInstance	32	static
../usb/host/usb_host_hci.c:197:13:USB_HostReleaseInstance	24	static
../usb/host/usb_host_hci.c:205:13:USB_HostGetControllerInterface	16	static
../usb/host/usb_host_hci.c:237:14:USB_HostInit	40	static
../usb/host/usb_host_hci.c:311:14:USB_HostDeinit	32	static
../usb/host/usb_host_hci.c:351:14:USB_HostOpenPipe	32	static
../usb/host/usb_host_hci.c:369:14:USB_HostClosePipe	24	static
../usb/host/usb_host_hci.c:385:14:USB_HostSend	32	static
../usb/host/usb_host_hci.c:423:14:USB_HostSendSetup	32	static
../usb/host/usb_host_hci.c:473:14:USB_HostRecv	32	static
../usb/host/usb_host_hci.c:511:14:USB_HostCancelTransfer	40	static
../usb/host/usb_host_hci.c:537:14:USB_HostMallocTransfer	24	static
../usb/host/usb_host_hci.c:563:14:USB_HostFreeTransfer	24	static
../usb/host/usb_host_hci.c:584:14:USB_HostHelperGetPeripheralInformation	40	static
../usb/host/usb_host_hci.c:682:14:USB_HostHelperParseAlternateSetting	40	static
../usb/host/usb_host_hci.c:809:6:USB_HostGetVersion	16	static
