D:\Personal projects\Drum project\Desarrollo\RT1064\code\MIMXRT1064_Project_SD\drivers/fsl_common_arm.h:210:20:_SDK_AtomicLocalClearAndSet4Byte	48	static
D:\Personal projects\Drum project\Desarrollo\RT1064\code\MIMXRT1064_Project_SD\drivers/fsl_clock.h:1408:20:CLOCK_SetMux	24	static
D:\Personal projects\Drum project\Desarrollo\RT1064\code\MIMXRT1064_Project_SD\drivers/fsl_clock.h:1461:20:CLOCK_SetDiv	24	static
D:\Personal projects\Drum project\Desarrollo\RT1064\code\MIMXRT1064_Project_SD\drivers/fsl_clock.h:1497:20:CLOCK_ControlGate	32	static
D:\Personal projects\Drum project\Desarrollo\RT1064\code\MIMXRT1064_Project_SD\drivers/fsl_clock.h:1524:20:CLOCK_DisableClock	16	static
D:\Personal projects\Drum project\Desarrollo\RT1064\code\MIMXRT1064_Project_SD\drivers/fsl_clock.h:1664:20:CLOCK_SetXtalFreq	16	static
D:\Personal projects\Drum project\Desarrollo\RT1064\code\MIMXRT1064_Project_SD\drivers/fsl_clock.h:1731:20:CLOCK_SetPllBypass	24	static
D:\Personal projects\Drum project\Desarrollo\RT1064\code\MIMXRT1064_Project_SD\drivers/fsl_iomuxc.h:1347:20:IOMUXC_SetSaiMClkClockSource	24	static
D:\Personal projects\Drum project\Desarrollo\RT1064\code\MIMXRT1064_Project_SD\drivers/fsl_iomuxc.h:1407:20:IOMUXC_MQSConfig	24	static
../board/clock_config.c:39:6:BOARD_InitBootClocks	8	static
../board/clock_config.c:132:6:BOARD_BootClockRUN	8	static
